Archive member included to satisfy reference by file (symbol)

C:/Users/justi/.pico-sdk/toolchain/14_2_Rel1/bin/../lib/gcc/arm-none-eabi/14.2.1/thumb/v8-m.main+fp/softfp\libm.a(libm_a-wf_sqrt.o)
                              CMakeFiles/DCSBiosRP2350.dir/C_/Users/justi/.pico-sdk/sdk/2.1.1/src/rp2_common/pico_float/float_math.c.obj (sqrtf)
C:/Users/justi/.pico-sdk/toolchain/14_2_Rel1/bin/../lib/gcc/arm-none-eabi/14.2.1/thumb/v8-m.main+fp/softfp\libm.a(libm_a-ef_sqrt.o)
                              C:/Users/justi/.pico-sdk/toolchain/14_2_Rel1/bin/../lib/gcc/arm-none-eabi/14.2.1/thumb/v8-m.main+fp/softfp\libm.a(libm_a-wf_sqrt.o) (__ieee754_sqrtf)
C:/Users/justi/.pico-sdk/toolchain/14_2_Rel1/bin/../lib/gcc/arm-none-eabi/14.2.1/thumb/v8-m.main+fp/softfp\libgcc.a(_arm_addsubdf3.o)
                              CMakeFiles/DCSBiosRP2350.dir/C_/Users/justi/.pico-sdk/sdk/2.1.1/src/rp2_common/pico_float/float_math.c.obj (__aeabi_f2d)
C:/Users/justi/.pico-sdk/toolchain/14_2_Rel1/bin/../lib/gcc/arm-none-eabi/14.2.1/thumb/v8-m.main+fp/softfp\libgcc.a(_aeabi_ldivmod.o)
                              CMakeFiles/DCSBiosRP2350.dir/C_/Users/justi/.pico-sdk/sdk/2.1.1/src/common/pico_time/time.c.obj (__aeabi_ldivmod)
C:/Users/justi/.pico-sdk/toolchain/14_2_Rel1/bin/../lib/gcc/arm-none-eabi/14.2.1/thumb/v8-m.main+fp/softfp\libgcc.a(_aeabi_uldivmod.o)
                              CMakeFiles/DCSBiosRP2350.dir/Fox1_Panel1.cpp.obj (__aeabi_uldivmod)
C:/Users/justi/.pico-sdk/toolchain/14_2_Rel1/bin/../lib/gcc/arm-none-eabi/14.2.1/thumb/v8-m.main+fp/softfp\libgcc.a(_udivmoddi4.o)
                              C:/Users/justi/.pico-sdk/toolchain/14_2_Rel1/bin/../lib/gcc/arm-none-eabi/14.2.1/thumb/v8-m.main+fp/softfp\libgcc.a(_aeabi_ldivmod.o) (__udivmoddi4)
C:/Users/justi/.pico-sdk/toolchain/14_2_Rel1/bin/../lib/gcc/arm-none-eabi/14.2.1/thumb/v8-m.main+fp/softfp\libgcc.a(_dvmd_tls.o)
                              C:/Users/justi/.pico-sdk/toolchain/14_2_Rel1/bin/../lib/gcc/arm-none-eabi/14.2.1/thumb/v8-m.main+fp/softfp\libgcc.a(_aeabi_ldivmod.o) (__aeabi_ldiv0)
C:/Users/justi/.pico-sdk/toolchain/14_2_Rel1/bin/../lib/gcc/arm-none-eabi/14.2.1/thumb/v8-m.main+fp/softfp\libg.a(libc_a-calloc.o)
                              CMakeFiles/DCSBiosRP2350.dir/C_/Users/justi/.pico-sdk/sdk/2.1.1/src/rp2_common/pico_malloc/malloc.c.obj (calloc)
C:/Users/justi/.pico-sdk/toolchain/14_2_Rel1/bin/../lib/gcc/arm-none-eabi/14.2.1/thumb/v8-m.main+fp/softfp\libg.a(libc_a-callocr.o)
                              C:/Users/justi/.pico-sdk/toolchain/14_2_Rel1/bin/../lib/gcc/arm-none-eabi/14.2.1/thumb/v8-m.main+fp/softfp\libg.a(libc_a-calloc.o) (_calloc_r)
C:/Users/justi/.pico-sdk/toolchain/14_2_Rel1/bin/../lib/gcc/arm-none-eabi/14.2.1/thumb/v8-m.main+fp/softfp\libg.a(libc_a-malloc.o)
                              CMakeFiles/DCSBiosRP2350.dir/C_/Users/justi/.pico-sdk/sdk/2.1.1/src/rp2_common/pico_malloc/malloc.c.obj (malloc)
C:/Users/justi/.pico-sdk/toolchain/14_2_Rel1/bin/../lib/gcc/arm-none-eabi/14.2.1/thumb/v8-m.main+fp/softfp\libg.a(libc_a-mallocr.o)
                              C:/Users/justi/.pico-sdk/toolchain/14_2_Rel1/bin/../lib/gcc/arm-none-eabi/14.2.1/thumb/v8-m.main+fp/softfp\libg.a(libc_a-callocr.o) (_malloc_r)
C:/Users/justi/.pico-sdk/toolchain/14_2_Rel1/bin/../lib/gcc/arm-none-eabi/14.2.1/thumb/v8-m.main+fp/softfp\libg.a(libc_a-mlock.o)
                              C:/Users/justi/.pico-sdk/toolchain/14_2_Rel1/bin/../lib/gcc/arm-none-eabi/14.2.1/thumb/v8-m.main+fp/softfp\libg.a(libc_a-mallocr.o) (__malloc_lock)
C:/Users/justi/.pico-sdk/toolchain/14_2_Rel1/bin/../lib/gcc/arm-none-eabi/14.2.1/thumb/v8-m.main+fp/softfp\libg.a(libc_a-realloc.o)
                              CMakeFiles/DCSBiosRP2350.dir/C_/Users/justi/.pico-sdk/sdk/2.1.1/src/rp2_common/pico_malloc/malloc.c.obj (realloc)
C:/Users/justi/.pico-sdk/toolchain/14_2_Rel1/bin/../lib/gcc/arm-none-eabi/14.2.1/thumb/v8-m.main+fp/softfp\libg.a(libc_a-reallocr.o)
                              C:/Users/justi/.pico-sdk/toolchain/14_2_Rel1/bin/../lib/gcc/arm-none-eabi/14.2.1/thumb/v8-m.main+fp/softfp\libg.a(libc_a-realloc.o) (_realloc_r)
C:/Users/justi/.pico-sdk/toolchain/14_2_Rel1/bin/../lib/gcc/arm-none-eabi/14.2.1/thumb/v8-m.main+fp/softfp\libg.a(libc_a-ctype_.o)
                              CMakeFiles/DCSBiosRP2350.dir/C_/Users/justi/.pico-sdk/sdk/2.1.1/lib/tinyusb/src/tusb.c.obj (_ctype_)
C:/Users/justi/.pico-sdk/toolchain/14_2_Rel1/bin/../lib/gcc/arm-none-eabi/14.2.1/thumb/v8-m.main+fp/softfp\libg.a(libc_a-memcmp.o)
                              CMakeFiles/DCSBiosRP2350.dir/C_/Users/justi/.pico-sdk/sdk/2.1.1/src/rp2_common/pico_atomic/atomic.c.obj (memcmp)
C:/Users/justi/.pico-sdk/toolchain/14_2_Rel1/bin/../lib/gcc/arm-none-eabi/14.2.1/thumb/v8-m.main+fp/softfp\libg.a(libc_a-memmove.o)
                              C:/Users/justi/.pico-sdk/toolchain/14_2_Rel1/bin/../lib/gcc/arm-none-eabi/14.2.1/thumb/v8-m.main+fp/softfp\libg.a(libc_a-reallocr.o) (memmove)
[...]
Memory Configuration

Name             Origin             Length             Attributes
FLASH            0x10000000         0x00400000         xr
RAM              0x20000000         0x00080000         xrw
SCRATCH_X        0x20080000         0x00001000         xrw
SCRATCH_Y        0x20081000         0x00001000         xrw
*default*        0x00000000         0xffffffff

Linker script and memory map

LOAD C:/Users/justi/.pico-sdk/toolchain/14_2_Rel1/bin/../lib/gcc/arm-none-eabi/14.2.1/thumb/v8-m.main+fp/softfp/crti.o
LOAD C:/Users/justi/.pico-sdk/toolchain/14_2_Rel1/bin/../lib/gcc/arm-none-eabi/14.2.1/thumb/v8-m.main+fp/softfp/crtbegin.o
LOAD C:/Users/justi/.pico-sdk/toolchain/14_2_Rel1/bin/../lib/gcc/arm-none-eabi/14.2.1/thumb/v8-m.main+fp/softfp/crt0.o

.flash_begin    0x10000000        0x0
                0x10000000                        __flash_binary_start = .

.text           0x10000000     0x7c24
                0x10000000                        __logical_binary_start = .
 *(.vectors)
 .vectors       0x10000000      0x124 CMakeFiles/DCSBiosRP2350.dir/C_/Users/justi/.pico-sdk/sdk/2.1.1/src/rp2_common/pico_crt0/crt0.S.obj
                0x10000000                __VECTOR_TABLE
                0x10000000                __vectors
                0x10000110                __default_isrs_start
                0x10000110                isr_invalid
                0x10000112                isr_nmi
                0x10000114                isr_hardfault
                0x10000116                isr_svcall
                0x10000118                isr_pendsv
                0x1000011a                isr_systick
                0x1000011c                isr_irq31
                0x1000011c                isr_irq5
                0x1000011c                isr_irq11
                0x1000011c                isr_irq32
                0x1000011c                isr_irq23
                0x1000011c                isr_irq48
                0x1000011c                isr_irq35
                0x1000011c                isr_irq18
                0x1000011c                isr_irq50
                0x1000011c                isr_irq27
                0x1000011c                isr_irq40
                0x1000011c                isr_irq28
                0x1000011c                isr_irq19
                0x1000011c                isr_irq36
                0x1000011c                isr_irq41
                0x1000011c                isr_irq0
                0x1000011c                isr_irq6
                0x1000011c                isr_irq45
                0x1000011c                isr_irq12
                0x1000011c                isr_irq37
                0x1000011c                isr_irq42
                0x1000011c                isr_irq22
                0x1000011c                isr_irq43
                0x1000011c                isr_irq17
                0x1000011c                isr_irq38
                0x1000011c                isr_irq14
                0x1000011c                isr_irq13
                0x1000011c                isr_irq2
                0x1000011c                isr_irq10
                0x1000011c                isr_irq8
                0x1000011c                isr_irq24
                0x1000011c                isr_irq46
                0x1000011c                isr_irq1
                0x1000011c                isr_irq47
                0x1000011c                isr_irq51
                0x1000011c                isr_irq7
                0x1000011c                isr_irq21
                0x1000011c                isr_irq39
                0x1000011c                isr_irq20
                0x1000011c                isr_irq15
                0x1000011c                isr_irq25
                0x1000011c                isr_irq34
                0x1000011c                isr_irq49
                0x1000011c                __unhandled_user_irq
                0x1000011c                isr_irq4
                0x1000011c                isr_irq16
                0x1000011c                isr_irq44
                0x1000011c                isr_irq29
                0x1000011c                isr_irq26
                0x1000011c                __default_isrs_end
                0x1000011c                isr_irq33
                0x1000011c                isr_irq3
                0x1000011c                isr_irq30
                0x1000011c                isr_irq9
                0x10000122                unhandled_user_irq_num_in_r0
 *(.binary_info_header)
 .binary_info_header
                0x10000124       0x14 CMakeFiles/DCSBiosRP2350.dir/C_/Users/justi/.pico-sdk/sdk/2.1.1/src/rp2_common/pico_crt0/crt0.S.obj
                0x10000138                        __binary_info_header_end = .
 *(.embedded_block)
 .embedded_block
                0x10000138       0x14 CMakeFiles/DCSBiosRP2350.dir/C_/Users/justi/.pico-sdk/sdk/2.1.1/src/rp2_common/pico_crt0/crt0.S.obj
                0x1000014c                        __embedded_block_end = .
 *(.reset)
 .reset         0x1000014c       0xa0 CMakeFiles/DCSBiosRP2350.dir/C_/Users/justi/.pico-sdk/sdk/2.1.1/src/rp2_common/pico_crt0/crt0.S.obj
                0x1000014c                _entry_point
 *(.init)
 .init          0x100001ec        0x4 C:/Users/justi/.pico-sdk/toolchain/14_2_Rel1/bin/../lib/gcc/arm-none-eabi/14.2.1/thumb/v8-m.main+fp/softfp/crti.o
                0x100001ec                _init
 SORT_BY_NAME(REVERSE(*libgcc.a:cmse_nonsecure_call.o))()
 *(EXCLUDE_FILE(*libm.a: *libc.a:*lib_a-mem*.o *libgcc.a:) .text*)
 .text.register_tm_clones
                0x100001f0       0x28 C:/Users/justi/.pico-sdk/toolchain/14_2_Rel1/bin/../lib/gcc/arm-none-eabi/14.2.1/thumb/v8-m.main+fp/softfp/crtbegin.o
 .text.frame_dummy
                0x10000218       0x24 C:/Users/justi/.pico-sdk/toolchain/14_2_Rel1/bin/../lib/gcc/arm-none-eabi/14.2.1/thumb/v8-m.main+fp/softfp/crtbegin.o
 .text._ZN7DcsBios20ExportStreamListener14onDcsBiosWriteEjj
                0x1000023c        0x2 CMakeFiles/DCSBiosRP2350.dir/Fox1_Panel1.cpp.obj
                0x1000023c                DcsBios::ExportStreamListener::onDcsBiosWrite(unsigned int, unsigned int)
 .text._ZN7DcsBios20ExportStreamListener16onConsistentDataEv
                0x1000023e        0x2 CMakeFiles/DCSBiosRP2350.dir/Fox1_Panel1.cpp.obj
                0x1000023e                DcsBios::ExportStreamListener::onConsistentData()
 .text._ZN7DcsBios20ExportStreamListener4loopEv
                0x10000240        0x2 CMakeFiles/DCSBiosRP2350.dir/Fox1_Panel1.cpp.obj
                0x10000240                DcsBios::ExportStreamListener::loop()
 .text._ZN7DcsBios11Int16Buffer14onDcsBiosWriteEjj
                0x10000242       0x1a CMakeFiles/DCSBiosRP2350.dir/Fox1_Panel1.cpp.obj
                0x10000242                DcsBios::Int16Buffer::onDcsBiosWrite(unsigned int, unsigned int)
 .text._ZN7DcsBios15SwitchMultiPosTILm0ELi5EE10resetStateEv
                0x1000025c        0x8 CMakeFiles/DCSBiosRP2350.dir/Fox1_Panel1.cpp.obj
                0x1000025c                DcsBios::SwitchMultiPosT<0ul, 5>::resetState()
 .text._ZN7DcsBios15SwitchMultiPosTILm0ELi5EE14resetThisStateEv
                0x10000264       0x10 CMakeFiles/DCSBiosRP2350.dir/Fox1_Panel1.cpp.obj
                0x10000264                DcsBios::SwitchMultiPosT<0ul, 5>::resetThisState()
                0x1000026e                non-virtual thunk to DcsBios::SwitchMultiPosT<0ul, 5>::resetThisState()
 .text._ZN7DcsBios11Switch2PosTILm0EE10resetStateEv
                0x10000274       0x12 CMakeFiles/DCSBiosRP2350.dir/Fox1_Panel1.cpp.obj
                0x10000274                DcsBios::Switch2PosT<0ul>::resetState()
 .text._ZN7DcsBios11Switch2PosTILm0EE14resetThisStateEv
                0x10000286       0x10 CMakeFiles/DCSBiosRP2350.dir/Fox1_Panel1.cpp.obj
                0x10000286                DcsBios::Switch2PosT<0ul>::resetThisState()
                0x10000290                non-virtual thunk to DcsBios::Switch2PosT<0ul>::resetThisState()
 *fill*         0x10000296        0x2 
 .text._ZN7DcsBios10core1_taskEv
                0x10000298       0x50 CMakeFiles/DCSBiosRP2350.dir/Fox1_Panel1.cpp.obj
                0x10000298                DcsBios::core1_task()
 .text._ZN7DcsBios3LED4loopEv
                0x100002e8       0xd8 CMakeFiles/DCSBiosRP2350.dir/Fox1_Panel1.cpp.obj
                0x100002e8                DcsBios::LED::loop()
 .text._Z41__static_initialization_and_destruction_0v
                0x100003c0       0x40 CMakeFiles/DCSBiosRP2350.dir/Fox1_Panel1.cpp.obj
 .text._ZN7DcsBios20ExportStreamListenerC2Ett
                0x10000400       0x58 CMakeFiles/DCSBiosRP2350.dir/Fox1_Panel1.cpp.obj
                0x10000400                DcsBios::ExportStreamListener::ExportStreamListener(unsigned short, unsigned short)
                0x10000400                DcsBios::ExportStreamListener::ExportStreamListener(unsigned short, unsigned short)
 .text._ZN7DcsBios20ExportStreamListener7loopAllEv
                0x10000458       0x1c CMakeFiles/DCSBiosRP2350.dir/Fox1_Panel1.cpp.obj
                0x10000458                DcsBios::ExportStreamListener::loopAll()
 .text._ZN7DcsBios12PollingInput10pollInputsEv
                0x10000474       0x68 CMakeFiles/DCSBiosRP2350.dir/Fox1_Panel1.cpp.obj
                0x10000474                DcsBios::PollingInput::pollInputs()
 .text._ZN7DcsBios5setupEv
                0x100004dc       0x10 CMakeFiles/DCSBiosRP2350.dir/Fox1_Panel1.cpp.obj
                0x100004dc                DcsBios::setup()
 .text._ZN7DcsBios4loopEv
                0x100004ec       0x2c CMakeFiles/DCSBiosRP2350.dir/Fox1_Panel1.cpp.obj
                0x100004ec                DcsBios::loop()
 .text._ZN7DcsBios23tryToSendDcsBiosMessageEPKcS1_
                0x10000518       0x64 CMakeFiles/DCSBiosRP2350.dir/Fox1_Panel1.cpp.obj
                0x10000518                DcsBios::tryToSendDcsBiosMessage(char const*, char const*)
 .text._ZN7DcsBios3LEDC2EjjP7AW9523Bhbh
                0x1000057c       0x68 CMakeFiles/DCSBiosRP2350.dir/Fox1_Panel1.cpp.obj
                0x1000057c                DcsBios::LED::LED(unsigned int, unsigned int, AW9523B*, unsigned char, bool, unsigned char)
                0x1000057c                DcsBios::LED::LED(unsigned int, unsigned int, AW9523B*, unsigned char, bool, unsigned char)
 .text._Z9init_i2c0v
                0x100005e4       0x38 CMakeFiles/DCSBiosRP2350.dir/Fox1_Panel1.cpp.obj
                0x100005e4                init_i2c0()
 .text._Z25init_external_peripheralsv
                0x1000061c       0x58 CMakeFiles/DCSBiosRP2350.dir/Fox1_Panel1.cpp.obj
                0x1000061c                init_external_peripherals()
 .text._ZN7DcsBios15SwitchMultiPosTILm0ELi5EEC2EPKcP7AW9523BPKhm
                0x10000674       0x64 CMakeFiles/DCSBiosRP2350.dir/Fox1_Panel1.cpp.obj
                0x10000674                DcsBios::SwitchMultiPosT<0ul, 5>::SwitchMultiPosT(char const*, AW9523B*, unsigned char const*, unsigned long)
                0x10000674                DcsBios::SwitchMultiPosT<0ul, 5>::SwitchMultiPosT(char const*, AW9523B*, unsigned char const*, unsigned long)
 .text._ZN7DcsBios11Switch2PosTILm0EEC2EPKccbm
                0x100006d8       0x80 CMakeFiles/DCSBiosRP2350.dir/Fox1_Panel1.cpp.obj
                0x100006d8                DcsBios::Switch2PosT<0ul>::Switch2PosT(char const*, char, bool, unsigned long)
                0x100006d8                DcsBios::Switch2PosT<0ul>::Switch2PosT(char const*, char, bool, unsigned long)
 .text._ZN7DcsBios11Switch2PosTILm0EE9readInputEv
                0x10000758       0x2c CMakeFiles/DCSBiosRP2350.dir/Fox1_Panel1.cpp.obj
                0x10000758                DcsBios::Switch2PosT<0ul>::readInput()
 .text._ZN7DcsBios11Switch2PosTILm0EEC2EPKcP7AW9523Bhbm
                0x10000784       0x74 CMakeFiles/DCSBiosRP2350.dir/Fox1_Panel1.cpp.obj
                0x10000784                DcsBios::Switch2PosT<0ul>::Switch2PosT(char const*, AW9523B*, unsigned char, bool, unsigned long)
                0x10000784                DcsBios::Switch2PosT<0ul>::Switch2PosT(char const*, AW9523B*, unsigned char, bool, unsigned long)
 .text.main     0x100007f8      0x1a8 CMakeFiles/DCSBiosRP2350.dir/Fox1_Panel1.cpp.obj
                0x100007f8                main
 .text._ZN7DcsBios11Switch2PosTILm0EE9pollInputEv
                0x100009a0       0x7c CMakeFiles/DCSBiosRP2350.dir/Fox1_Panel1.cpp.obj
                0x100009a0                DcsBios::Switch2PosT<0ul>::pollInput()
 .text._ZN7DcsBios15SwitchMultiPosTILm0ELi5EE9readInputEh
                0x10000a1c       0x30 CMakeFiles/DCSBiosRP2350.dir/Fox1_Panel1.cpp.obj
                0x10000a1c                DcsBios::SwitchMultiPosT<0ul, 5>::readInput(unsigned char)
 .text._ZN7DcsBios15SwitchMultiPosTILm0ELi5EE9pollInputEv
                0x10000a4c       0x80 CMakeFiles/DCSBiosRP2350.dir/Fox1_Panel1.cpp.obj
                0x10000a4c                DcsBios::SwitchMultiPosT<0ul, 5>::pollInput()
 .text._GLOBAL__sub_I__ZN7DcsBios6parserE
                0x10000acc        0x8 CMakeFiles/DCSBiosRP2350.dir/Fox1_Panel1.cpp.obj
 .text._ZN7DcsBios14ProtocolParserC2Ev
                0x10000ad4       0x18 CMakeFiles/DCSBiosRP2350.dir/src/internal/Protocol.cpp.obj
                0x10000ad4                DcsBios::ProtocolParser::ProtocolParser()
                0x10000ad4                DcsBios::ProtocolParser::ProtocolParser()
 .text._ZN7DcsBios14ProtocolParser11processCharEh
                0x10000aec       0xfc CMakeFiles/DCSBiosRP2350.dir/src/internal/Protocol.cpp.obj
                0x10000aec                DcsBios::ProtocolParser::processChar(unsigned char)
 .text._ZN7AW9523BC2EP8i2c_insth
                0x10000be8        0x6 CMakeFiles/DCSBiosRP2350.dir/src/internal/aw9523b.cpp.obj
                0x10000be8                AW9523B::AW9523B(i2c_inst*, unsigned char)
                0x10000be8                AW9523B::AW9523B(i2c_inst*, unsigned char)
 .text._ZN7AW9523B13writeRegisterEhh
                0x10000bee       0x2a CMakeFiles/DCSBiosRP2350.dir/src/internal/aw9523b.cpp.obj
                0x10000bee                AW9523B::writeRegister(unsigned char, unsigned char)
 .text._ZN7AW9523B5beginEh
                0x10000c18       0x9a CMakeFiles/DCSBiosRP2350.dir/src/internal/aw9523b.cpp.obj
                0x10000c18                AW9523B::begin(unsigned char)
 .text._ZN7AW9523B12readRegisterEhPh
                0x10000cb2       0x40 CMakeFiles/DCSBiosRP2350.dir/src/internal/aw9523b.cpp.obj
                0x10000cb2                AW9523B::readRegister(unsigned char, unsigned char*)
 .text._ZN7AW9523B12setPinOutputEh
                0x10000cf2       0x42 CMakeFiles/DCSBiosRP2350.dir/src/internal/aw9523b.cpp.obj
                0x10000cf2                AW9523B::setPinOutput(unsigned char)
 .text._ZN7AW9523B11setPinInputEh
                0x10000d34       0x40 CMakeFiles/DCSBiosRP2350.dir/src/internal/aw9523b.cpp.obj
                0x10000d34                AW9523B::setPinInput(unsigned char)
 .text._ZN7AW9523B8writePinEhb
                0x10000d74       0x58 CMakeFiles/DCSBiosRP2350.dir/src/internal/aw9523b.cpp.obj
                0x10000d74                AW9523B::writePin(unsigned char, bool)
 .text._ZN7AW9523B7readPinEh
                0x10000dcc       0x2e CMakeFiles/DCSBiosRP2350.dir/src/internal/aw9523b.cpp.obj
                0x10000dcc                AW9523B::readPin(unsigned char)
 *fill*         0x10000dfa        0x2 
 .text._ZN7AW9523B16setLEDBrightnessEhh
                0x10000dfc       0x2c CMakeFiles/DCSBiosRP2350.dir/src/internal/aw9523b.cpp.obj
                0x10000dfc                AW9523B::setLEDBrightness(unsigned char, unsigned char)
 .text._ZN7AW9523B9enableLEDEh
                0x10000e28       0x48 CMakeFiles/DCSBiosRP2350.dir/src/internal/aw9523b.cpp.obj
                0x10000e28                AW9523B::enableLED(unsigned char)
 .text._ZN6WS28128setPixelEtm
                0x10000e70        0xe CMakeFiles/DCSBiosRP2350.dir/src/internal/ws2812.cpp.obj
                0x10000e70                WS2812::setPixel(unsigned short, unsigned long)
 *fill*         0x10000e7e        0x2 
 .text._ZN6WS28124showEv
                0x10000e80       0x98 CMakeFiles/DCSBiosRP2350.dir/src/internal/ws2812.cpp.obj
                0x10000e80                WS2812::show()
 .text._ZN6WS28123rgbEhhh
                0x10000f18        0xc CMakeFiles/DCSBiosRP2350.dir/src/internal/ws2812.cpp.obj
                0x10000f18                WS2812::rgb(unsigned char, unsigned char, unsigned char)
 .text._ZN7DcsBios13initHeartbeatEi
                0x10000f24       0x24 CMakeFiles/DCSBiosRP2350.dir/src/internal/heartbeat.cpp.obj
                0x10000f24                DcsBios::initHeartbeat(int)
 .text._ZN7DcsBios15updateHeartbeatEv
                0x10000f48       0x50 CMakeFiles/DCSBiosRP2350.dir/src/internal/heartbeat.cpp.obj
                0x10000f48                DcsBios::updateHeartbeat()
 .text._ZN7DcsBios21initDeviceAddressPinsEhhhh
                0x10000f98       0x34 CMakeFiles/DCSBiosRP2350.dir/src/internal/DeviceAddress.cpp.obj
                0x10000f98                DcsBios::initDeviceAddressPins(unsigned char, unsigned char, unsigned char, unsigned char)
 .text._ZN7DcsBios17readDeviceAddressEv
                0x10000fcc       0x34 CMakeFiles/DCSBiosRP2350.dir/src/internal/DeviceAddress.cpp.obj
                0x10000fcc                DcsBios::readDeviceAddress()
 .text._ZN7DcsBios18determineBoardModeEh
                0x10001000       0x38 CMakeFiles/DCSBiosRP2350.dir/src/internal/BoardMode.cpp.obj
                0x10001000                DcsBios::determineBoardMode(unsigned char)
 .text.uart_getc
                0x10001038       0x30 CMakeFiles/DCSBiosRP2350.dir/src/internal/rs485.cpp.obj
 .text._ZN7DcsBios15init_rs485_uartEP9uart_instjjjm
                0x10001068       0x54 CMakeFiles/DCSBiosRP2350.dir/src/internal/rs485.cpp.obj
                0x10001068                DcsBios::init_rs485_uart(uart_inst*, unsigned int, unsigned int, unsigned int, unsigned long)
 .text._ZN7DcsBios15rs485_tx_enableEv
                0x100010bc       0x14 CMakeFiles/DCSBiosRP2350.dir/src/internal/rs485.cpp.obj
                0x100010bc                DcsBios::rs485_tx_enable()
 .text._ZN7DcsBios16rs485_tx_disableEv
                0x100010d0       0x14 CMakeFiles/DCSBiosRP2350.dir/src/internal/rs485.cpp.obj
                0x100010d0                DcsBios::rs485_tx_disable()
 .text._ZN7DcsBios15rs485_send_charEc
                0x100010e4       0x48 CMakeFiles/DCSBiosRP2350.dir/src/internal/rs485.cpp.obj
                0x100010e4                DcsBios::rs485_send_char(char)
 .text._ZN7DcsBios11rs485_flushEv
                0x1000112c       0x24 CMakeFiles/DCSBiosRP2350.dir/src/internal/rs485.cpp.obj
                0x1000112c                DcsBios::rs485_flush()
 .text._ZN7DcsBios17rs485_send_stringEPKc
                0x10001150       0x54 CMakeFiles/DCSBiosRP2350.dir/src/internal/rs485.cpp.obj
                0x10001150                DcsBios::rs485_send_string(char const*)
 .text._ZN7DcsBios23rs485_receive_availableEv
                0x100011a4       0x18 CMakeFiles/DCSBiosRP2350.dir/src/internal/rs485.cpp.obj
                0x100011a4                DcsBios::rs485_receive_available()
 .text._ZN7DcsBios18rs485_receive_charEv
                0x100011bc       0x10 CMakeFiles/DCSBiosRP2350.dir/src/internal/rs485.cpp.obj
                0x100011bc                DcsBios::rs485_receive_char()
 .text._ZN7DcsBios15core1_host_taskEv
                0x100011cc       0xe4 CMakeFiles/DCSBiosRP2350.dir/src/internal/core1_tasks.cpp.obj
                0x100011cc                DcsBios::core1_host_task()
 .text._ZN7DcsBios16core1_slave_taskEv
                0x100012b0       0xbc CMakeFiles/DCSBiosRP2350.dir/src/internal/core1_tasks.cpp.obj
                0x100012b0                DcsBios::core1_slave_task()
 .text._ZN7DcsBios19core1_usb_only_taskEv
                0x1000136c       0x3e CMakeFiles/DCSBiosRP2350.dir/src/internal/core1_tasks.cpp.obj
                0x1000136c                DcsBios::core1_usb_only_task()
 *fill*         0x100013aa        0x2 
 .text._ZN7DcsBios25core1_rs485_terminal_taskEv
                0x100013ac       0xdc CMakeFiles/DCSBiosRP2350.dir/src/internal/core1_tasks.cpp.obj
                0x100013ac                DcsBios::core1_rs485_terminal_task()
 .text.gpio_set_function
                0x10001488       0x38 CMakeFiles/DCSBiosRP2350.dir/C_/Users/justi/.pico-sdk/sdk/2.1.1/src/rp2_common/hardware_gpio/gpio.c.obj
                0x10001488                gpio_set_function
 .text.gpio_set_pulls
                0x100014c0       0x38 CMakeFiles/DCSBiosRP2350.dir/C_/Users/justi/.pico-sdk/sdk/2.1.1/src/rp2_common/hardware_gpio/gpio.c.obj
                0x100014c0                gpio_set_pulls
 .text.gpio_init
                0x100014f8       0x16 CMakeFiles/DCSBiosRP2350.dir/C_/Users/justi/.pico-sdk/sdk/2.1.1/src/rp2_common/hardware_gpio/gpio.c.obj
                0x100014f8                gpio_init
 *fill*         0x1000150e        0x2 
 .text.panic    0x10001510       0x30 CMakeFiles/DCSBiosRP2350.dir/C_/Users/justi/.pico-sdk/sdk/2.1.1/src/rp2_common/pico_platform_panic/panic.c.obj
                0x10001510                panic
 .text.hw_claim_lock
                0x10001540       0x24 CMakeFiles/DCSBiosRP2350.dir/C_/Users/justi/.pico-sdk/sdk/2.1.1/src/common/hardware_claim/claim.c.obj
                0x10001540                hw_claim_lock
 .text.hw_claim_unlock
                0x10001564       0x14 CMakeFiles/DCSBiosRP2350.dir/C_/Users/justi/.pico-sdk/sdk/2.1.1/src/common/hardware_claim/claim.c.obj
                0x10001564                hw_claim_unlock
 .text.hw_claim_or_assert
                0x10001578       0x32 CMakeFiles/DCSBiosRP2350.dir/C_/Users/justi/.pico-sdk/sdk/2.1.1/src/common/hardware_claim/claim.c.obj
                0x10001578                hw_claim_or_assert
 .text.hw_claim_unused_from_range
                0x100015aa       0x4e CMakeFiles/DCSBiosRP2350.dir/C_/Users/justi/.pico-sdk/sdk/2.1.1/src/common/hardware_claim/claim.c.obj
                0x100015aa                hw_claim_unused_from_range
 .text.next_striped_spin_lock_num
                0x100015f8       0x1c CMakeFiles/DCSBiosRP2350.dir/C_/Users/justi/.pico-sdk/sdk/2.1.1/src/rp2_common/hardware_sync/sync.c.obj
                0x100015f8                next_striped_spin_lock_num
 .text.spin_lock_claim_unused
                0x10001614       0x24 CMakeFiles/DCSBiosRP2350.dir/C_/Users/justi/.pico-sdk/sdk/2.1.1/src/rp2_common/hardware_sync/sync.c.obj
                0x10001614                spin_lock_claim_unused
 .text.spinlock_set_extexclall
                0x10001638        0xe CMakeFiles/DCSBiosRP2350.dir/C_/Users/justi/.pico-sdk/sdk/2.1.1/src/rp2_common/hardware_sync_spin_lock/sync_spin_lock.c.obj
 *fill*         0x10001646        0x2 
 .text.spin_locks_reset
                0x10001648       0x1c CMakeFiles/DCSBiosRP2350.dir/C_/Users/justi/.pico-sdk/sdk/2.1.1/src/rp2_common/hardware_sync_spin_lock/sync_spin_lock.c.obj
                0x10001648                spin_locks_reset
 .text.set_raw_irq_handler_and_unlock
                0x10001664       0x24 CMakeFiles/DCSBiosRP2350.dir/C_/Users/justi/.pico-sdk/sdk/2.1.1/src/rp2_common/hardware_irq/irq.c.obj
 .text.nvic_ipr0
                0x10001688        0x8 CMakeFiles/DCSBiosRP2350.dir/C_/Users/justi/.pico-sdk/sdk/2.1.1/src/rp2_common/hardware_irq/irq.c.obj
 .text.runtime_init_per_core_irq_priorities
                0x10001690       0x1a CMakeFiles/DCSBiosRP2350.dir/C_/Users/justi/.pico-sdk/sdk/2.1.1/src/rp2_common/hardware_irq/irq.c.obj
                0x10001690                runtime_init_per_core_irq_priorities
 *fill*         0x100016aa        0x2 
 .text.resolve_j_16
                0x100016ac       0x40 CMakeFiles/DCSBiosRP2350.dir/C_/Users/justi/.pico-sdk/sdk/2.1.1/src/rp2_common/hardware_irq/irq.c.obj
 .text.make_j_16
                0x100016ec       0x3c CMakeFiles/DCSBiosRP2350.dir/C_/Users/justi/.pico-sdk/sdk/2.1.1/src/rp2_common/hardware_irq/irq.c.obj
 .text.irq_is_enabled
                0x10001728       0x20 CMakeFiles/DCSBiosRP2350.dir/C_/Users/justi/.pico-sdk/sdk/2.1.1/src/rp2_common/hardware_irq/irq.c.obj
                0x10001728                irq_is_enabled
 .text.irq_set_mask_n_enabled
                0x10001748       0x20 CMakeFiles/DCSBiosRP2350.dir/C_/Users/justi/.pico-sdk/sdk/2.1.1/src/rp2_common/hardware_irq/irq.c.obj
                0x10001748                irq_set_mask_n_enabled
 .text.irq_set_enabled
                0x10001768       0x14 CMakeFiles/DCSBiosRP2350.dir/C_/Users/justi/.pico-sdk/sdk/2.1.1/src/rp2_common/hardware_irq/irq.c.obj
                0x10001768                irq_set_enabled
 .text.irq_set_pending
                0x1000177c       0x18 CMakeFiles/DCSBiosRP2350.dir/C_/Users/justi/.pico-sdk/sdk/2.1.1/src/rp2_common/hardware_irq/irq.c.obj
                0x1000177c                irq_set_pending
 .text.irq_get_vtable_handler
                0x10001794       0x10 CMakeFiles/DCSBiosRP2350.dir/C_/Users/justi/.pico-sdk/sdk/2.1.1/src/rp2_common/hardware_irq/irq.c.obj
                0x10001794                irq_get_vtable_handler
 .text.irq_has_shared_handler
                0x100017a4       0x18 CMakeFiles/DCSBiosRP2350.dir/C_/Users/justi/.pico-sdk/sdk/2.1.1/src/rp2_common/hardware_irq/irq.c.obj
                0x100017a4                irq_has_shared_handler
 .text.irq_set_exclusive_handler
                0x100017bc       0x60 CMakeFiles/DCSBiosRP2350.dir/C_/Users/justi/.pico-sdk/sdk/2.1.1/src/rp2_common/hardware_irq/irq.c.obj
                0x100017bc                irq_set_exclusive_handler
 .text.irq_add_shared_handler
                0x1000181c      0x234 CMakeFiles/DCSBiosRP2350.dir/C_/Users/justi/.pico-sdk/sdk/2.1.1/src/rp2_common/hardware_irq/irq.c.obj
                0x1000181c                irq_add_shared_handler
 .text.irq_add_tail_to_free_list
                0x10001a50       0xf8 CMakeFiles/DCSBiosRP2350.dir/C_/Users/justi/.pico-sdk/sdk/2.1.1/src/rp2_common/hardware_irq/irq.c.obj
                0x10001a50                irq_add_tail_to_free_list
 .text.user_irq_claim_unused
                0x10001b48       0x2c CMakeFiles/DCSBiosRP2350.dir/C_/Users/justi/.pico-sdk/sdk/2.1.1/src/rp2_common/hardware_irq/irq.c.obj
                0x10001b48                user_irq_claim_unused
 .text.lock_init
                0x10001b74        0xc CMakeFiles/DCSBiosRP2350.dir/C_/Users/justi/.pico-sdk/sdk/2.1.1/src/common/pico_sync/lock_core.c.obj
                0x10001b74                lock_init
 .text.mutex_init
                0x10001b80       0x1a CMakeFiles/DCSBiosRP2350.dir/C_/Users/justi/.pico-sdk/sdk/2.1.1/src/common/pico_sync/mutex.c.obj
                0x10001b80                mutex_init
 .text.recursive_mutex_init
                0x10001b9a       0x1e CMakeFiles/DCSBiosRP2350.dir/C_/Users/justi/.pico-sdk/sdk/2.1.1/src/common/pico_sync/mutex.c.obj
                0x10001b9a                recursive_mutex_init
 .text.runtime_init_mutex
                0x10001bb8       0x4c CMakeFiles/DCSBiosRP2350.dir/C_/Users/justi/.pico-sdk/sdk/2.1.1/src/common/pico_sync/mutex.c.obj
                0x10001bb8                runtime_init_mutex
 .text.critical_section_init_with_lock_num
                0x10001c04       0x10 CMakeFiles/DCSBiosRP2350.dir/C_/Users/justi/.pico-sdk/sdk/2.1.1/src/common/pico_sync/critical_section.c.obj
                0x10001c04                critical_section_init_with_lock_num
 .text.critical_section_init
                0x10001c14       0x14 CMakeFiles/DCSBiosRP2350.dir/C_/Users/justi/.pico-sdk/sdk/2.1.1/src/common/pico_sync/critical_section.c.obj
                0x10001c14                critical_section_init
 .text.ta_from_current_irq
                0x10001c28       0x24 CMakeFiles/DCSBiosRP2350.dir/C_/Users/justi/.pico-sdk/sdk/2.1.1/src/common/pico_time/time.c.obj
 .text.ta_set_timeout
                0x10001c4c       0x2a CMakeFiles/DCSBiosRP2350.dir/C_/Users/justi/.pico-sdk/sdk/2.1.1/src/common/pico_time/time.c.obj
 .text.make_alarm_id
                0x10001c76        0x6 CMakeFiles/DCSBiosRP2350.dir/C_/Users/justi/.pico-sdk/sdk/2.1.1/src/common/pico_time/time.c.obj
 .text.sleep_until_callback
                0x10001c7c       0x3c CMakeFiles/DCSBiosRP2350.dir/C_/Users/justi/.pico-sdk/sdk/2.1.1/src/common/pico_time/time.c.obj
 .text.alarm_pool_irq_handler
                0x10001cb8      0x2ec CMakeFiles/DCSBiosRP2350.dir/C_/Users/justi/.pico-sdk/sdk/2.1.1/src/common/pico_time/time.c.obj
 .text.ta_enable_irq_handler
                0x10001fa4       0x38 CMakeFiles/DCSBiosRP2350.dir/C_/Users/justi/.pico-sdk/sdk/2.1.1/src/common/pico_time/time.c.obj
 .text.alarm_pool_post_alloc_init
                0x10001fdc       0x7c CMakeFiles/DCSBiosRP2350.dir/C_/Users/justi/.pico-sdk/sdk/2.1.1/src/common/pico_time/time.c.obj
 .text.alarm_pool_get_default
                0x10002058       0x28 CMakeFiles/DCSBiosRP2350.dir/C_/Users/justi/.pico-sdk/sdk/2.1.1/src/common/pico_time/time.c.obj
                0x10002058                alarm_pool_get_default
 .text.alarm_pool_add_alarm_at_force_in_context
                0x10002080       0xc0 CMakeFiles/DCSBiosRP2350.dir/C_/Users/justi/.pico-sdk/sdk/2.1.1/src/common/pico_time/time.c.obj
                0x10002080                alarm_pool_add_alarm_at_force_in_context
 .text.alarm_pool_add_alarm_at
                0x10002140       0x38 CMakeFiles/DCSBiosRP2350.dir/C_/Users/justi/.pico-sdk/sdk/2.1.1/src/common/pico_time/time.c.obj
                0x10002140                alarm_pool_add_alarm_at
 .text.add_alarm_at
                0x10002178       0x26 CMakeFiles/DCSBiosRP2350.dir/C_/Users/justi/.pico-sdk/sdk/2.1.1/src/common/pico_time/time.c.obj
 .text.alarm_pool_cancel_alarm
                0x1000219e       0x72 CMakeFiles/DCSBiosRP2350.dir/C_/Users/justi/.pico-sdk/sdk/2.1.1/src/common/pico_time/time.c.obj
                0x1000219e                alarm_pool_cancel_alarm
 .text.cancel_alarm
                0x10002210       0x10 CMakeFiles/DCSBiosRP2350.dir/C_/Users/justi/.pico-sdk/sdk/2.1.1/src/common/pico_time/time.c.obj
 .text.alarm_pool_core_num
                0x10002220        0x4 CMakeFiles/DCSBiosRP2350.dir/C_/Users/justi/.pico-sdk/sdk/2.1.1/src/common/pico_time/time.c.obj
                0x10002220                alarm_pool_core_num
 .text.sleep_until
                0x10002224       0xb4 CMakeFiles/DCSBiosRP2350.dir/C_/Users/justi/.pico-sdk/sdk/2.1.1/src/common/pico_time/time.c.obj
                0x10002224                sleep_until
 .text.sleep_us
                0x100022d8       0x24 CMakeFiles/DCSBiosRP2350.dir/C_/Users/justi/.pico-sdk/sdk/2.1.1/src/common/pico_time/time.c.obj
                0x100022d8                sleep_us
 .text.sleep_ms
                0x100022fc       0x28 CMakeFiles/DCSBiosRP2350.dir/C_/Users/justi/.pico-sdk/sdk/2.1.1/src/common/pico_time/time.c.obj
                0x100022fc                sleep_ms
 .text.best_effort_wfe_or_timeout
                0x10002324       0xfc CMakeFiles/DCSBiosRP2350.dir/C_/Users/justi/.pico-sdk/sdk/2.1.1/src/common/pico_time/time.c.obj
                0x10002324                best_effort_wfe_or_timeout
 .text.alarm_pool_get_default_timer
                0x10002420        0x8 CMakeFiles/DCSBiosRP2350.dir/C_/Users/justi/.pico-sdk/sdk/2.1.1/src/common/pico_time/time.c.obj
                0x10002420                alarm_pool_get_default_timer
 .text.runtime_init_default_alarm_pool
                0x10002428       0x34 CMakeFiles/DCSBiosRP2350.dir/C_/Users/justi/.pico-sdk/sdk/2.1.1/src/common/pico_time/time.c.obj
                0x10002428                runtime_init_default_alarm_pool
 .text.timer_hardware_alarm_claim
                0x1000245c       0x24 CMakeFiles/DCSBiosRP2350.dir/C_/Users/justi/.pico-sdk/sdk/2.1.1/src/rp2_common/hardware_timer/timer.c.obj
                0x1000245c                timer_hardware_alarm_claim
 .text.timer_time_us_64
                0x10002480       0x10 CMakeFiles/DCSBiosRP2350.dir/C_/Users/justi/.pico-sdk/sdk/2.1.1/src/rp2_common/hardware_timer/timer.c.obj
                0x10002480                timer_time_us_64
 .text.timer_busy_wait_until
                0x10002490       0x1a CMakeFiles/DCSBiosRP2350.dir/C_/Users/justi/.pico-sdk/sdk/2.1.1/src/rp2_common/hardware_timer/timer.c.obj
                0x10002490                timer_busy_wait_until
 .text.timer_busy_wait_us
                0x100024aa       0x28 CMakeFiles/DCSBiosRP2350.dir/C_/Users/justi/.pico-sdk/sdk/2.1.1/src/rp2_common/hardware_timer/timer.c.obj
                0x100024aa                timer_busy_wait_us
 *fill*         0x100024d2        0x2 
 .text.time_us_64
                0x100024d4       0x10 CMakeFiles/DCSBiosRP2350.dir/C_/Users/justi/.pico-sdk/sdk/2.1.1/src/rp2_common/hardware_timer/timer.c.obj
                0x100024d4                time_us_64
 .text.busy_wait_us
                0x100024e4       0x14 CMakeFiles/DCSBiosRP2350.dir/C_/Users/justi/.pico-sdk/sdk/2.1.1/src/rp2_common/hardware_timer/timer.c.obj
                0x100024e4                busy_wait_us
 .text.busy_wait_until
                0x100024f8       0x14 CMakeFiles/DCSBiosRP2350.dir/C_/Users/justi/.pico-sdk/sdk/2.1.1/src/rp2_common/hardware_timer/timer.c.obj
                0x100024f8                busy_wait_until
 .text.uart_unreset
                0x1000250c       0x2c CMakeFiles/DCSBiosRP2350.dir/C_/Users/justi/.pico-sdk/sdk/2.1.1/src/rp2_common/hardware_uart/uart.c.obj
 .text.uart_disable_before_lcr_write
                0x10002538       0x40 CMakeFiles/DCSBiosRP2350.dir/C_/Users/justi/.pico-sdk/sdk/2.1.1/src/rp2_common/hardware_uart/uart.c.obj
 .text.uart_write_lcr_bits_masked
                0x10002578       0x1c CMakeFiles/DCSBiosRP2350.dir/C_/Users/justi/.pico-sdk/sdk/2.1.1/src/rp2_common/hardware_uart/uart.c.obj
 .text.uart_set_baudrate
                0x10002594       0x52 CMakeFiles/DCSBiosRP2350.dir/C_/Users/justi/.pico-sdk/sdk/2.1.1/src/rp2_common/hardware_uart/uart.c.obj
                0x10002594                uart_set_baudrate
 .text.uart_set_format
                0x100025e6       0x2c CMakeFiles/DCSBiosRP2350.dir/C_/Users/justi/.pico-sdk/sdk/2.1.1/src/rp2_common/hardware_uart/uart.c.obj
                0x100025e6                uart_set_format
 .text.uart_set_fifo_enabled
                0x10002612        0xe CMakeFiles/DCSBiosRP2350.dir/C_/Users/justi/.pico-sdk/sdk/2.1.1/src/rp2_common/hardware_uart/uart.c.obj
                0x10002612                uart_set_fifo_enabled
 .text.uart_set_translate_crlf
                0x10002620       0x24 CMakeFiles/DCSBiosRP2350.dir/C_/Users/justi/.pico-sdk/sdk/2.1.1/src/rp2_common/hardware_uart/uart.c.obj
                0x10002620                uart_set_translate_crlf
 .text.uart_init
                0x10002644       0x5c CMakeFiles/DCSBiosRP2350.dir/C_/Users/justi/.pico-sdk/sdk/2.1.1/src/rp2_common/hardware_uart/uart.c.obj
                0x10002644                uart_init
 .text.clock_configure_internal
                0x100026a0       0xb8 CMakeFiles/DCSBiosRP2350.dir/C_/Users/justi/.pico-sdk/sdk/2.1.1/src/rp2_common/hardware_clocks/clocks.c.obj
 .text.clock_configure_undivided
                0x10002758       0x12 CMakeFiles/DCSBiosRP2350.dir/C_/Users/justi/.pico-sdk/sdk/2.1.1/src/rp2_common/hardware_clocks/clocks.c.obj
                0x10002758                clock_configure_undivided
 *fill*         0x1000276a        0x2 
 .text.clock_get_hz
                0x1000276c        0xc CMakeFiles/DCSBiosRP2350.dir/C_/Users/justi/.pico-sdk/sdk/2.1.1/src/rp2_common/hardware_clocks/clocks.c.obj
                0x1000276c                clock_get_hz
 .text.pll_init
                0x10002778      0x108 CMakeFiles/DCSBiosRP2350.dir/C_/Users/justi/.pico-sdk/sdk/2.1.1/src/rp2_common/hardware_pll/pll.c.obj
                0x10002778                pll_init
 .text.rom_get_sys_info
                0x10002880       0x38 CMakeFiles/DCSBiosRP2350.dir/C_/Users/justi/.pico-sdk/sdk/2.1.1/src/rp2_common/hardware_watchdog/watchdog.c.obj
 .text.rom_get_last_boot_type_with_chained_flag
                0x100028b8       0x2e CMakeFiles/DCSBiosRP2350.dir/C_/Users/justi/.pico-sdk/sdk/2.1.1/src/rp2_common/hardware_watchdog/watchdog.c.obj
 *fill*         0x100028e6        0x2 
 .text.watchdog_update
                0x100028e8       0x14 CMakeFiles/DCSBiosRP2350.dir/C_/Users/justi/.pico-sdk/sdk/2.1.1/src/rp2_common/hardware_watchdog/watchdog.c.obj
                0x100028e8                watchdog_update
 .text._watchdog_enable
                0x100028fc       0x6c CMakeFiles/DCSBiosRP2350.dir/C_/Users/justi/.pico-sdk/sdk/2.1.1/src/rp2_common/hardware_watchdog/watchdog.c.obj
                0x100028fc                _watchdog_enable
 .text.watchdog_enable
                0x10002968       0x18 CMakeFiles/DCSBiosRP2350.dir/C_/Users/justi/.pico-sdk/sdk/2.1.1/src/rp2_common/hardware_watchdog/watchdog.c.obj
                0x10002968                watchdog_enable
 .text.watchdog_reboot
                0x10002980       0x44 CMakeFiles/DCSBiosRP2350.dir/C_/Users/justi/.pico-sdk/sdk/2.1.1/src/rp2_common/hardware_watchdog/watchdog.c.obj
                0x10002980                watchdog_reboot
 .text.watchdog_caused_reboot
                0x100029c4       0x2c CMakeFiles/DCSBiosRP2350.dir/C_/Users/justi/.pico-sdk/sdk/2.1.1/src/rp2_common/hardware_watchdog/watchdog.c.obj
                0x100029c4                watchdog_caused_reboot
 .text.tick_start
                0x100029f0       0x1c CMakeFiles/DCSBiosRP2350.dir/C_/Users/justi/.pico-sdk/sdk/2.1.1/src/rp2_common/hardware_ticks/ticks.c.obj
                0x100029f0                tick_start
 .text.rom_reboot
                0x10002a0c       0x40 CMakeFiles/DCSBiosRP2350.dir/C_/Users/justi/.pico-sdk/sdk/2.1.1/src/rp2_common/pico_bootrom/bootrom.c.obj
 .text.rom_func_lookup
                0x10002a4c       0x1e CMakeFiles/DCSBiosRP2350.dir/C_/Users/justi/.pico-sdk/sdk/2.1.1/src/rp2_common/pico_bootrom/bootrom.c.obj
                0x10002a4c                rom_func_lookup
 .text.rom_reset_usb_boot_extra
                0x10002a6a       0x20 CMakeFiles/DCSBiosRP2350.dir/C_/Users/justi/.pico-sdk/sdk/2.1.1/src/rp2_common/pico_bootrom/bootrom.c.obj
                0x10002a6a                rom_reset_usb_boot_extra
 *fill*         0x10002a8a        0x2 
 .text.runtime_init_bootrom_locking_enable
                0x10002a8c       0x14 CMakeFiles/DCSBiosRP2350.dir/C_/Users/justi/.pico-sdk/sdk/2.1.1/src/rp2_common/pico_bootrom/bootrom_lock.c.obj
                0x10002a8c                runtime_init_bootrom_locking_enable
 .text.boot_locks_reset
                0x10002aa0       0x20 CMakeFiles/DCSBiosRP2350.dir/C_/Users/justi/.pico-sdk/sdk/2.1.1/src/rp2_common/hardware_boot_lock/boot_lock.c.obj
                0x10002aa0                boot_locks_reset
 .text.runtime_init_boot_locks_reset
                0x10002ac0        0x8 CMakeFiles/DCSBiosRP2350.dir/C_/Users/justi/.pico-sdk/sdk/2.1.1/src/rp2_common/hardware_boot_lock/boot_lock.c.obj
                0x10002ac0                runtime_init_boot_locks_reset
 .text.xosc_init
                0x10002ac8       0x28 CMakeFiles/DCSBiosRP2350.dir/C_/Users/justi/.pico-sdk/sdk/2.1.1/src/rp2_common/hardware_xosc/xosc.c.obj
                0x10002ac8                xosc_init
 .text.runtime_run_initializers_from
                0x10002af0       0x18 CMakeFiles/DCSBiosRP2350.dir/C_/Users/justi/.pico-sdk/sdk/2.1.1/src/rp2_common/pico_runtime/runtime.c.obj
 .text.first_per_core_initializer
                0x10002b08        0x2 CMakeFiles/DCSBiosRP2350.dir/C_/Users/justi/.pico-sdk/sdk/2.1.1/src/rp2_common/pico_runtime/runtime.c.obj
 *fill*         0x10002b0a        0x2 
 .text.runtime_run_initializers
                0x10002b0c       0x10 CMakeFiles/DCSBiosRP2350.dir/C_/Users/justi/.pico-sdk/sdk/2.1.1/src/rp2_common/pico_runtime/runtime.c.obj
                0x10002b0c                runtime_run_initializers
 .text.runtime_run_per_core_initializers
                0x10002b1c       0x10 CMakeFiles/DCSBiosRP2350.dir/C_/Users/justi/.pico-sdk/sdk/2.1.1/src/rp2_common/pico_runtime/runtime.c.obj
                0x10002b1c                runtime_run_per_core_initializers
 .text.runtime_init_early_resets
                0x10002b2c       0x2c CMakeFiles/DCSBiosRP2350.dir/C_/Users/justi/.pico-sdk/sdk/2.1.1/src/rp2_common/pico_runtime_init/runtime_init.c.obj
                0x10002b2c                runtime_init_early_resets
 .text.runtime_init_usb_power_down
                0x10002b58       0x20 CMakeFiles/DCSBiosRP2350.dir/C_/Users/justi/.pico-sdk/sdk/2.1.1/src/rp2_common/pico_runtime_init/runtime_init.c.obj
                0x10002b58                runtime_init_usb_power_down
 .text.runtime_init_per_core_enable_coprocessors
                0x10002b78       0x1c CMakeFiles/DCSBiosRP2350.dir/C_/Users/justi/.pico-sdk/sdk/2.1.1/src/rp2_common/pico_runtime_init/runtime_init.c.obj
                0x10002b78                runtime_init_per_core_enable_coprocessors
 .text.runtime_init_post_clock_resets
                0x10002b94       0x20 CMakeFiles/DCSBiosRP2350.dir/C_/Users/justi/.pico-sdk/sdk/2.1.1/src/rp2_common/pico_runtime_init/runtime_init.c.obj
                0x10002b94                runtime_init_post_clock_resets
 .text.runtime_init_bootrom_reset
                0x10002bb4       0x12 CMakeFiles/DCSBiosRP2350.dir/C_/Users/justi/.pico-sdk/sdk/2.1.1/src/rp2_common/pico_runtime_init/runtime_init.c.obj
                0x10002bb4                runtime_init_bootrom_reset
 .text.runtime_init_per_core_bootrom_reset
                0x10002bc6       0x12 CMakeFiles/DCSBiosRP2350.dir/C_/Users/justi/.pico-sdk/sdk/2.1.1/src/rp2_common/pico_runtime_init/runtime_init.c.obj
                0x10002bc6                runtime_init_per_core_bootrom_reset
 .text.runtime_init_spin_locks_reset
                0x10002bd8        0x8 CMakeFiles/DCSBiosRP2350.dir/C_/Users/justi/.pico-sdk/sdk/2.1.1/src/rp2_common/pico_runtime_init/runtime_init.c.obj
                0x10002bd8                runtime_init_spin_locks_reset
 .text.runtime_init_install_ram_vector_table
                0x10002be0       0x20 CMakeFiles/DCSBiosRP2350.dir/C_/Users/justi/.pico-sdk/sdk/2.1.1/src/rp2_common/pico_runtime_init/runtime_init.c.obj
                0x10002be0                runtime_init_install_ram_vector_table
 .text.start_all_ticks
                0x10002c00       0x28 CMakeFiles/DCSBiosRP2350.dir/C_/Users/justi/.pico-sdk/sdk/2.1.1/src/rp2_common/pico_runtime_init/runtime_init_clocks.c.obj
 .text.runtime_init_clocks
                0x10002c28       0xc4 CMakeFiles/DCSBiosRP2350.dir/C_/Users/justi/.pico-sdk/sdk/2.1.1/src/rp2_common/pico_runtime_init/runtime_init_clocks.c.obj
                0x10002c28                runtime_init_clocks
 .text.__rp2350_dcp_engaged_state_save_restore
                0x10002cec       0x3a CMakeFiles/DCSBiosRP2350.dir/C_/Users/justi/.pico-sdk/sdk/2.1.1/src/rp2_common/pico_double/double_aeabi_dcp.S.obj
 *fill*         0x10002d26        0x2 
 .text.__wrap___aeabi_dadd
                0x10002d28       0x28 CMakeFiles/DCSBiosRP2350.dir/C_/Users/justi/.pico-sdk/sdk/2.1.1/src/rp2_common/pico_double/double_aeabi_dcp.S.obj
                0x10002d30                __wrap___aeabi_dadd
 .text.__wrap___aeabi_dsub
                0x10002d50       0x28 CMakeFiles/DCSBiosRP2350.dir/C_/Users/justi/.pico-sdk/sdk/2.1.1/src/rp2_common/pico_double/double_aeabi_dcp.S.obj
                0x10002d58                __wrap___aeabi_dsub
 .text.__wrap___aeabi_dmul
                0x10002d78       0x4c CMakeFiles/DCSBiosRP2350.dir/C_/Users/justi/.pico-sdk/sdk/2.1.1/src/rp2_common/pico_double/double_aeabi_dcp.S.obj
                0x10002d80                __wrap___aeabi_dmul
 .text.__wrap___aeabi_ddiv
                0x10002dc4       0x9c CMakeFiles/DCSBiosRP2350.dir/C_/Users/justi/.pico-sdk/sdk/2.1.1/src/rp2_common/pico_double/double_aeabi_dcp.S.obj
                0x10002dcc                __wrap___aeabi_ddiv
 .text.__wrap___aeabi_i2d
                0x10002e60       0x24 CMakeFiles/DCSBiosRP2350.dir/C_/Users/justi/.pico-sdk/sdk/2.1.1/src/rp2_common/pico_double/double_aeabi_dcp.S.obj
                0x10002e68                int2double
                0x10002e68                __wrap___aeabi_i2d
 .text.__wrap___aeabi_ui2d
                0x10002e84       0x24 CMakeFiles/DCSBiosRP2350.dir/C_/Users/justi/.pico-sdk/sdk/2.1.1/src/rp2_common/pico_double/double_aeabi_dcp.S.obj
                0x10002e8c                uint2double
                0x10002e8c                __wrap___aeabi_ui2d
 .text.__wrap___aeabi_d2iz
                0x10002ea8       0x24 CMakeFiles/DCSBiosRP2350.dir/C_/Users/justi/.pico-sdk/sdk/2.1.1/src/rp2_common/pico_double/double_aeabi_dcp.S.obj
                0x10002eb0                double2int_z
                0x10002eb0                __wrap___aeabi_d2iz
 .text.__wrap___aeabi_d2uiz
                0x10002ecc       0x24 CMakeFiles/DCSBiosRP2350.dir/C_/Users/justi/.pico-sdk/sdk/2.1.1/src/rp2_common/pico_double/double_aeabi_dcp.S.obj
                0x10002ed4                double2uint
                0x10002ed4                __wrap___aeabi_d2uiz
                0x10002ed4                double2uint_z
 .text.__wrap___aeabi_dcmpun
                0x10002ef0       0x24 CMakeFiles/DCSBiosRP2350.dir/C_/Users/justi/.pico-sdk/sdk/2.1.1/src/rp2_common/pico_double/double_aeabi_dcp.S.obj
                0x10002ef8                __wrap___aeabi_dcmpun
 .text.__wrap___aeabi_dcmplt
                0x10002f14       0x28 CMakeFiles/DCSBiosRP2350.dir/C_/Users/justi/.pico-sdk/sdk/2.1.1/src/rp2_common/pico_double/double_aeabi_dcp.S.obj
                0x10002f1c                __wrap___aeabi_dcmplt
 .text.__wrap___aeabi_dcmple
                0x10002f3c       0x28 CMakeFiles/DCSBiosRP2350.dir/C_/Users/justi/.pico-sdk/sdk/2.1.1/src/rp2_common/pico_double/double_aeabi_dcp.S.obj
                0x10002f44                __wrap___aeabi_dcmple
 .text.__wrap___aeabi_dcmpge
                0x10002f64       0x28 CMakeFiles/DCSBiosRP2350.dir/C_/Users/justi/.pico-sdk/sdk/2.1.1/src/rp2_common/pico_double/double_aeabi_dcp.S.obj
                0x10002f6c                __wrap___aeabi_dcmpge
 .text.__wrap___aeabi_dcmpgt
                0x10002f8c       0x28 CMakeFiles/DCSBiosRP2350.dir/C_/Users/justi/.pico-sdk/sdk/2.1.1/src/rp2_common/pico_double/double_aeabi_dcp.S.obj
                0x10002f94                __wrap___aeabi_dcmpgt
 .text._out_buffer
                0x10002fb4        0x8 CMakeFiles/DCSBiosRP2350.dir/C_/Users/justi/.pico-sdk/sdk/2.1.1/src/rp2_common/pico_printf/printf.c.obj
 .text._out_null
                0x10002fbc        0x2 CMakeFiles/DCSBiosRP2350.dir/C_/Users/justi/.pico-sdk/sdk/2.1.1/src/rp2_common/pico_printf/printf.c.obj
 .text._out_fct
                0x10002fbe        0xe CMakeFiles/DCSBiosRP2350.dir/C_/Users/justi/.pico-sdk/sdk/2.1.1/src/rp2_common/pico_printf/printf.c.obj
 .text._atoi    0x10002fcc       0x26 CMakeFiles/DCSBiosRP2350.dir/C_/Users/justi/.pico-sdk/sdk/2.1.1/src/rp2_common/pico_printf/printf.c.obj
 .text._out_rev
                0x10002ff2       0x7e CMakeFiles/DCSBiosRP2350.dir/C_/Users/justi/.pico-sdk/sdk/2.1.1/src/rp2_common/pico_printf/printf.c.obj
 .text._ntoa_format
                0x10003070      0x134 CMakeFiles/DCSBiosRP2350.dir/C_/Users/justi/.pico-sdk/sdk/2.1.1/src/rp2_common/pico_printf/printf.c.obj
 .text._ntoa_long
                0x100031a4       0x94 CMakeFiles/DCSBiosRP2350.dir/C_/Users/justi/.pico-sdk/sdk/2.1.1/src/rp2_common/pico_printf/printf.c.obj
 .text._ntoa_long_long
                0x10003238       0xc2 CMakeFiles/DCSBiosRP2350.dir/C_/Users/justi/.pico-sdk/sdk/2.1.1/src/rp2_common/pico_printf/printf.c.obj
 *fill*         0x100032fa        0x6 
 .text._etoa    0x10003300      0x420 CMakeFiles/DCSBiosRP2350.dir/C_/Users/justi/.pico-sdk/sdk/2.1.1/src/rp2_common/pico_printf/printf.c.obj
 .text._ftoa    0x10003720      0x398 CMakeFiles/DCSBiosRP2350.dir/C_/Users/justi/.pico-sdk/sdk/2.1.1/src/rp2_common/pico_printf/printf.c.obj
 .text._vsnprintf
                0x10003ab8      0x6d8 CMakeFiles/DCSBiosRP2350.dir/C_/Users/justi/.pico-sdk/sdk/2.1.1/src/rp2_common/pico_printf/printf.c.obj
 .text.__wrap_snprintf
                0x10004190       0x28 CMakeFiles/DCSBiosRP2350.dir/C_/Users/justi/.pico-sdk/sdk/2.1.1/src/rp2_common/pico_printf/printf.c.obj
                0x10004190                __wrap_snprintf
 .text.vfctprintf
                0x100041b8       0x24 CMakeFiles/DCSBiosRP2350.dir/C_/Users/justi/.pico-sdk/sdk/2.1.1/src/rp2_common/pico_printf/printf.c.obj
                0x100041b8                vfctprintf
 .text._exit    0x100041dc        0x4 CMakeFiles/DCSBiosRP2350.dir/C_/Users/justi/.pico-sdk/sdk/2.1.1/src/rp2_common/pico_clib_interface/newlib_interface.c.obj
                0x100041dc                _exit
 .text.exit     0x100041e0        0x6 CMakeFiles/DCSBiosRP2350.dir/C_/Users/justi/.pico-sdk/sdk/2.1.1/src/rp2_common/pico_clib_interface/newlib_interface.c.obj
                0x100041e0                exit
 *fill*         0x100041e6        0x2 
 .text.__assert_func
                0x100041e8       0x34 CMakeFiles/DCSBiosRP2350.dir/C_/Users/justi/.pico-sdk/sdk/2.1.1/src/rp2_common/pico_clib_interface/newlib_interface.c.obj
                0x100041e8                __assert_func
 .text.runtime_init
                0x1000421c       0x2c CMakeFiles/DCSBiosRP2350.dir/C_/Users/justi/.pico-sdk/sdk/2.1.1/src/rp2_common/pico_clib_interface/newlib_interface.c.obj
                0x1000421c                runtime_init
 .text.stdio_out_chars_no_crlf
                0x10004248        0xe CMakeFiles/DCSBiosRP2350.dir/C_/Users/justi/.pico-sdk/sdk/2.1.1/src/rp2_common/pico_stdio/stdio.c.obj
 *fill*         0x10004256        0x2 
 .text.stdio_out_chars_crlf
                0x10004258       0x80 CMakeFiles/DCSBiosRP2350.dir/C_/Users/justi/.pico-sdk/sdk/2.1.1/src/rp2_common/pico_stdio/stdio.c.obj
 .text.stdio_stack_buffer_flush
                0x100042d8       0x40 CMakeFiles/DCSBiosRP2350.dir/C_/Users/justi/.pico-sdk/sdk/2.1.1/src/rp2_common/pico_stdio/stdio.c.obj
 .text.stdio_buffered_printer
                0x10004318       0x20 CMakeFiles/DCSBiosRP2350.dir/C_/Users/justi/.pico-sdk/sdk/2.1.1/src/rp2_common/pico_stdio/stdio.c.obj
 .text.stdout_serialize_begin
                0x10004338       0x2c CMakeFiles/DCSBiosRP2350.dir/C_/Users/justi/.pico-sdk/sdk/2.1.1/src/rp2_common/pico_stdio/stdio.c.obj
                0x10004338                stdout_serialize_begin
 .text.stdout_serialize_end
                0x10004364       0x10 CMakeFiles/DCSBiosRP2350.dir/C_/Users/justi/.pico-sdk/sdk/2.1.1/src/rp2_common/pico_stdio/stdio.c.obj
                0x10004364                stdout_serialize_end
 .text.stdio_put_string
                0x10004374       0x8c CMakeFiles/DCSBiosRP2350.dir/C_/Users/justi/.pico-sdk/sdk/2.1.1/src/rp2_common/pico_stdio/stdio.c.obj
                0x10004374                stdio_put_string
 .text.stdio_get_until
                0x10004400       0x6c CMakeFiles/DCSBiosRP2350.dir/C_/Users/justi/.pico-sdk/sdk/2.1.1/src/rp2_common/pico_stdio/stdio.c.obj
                0x10004400                stdio_get_until
 .text.stdio_set_driver_enabled
                0x1000446c       0x2c CMakeFiles/DCSBiosRP2350.dir/C_/Users/justi/.pico-sdk/sdk/2.1.1/src/rp2_common/pico_stdio/stdio.c.obj
                0x1000446c                stdio_set_driver_enabled
 .text.stdio_flush
                0x10004498       0x1c CMakeFiles/DCSBiosRP2350.dir/C_/Users/justi/.pico-sdk/sdk/2.1.1/src/rp2_common/pico_stdio/stdio.c.obj
                0x10004498                stdio_flush
 .text.stdio_init_all
                0x100044b4        0x8 CMakeFiles/DCSBiosRP2350.dir/C_/Users/justi/.pico-sdk/sdk/2.1.1/src/rp2_common/pico_stdio/stdio.c.obj
                0x100044b4                stdio_init_all
 .text.stdio_getchar_timeout_us
                0x100044bc       0x50 CMakeFiles/DCSBiosRP2350.dir/C_/Users/justi/.pico-sdk/sdk/2.1.1/src/rp2_common/pico_stdio/stdio.c.obj
                0x100044bc                stdio_getchar_timeout_us
 .text.__wrap_putchar
                0x1000450c       0x1e CMakeFiles/DCSBiosRP2350.dir/C_/Users/justi/.pico-sdk/sdk/2.1.1/src/rp2_common/pico_stdio/stdio.c.obj
                0x1000450c                __wrap_putchar
                0x1000450c                stdio_putchar
 .text.__wrap_puts
                0x1000452a       0x1e CMakeFiles/DCSBiosRP2350.dir/C_/Users/justi/.pico-sdk/sdk/2.1.1/src/rp2_common/pico_stdio/stdio.c.obj
                0x1000452a                stdio_puts
                0x1000452a                __wrap_puts
 .text.__wrap_vprintf
                0x10004548       0x40 CMakeFiles/DCSBiosRP2350.dir/C_/Users/justi/.pico-sdk/sdk/2.1.1/src/rp2_common/pico_stdio/stdio.c.obj
                0x10004548                stdio_vprintf
                0x10004548                __wrap_vprintf
 .text.__wrap_printf
                0x10004588       0x1c CMakeFiles/DCSBiosRP2350.dir/C_/Users/justi/.pico-sdk/sdk/2.1.1/src/rp2_common/pico_stdio/stdio.c.obj
                0x10004588                __wrap_printf
                0x10004588                stdio_printf
 .text.resetd_init
                0x100045a4        0x2 CMakeFiles/DCSBiosRP2350.dir/C_/Users/justi/.pico-sdk/sdk/2.1.1/src/rp2_common/pico_stdio_usb/reset_interface.c.obj
 *fill*         0x100045a6        0x2 
 .text.resetd_reset
                0x100045a8        0xc CMakeFiles/DCSBiosRP2350.dir/C_/Users/justi/.pico-sdk/sdk/2.1.1/src/rp2_common/pico_stdio_usb/reset_interface.c.obj
 .text.resetd_open
                0x100045b4       0x34 CMakeFiles/DCSBiosRP2350.dir/C_/Users/justi/.pico-sdk/sdk/2.1.1/src/rp2_common/pico_stdio_usb/reset_interface.c.obj
 .text.resetd_xfer_cb
                0x100045e8        0x4 CMakeFiles/DCSBiosRP2350.dir/C_/Users/justi/.pico-sdk/sdk/2.1.1/src/rp2_common/pico_stdio_usb/reset_interface.c.obj
 .text.resetd_control_xfer_cb
                0x100045ec       0x54 CMakeFiles/DCSBiosRP2350.dir/C_/Users/justi/.pico-sdk/sdk/2.1.1/src/rp2_common/pico_stdio_usb/reset_interface.c.obj
 .text.tud_descriptor_bos_cb
                0x10004640        0x8 CMakeFiles/DCSBiosRP2350.dir/C_/Users/justi/.pico-sdk/sdk/2.1.1/src/rp2_common/pico_stdio_usb/reset_interface.c.obj
                0x10004640                tud_descriptor_bos_cb
 .text.tud_vendor_control_xfer_cb
                0x10004648       0x30 CMakeFiles/DCSBiosRP2350.dir/C_/Users/justi/.pico-sdk/sdk/2.1.1/src/rp2_common/pico_stdio_usb/reset_interface.c.obj
                0x10004648                tud_vendor_control_xfer_cb
 .text.usbd_app_driver_get_cb
                0x10004678        0xc CMakeFiles/DCSBiosRP2350.dir/C_/Users/justi/.pico-sdk/sdk/2.1.1/src/rp2_common/pico_stdio_usb/reset_interface.c.obj
                0x10004678                usbd_app_driver_get_cb
 .text.tud_cdc_line_coding_cb
                0x10004684       0x18 CMakeFiles/DCSBiosRP2350.dir/C_/Users/justi/.pico-sdk/sdk/2.1.1/src/rp2_common/pico_stdio_usb/reset_interface.c.obj
                0x10004684                tud_cdc_line_coding_cb
 .text.critical_section_enter_blocking
                0x1000469c       0x26 CMakeFiles/DCSBiosRP2350.dir/C_/Users/justi/.pico-sdk/sdk/2.1.1/src/rp2_common/pico_stdio_usb/stdio_usb.c.obj
 *fill*         0x100046c2        0x2 
 .text.stdio_usb_set_chars_available_callback
                0x100046c4       0x14 CMakeFiles/DCSBiosRP2350.dir/C_/Users/justi/.pico-sdk/sdk/2.1.1/src/rp2_common/pico_stdio_usb/stdio_usb.c.obj
                0x100046c4                stdio_usb_set_chars_available_callback
 .text.stdio_usb_out_flush
                0x100046d8       0x48 CMakeFiles/DCSBiosRP2350.dir/C_/Users/justi/.pico-sdk/sdk/2.1.1/src/rp2_common/pico_stdio_usb/stdio_usb.c.obj
 .text.timer_task
                0x10004720       0x58 CMakeFiles/DCSBiosRP2350.dir/C_/Users/justi/.pico-sdk/sdk/2.1.1/src/rp2_common/pico_stdio_usb/stdio_usb.c.obj
 .text.usb_irq  0x10004778       0x10 CMakeFiles/DCSBiosRP2350.dir/C_/Users/justi/.pico-sdk/sdk/2.1.1/src/rp2_common/pico_stdio_usb/stdio_usb.c.obj
 .text.alarm_pool_add_alarm_in_us
                0x10004788       0x3a CMakeFiles/DCSBiosRP2350.dir/C_/Users/justi/.pico-sdk/sdk/2.1.1/src/rp2_common/pico_stdio_usb/stdio_usb.c.obj
 .text.add_alarm_in_us
                0x100047c2       0x26 CMakeFiles/DCSBiosRP2350.dir/C_/Users/justi/.pico-sdk/sdk/2.1.1/src/rp2_common/pico_stdio_usb/stdio_usb.c.obj
 .text.low_priority_worker_irq
                0x100047e8       0x94 CMakeFiles/DCSBiosRP2350.dir/C_/Users/justi/.pico-sdk/sdk/2.1.1/src/rp2_common/pico_stdio_usb/stdio_usb.c.obj
 .text.stdio_usb_init
                0x1000487c       0xd4 CMakeFiles/DCSBiosRP2350.dir/C_/Users/justi/.pico-sdk/sdk/2.1.1/src/rp2_common/pico_stdio_usb/stdio_usb.c.obj
                0x1000487c                stdio_usb_init
 .text.stdio_usb_connected
                0x10004950        0xa CMakeFiles/DCSBiosRP2350.dir/C_/Users/justi/.pico-sdk/sdk/2.1.1/src/rp2_common/pico_stdio_usb/stdio_usb.c.obj
                0x10004950                stdio_usb_connected
 *fill*         0x1000495a        0x2 
 .text.stdio_usb_in_chars
                0x1000495c       0x8c CMakeFiles/DCSBiosRP2350.dir/C_/Users/justi/.pico-sdk/sdk/2.1.1/src/rp2_common/pico_stdio_usb/stdio_usb.c.obj
                0x1000495c                stdio_usb_in_chars
 .text.stdio_usb_out_chars
                0x100049e8       0xd4 CMakeFiles/DCSBiosRP2350.dir/C_/Users/justi/.pico-sdk/sdk/2.1.1/src/rp2_common/pico_stdio_usb/stdio_usb.c.obj
 .text.tud_descriptor_device_cb
                0x10004abc        0x8 CMakeFiles/DCSBiosRP2350.dir/C_/Users/justi/.pico-sdk/sdk/2.1.1/src/rp2_common/pico_stdio_usb/stdio_usb_descriptors.c.obj
                0x10004abc                tud_descriptor_device_cb
 .text.tud_descriptor_configuration_cb
                0x10004ac4        0x8 CMakeFiles/DCSBiosRP2350.dir/C_/Users/justi/.pico-sdk/sdk/2.1.1/src/rp2_common/pico_stdio_usb/stdio_usb_descriptors.c.obj
                0x10004ac4                tud_descriptor_configuration_cb
 .text.tud_descriptor_string_cb
                0x10004acc       0x64 CMakeFiles/DCSBiosRP2350.dir/C_/Users/justi/.pico-sdk/sdk/2.1.1/src/rp2_common/pico_stdio_usb/stdio_usb_descriptors.c.obj
                0x10004acc                tud_descriptor_string_cb
 .text._retrieve_unique_id_on_boot
                0x10004b30       0x58 CMakeFiles/DCSBiosRP2350.dir/C_/Users/justi/.pico-sdk/sdk/2.1.1/src/rp2_common/pico_unique_id/unique_id.c.obj
 .text.pico_get_unique_board_id_string
                0x10004b88       0x5c CMakeFiles/DCSBiosRP2350.dir/C_/Users/justi/.pico-sdk/sdk/2.1.1/src/rp2_common/pico_unique_id/unique_id.c.obj
                0x10004b88                pico_get_unique_board_id_string
 .text.hw_endpoint_init
                0x10004be4       0xbc CMakeFiles/DCSBiosRP2350.dir/C_/Users/justi/.pico-sdk/sdk/2.1.1/lib/tinyusb/src/portable/raspberrypi/rp2040/dcd_rp2040.c.obj
 .text.hw_endpoint_alloc
                0x10004ca0       0x48 CMakeFiles/DCSBiosRP2350.dir/C_/Users/justi/.pico-sdk/sdk/2.1.1/lib/tinyusb/src/portable/raspberrypi/rp2040/dcd_rp2040.c.obj
 .text.hw_endpoint_open
                0x10004ce8       0x44 CMakeFiles/DCSBiosRP2350.dir/C_/Users/justi/.pico-sdk/sdk/2.1.1/lib/tinyusb/src/portable/raspberrypi/rp2040/dcd_rp2040.c.obj
 .text.hw_endpoint_xfer
                0x10004d2c       0x1c CMakeFiles/DCSBiosRP2350.dir/C_/Users/justi/.pico-sdk/sdk/2.1.1/lib/tinyusb/src/portable/raspberrypi/rp2040/dcd_rp2040.c.obj
 .text.dcd_int_enable
                0x10004d48       0x28 CMakeFiles/DCSBiosRP2350.dir/C_/Users/justi/.pico-sdk/sdk/2.1.1/lib/tinyusb/src/portable/raspberrypi/rp2040/dcd_rp2040.c.obj
                0x10004d48                dcd_int_enable
 .text.dcd_set_address
                0x10004d70       0x2c CMakeFiles/DCSBiosRP2350.dir/C_/Users/justi/.pico-sdk/sdk/2.1.1/lib/tinyusb/src/portable/raspberrypi/rp2040/dcd_rp2040.c.obj
                0x10004d70                dcd_set_address
 .text.dcd_connect
                0x10004d9c       0x10 CMakeFiles/DCSBiosRP2350.dir/C_/Users/justi/.pico-sdk/sdk/2.1.1/lib/tinyusb/src/portable/raspberrypi/rp2040/dcd_rp2040.c.obj
                0x10004d9c                dcd_connect
 .text.dcd_init
                0x10004dac       0x84 CMakeFiles/DCSBiosRP2350.dir/C_/Users/justi/.pico-sdk/sdk/2.1.1/lib/tinyusb/src/portable/raspberrypi/rp2040/dcd_rp2040.c.obj
                0x10004dac                dcd_init
 .text.dcd_sof_enable
                0x10004e30       0x1c CMakeFiles/DCSBiosRP2350.dir/C_/Users/justi/.pico-sdk/sdk/2.1.1/lib/tinyusb/src/portable/raspberrypi/rp2040/dcd_rp2040.c.obj
                0x10004e30                dcd_sof_enable
 .text.dcd_edpt0_status_complete
                0x10004e4c       0x20 CMakeFiles/DCSBiosRP2350.dir/C_/Users/justi/.pico-sdk/sdk/2.1.1/lib/tinyusb/src/portable/raspberrypi/rp2040/dcd_rp2040.c.obj
                0x10004e4c                dcd_edpt0_status_complete
 .text.dcd_edpt_open
                0x10004e6c       0x22 CMakeFiles/DCSBiosRP2350.dir/C_/Users/justi/.pico-sdk/sdk/2.1.1/lib/tinyusb/src/portable/raspberrypi/rp2040/dcd_rp2040.c.obj
                0x10004e6c                dcd_edpt_open
 .text.dcd_edpt_close_all
                0x10004e8e        0x8 CMakeFiles/DCSBiosRP2350.dir/C_/Users/justi/.pico-sdk/sdk/2.1.1/lib/tinyusb/src/portable/raspberrypi/rp2040/dcd_rp2040.c.obj
                0x10004e8e                dcd_edpt_close_all
 *fill*         0x10004e96        0x2 
 .text.dcd_edpt_xfer
                0x10004e98       0x2c CMakeFiles/DCSBiosRP2350.dir/C_/Users/justi/.pico-sdk/sdk/2.1.1/lib/tinyusb/src/portable/raspberrypi/rp2040/dcd_rp2040.c.obj
                0x10004e98                dcd_edpt_xfer
 .text.dcd_edpt_stall
                0x10004ec4       0x38 CMakeFiles/DCSBiosRP2350.dir/C_/Users/justi/.pico-sdk/sdk/2.1.1/lib/tinyusb/src/portable/raspberrypi/rp2040/dcd_rp2040.c.obj
                0x10004ec4                dcd_edpt_stall
 .text.dcd_edpt_clear_stall
                0x10004efc       0x28 CMakeFiles/DCSBiosRP2350.dir/C_/Users/justi/.pico-sdk/sdk/2.1.1/lib/tinyusb/src/portable/raspberrypi/rp2040/dcd_rp2040.c.obj
                0x10004efc                dcd_edpt_clear_stall
 .text.unaligned_memcpy
                0x10004f24       0x14 CMakeFiles/DCSBiosRP2350.dir/C_/Users/justi/.pico-sdk/sdk/2.1.1/lib/tinyusb/src/portable/raspberrypi/rp2040/rp2040_usb.c.obj
 .text.rp2040_usb_init
                0x10004f38       0x40 CMakeFiles/DCSBiosRP2350.dir/C_/Users/justi/.pico-sdk/sdk/2.1.1/lib/tinyusb/src/portable/raspberrypi/rp2040/rp2040_usb.c.obj
                0x10004f38                rp2040_usb_init
 .text.hw_endpoint_xfer_start
                0x10004f78       0x58 CMakeFiles/DCSBiosRP2350.dir/C_/Users/justi/.pico-sdk/sdk/2.1.1/lib/tinyusb/src/portable/raspberrypi/rp2040/rp2040_usb.c.obj
                0x10004f78                hw_endpoint_xfer_start
 .text.critical_section_enter_blocking
                0x10004fd0       0x26 CMakeFiles/DCSBiosRP2350.dir/C_/Users/justi/.pico-sdk/sdk/2.1.1/lib/tinyusb/src/device/usbd.c.obj
 *fill*         0x10004ff6        0x2 
 .text.configuration_reset
                0x10004ff8       0x90 CMakeFiles/DCSBiosRP2350.dir/C_/Users/justi/.pico-sdk/sdk/2.1.1/lib/tinyusb/src/device/usbd.c.obj
 .text.usbd_reset
                0x10005088        0xc CMakeFiles/DCSBiosRP2350.dir/C_/Users/justi/.pico-sdk/sdk/2.1.1/lib/tinyusb/src/device/usbd.c.obj
 .text.invoke_class_control
                0x10005094       0x1a CMakeFiles/DCSBiosRP2350.dir/C_/Users/justi/.pico-sdk/sdk/2.1.1/lib/tinyusb/src/device/usbd.c.obj
 *fill*         0x100050ae        0x2 
 .text.process_set_config
                0x100050b0      0x1cc CMakeFiles/DCSBiosRP2350.dir/C_/Users/justi/.pico-sdk/sdk/2.1.1/lib/tinyusb/src/device/usbd.c.obj
 .text.tud_event_hook_cb
                0x1000527c        0x2 CMakeFiles/DCSBiosRP2350.dir/C_/Users/justi/.pico-sdk/sdk/2.1.1/lib/tinyusb/src/device/usbd.c.obj
                0x1000527c                tud_event_hook_cb
 .text.tud_sof_cb
                0x1000527e        0x2 CMakeFiles/DCSBiosRP2350.dir/C_/Users/justi/.pico-sdk/sdk/2.1.1/lib/tinyusb/src/device/usbd.c.obj
                0x1000527e                tud_sof_cb
 .text.tud_descriptor_device_qualifier_cb
                0x10005280        0x4 CMakeFiles/DCSBiosRP2350.dir/C_/Users/justi/.pico-sdk/sdk/2.1.1/lib/tinyusb/src/device/usbd.c.obj
                0x10005280                tud_descriptor_device_qualifier_cb
 .text.tud_descriptor_other_speed_configuration_cb
                0x10005284        0x4 CMakeFiles/DCSBiosRP2350.dir/C_/Users/justi/.pico-sdk/sdk/2.1.1/lib/tinyusb/src/device/usbd.c.obj
                0x10005284                tud_descriptor_other_speed_configuration_cb
 .text.process_get_descriptor
                0x10005288       0xf8 CMakeFiles/DCSBiosRP2350.dir/C_/Users/justi/.pico-sdk/sdk/2.1.1/lib/tinyusb/src/device/usbd.c.obj
 .text.tud_mount_cb
                0x10005380        0x2 CMakeFiles/DCSBiosRP2350.dir/C_/Users/justi/.pico-sdk/sdk/2.1.1/lib/tinyusb/src/device/usbd.c.obj
                0x10005380                tud_mount_cb
 .text.tud_umount_cb
                0x10005382        0x2 CMakeFiles/DCSBiosRP2350.dir/C_/Users/justi/.pico-sdk/sdk/2.1.1/lib/tinyusb/src/device/usbd.c.obj
                0x10005382                tud_umount_cb
 .text.tud_suspend_cb
                0x10005384        0x2 CMakeFiles/DCSBiosRP2350.dir/C_/Users/justi/.pico-sdk/sdk/2.1.1/lib/tinyusb/src/device/usbd.c.obj
                0x10005384                tud_suspend_cb
 .text.tud_resume_cb
                0x10005386        0x2 CMakeFiles/DCSBiosRP2350.dir/C_/Users/justi/.pico-sdk/sdk/2.1.1/lib/tinyusb/src/device/usbd.c.obj
                0x10005386                tud_resume_cb
 .text.tud_mounted
                0x10005388       0x14 CMakeFiles/DCSBiosRP2350.dir/C_/Users/justi/.pico-sdk/sdk/2.1.1/lib/tinyusb/src/device/usbd.c.obj
                0x10005388                tud_mounted
 .text.tud_suspended
                0x1000539c       0x10 CMakeFiles/DCSBiosRP2350.dir/C_/Users/justi/.pico-sdk/sdk/2.1.1/lib/tinyusb/src/device/usbd.c.obj
                0x1000539c                tud_suspended
 .text.tud_inited
                0x100053ac       0x10 CMakeFiles/DCSBiosRP2350.dir/C_/Users/justi/.pico-sdk/sdk/2.1.1/lib/tinyusb/src/device/usbd.c.obj
                0x100053ac                tud_inited
 .text.tud_rhport_init
                0x100053bc      0x128 CMakeFiles/DCSBiosRP2350.dir/C_/Users/justi/.pico-sdk/sdk/2.1.1/lib/tinyusb/src/device/usbd.c.obj
                0x100053bc                tud_rhport_init
 .text.usbd_edpt_open
                0x100054e4       0x7c CMakeFiles/DCSBiosRP2350.dir/C_/Users/justi/.pico-sdk/sdk/2.1.1/lib/tinyusb/src/device/usbd.c.obj
                0x100054e4                usbd_edpt_open
 .text.usbd_open_edpt_pair
                0x10005560       0xa4 CMakeFiles/DCSBiosRP2350.dir/C_/Users/justi/.pico-sdk/sdk/2.1.1/lib/tinyusb/src/device/usbd.c.obj
                0x10005560                usbd_open_edpt_pair
 .text.usbd_edpt_claim
                0x10005604       0x28 CMakeFiles/DCSBiosRP2350.dir/C_/Users/justi/.pico-sdk/sdk/2.1.1/lib/tinyusb/src/device/usbd.c.obj
                0x10005604                usbd_edpt_claim
 .text.usbd_edpt_release
                0x1000562c       0x28 CMakeFiles/DCSBiosRP2350.dir/C_/Users/justi/.pico-sdk/sdk/2.1.1/lib/tinyusb/src/device/usbd.c.obj
                0x1000562c                usbd_edpt_release
 .text.usbd_edpt_xfer
                0x10005654       0x90 CMakeFiles/DCSBiosRP2350.dir/C_/Users/justi/.pico-sdk/sdk/2.1.1/lib/tinyusb/src/device/usbd.c.obj
                0x10005654                usbd_edpt_xfer
 .text.usbd_edpt_stall
                0x100056e4       0x3c CMakeFiles/DCSBiosRP2350.dir/C_/Users/justi/.pico-sdk/sdk/2.1.1/lib/tinyusb/src/device/usbd.c.obj
                0x100056e4                usbd_edpt_stall
 .text.usbd_edpt_clear_stall
                0x10005720       0x3c CMakeFiles/DCSBiosRP2350.dir/C_/Users/justi/.pico-sdk/sdk/2.1.1/lib/tinyusb/src/device/usbd.c.obj
                0x10005720                usbd_edpt_clear_stall
 .text.usbd_edpt_stalled
                0x1000575c       0x1c CMakeFiles/DCSBiosRP2350.dir/C_/Users/justi/.pico-sdk/sdk/2.1.1/lib/tinyusb/src/device/usbd.c.obj
                0x1000575c                usbd_edpt_stalled
 .text.process_control_request
                0x10005778      0x404 CMakeFiles/DCSBiosRP2350.dir/C_/Users/justi/.pico-sdk/sdk/2.1.1/lib/tinyusb/src/device/usbd.c.obj
 .text.tud_task_ext
                0x10005b7c      0x238 CMakeFiles/DCSBiosRP2350.dir/C_/Users/justi/.pico-sdk/sdk/2.1.1/lib/tinyusb/src/device/usbd.c.obj
                0x10005b7c                tud_task_ext
 .text.status_stage_xact
                0x10005db4       0x1a CMakeFiles/DCSBiosRP2350.dir/C_/Users/justi/.pico-sdk/sdk/2.1.1/lib/tinyusb/src/device/usbd_control.c.obj
 *fill*         0x10005dce        0x2 
 .text.data_stage_xact
                0x10005dd0       0x5c CMakeFiles/DCSBiosRP2350.dir/C_/Users/justi/.pico-sdk/sdk/2.1.1/lib/tinyusb/src/device/usbd_control.c.obj
 .text.tud_control_status
                0x10005e2c       0x28 CMakeFiles/DCSBiosRP2350.dir/C_/Users/justi/.pico-sdk/sdk/2.1.1/lib/tinyusb/src/device/usbd_control.c.obj
                0x10005e2c                tud_control_status
 .text.tud_control_xfer
                0x10005e54       0xac CMakeFiles/DCSBiosRP2350.dir/C_/Users/justi/.pico-sdk/sdk/2.1.1/lib/tinyusb/src/device/usbd_control.c.obj
                0x10005e54                tud_control_xfer
 .text.usbd_control_reset
                0x10005f00       0x14 CMakeFiles/DCSBiosRP2350.dir/C_/Users/justi/.pico-sdk/sdk/2.1.1/lib/tinyusb/src/device/usbd_control.c.obj
                0x10005f00                usbd_control_reset
 .text.usbd_control_set_complete_callback
                0x10005f14        0xc CMakeFiles/DCSBiosRP2350.dir/C_/Users/justi/.pico-sdk/sdk/2.1.1/lib/tinyusb/src/device/usbd_control.c.obj
                0x10005f14                usbd_control_set_complete_callback
 .text.usbd_control_set_request
                0x10005f20       0x1c CMakeFiles/DCSBiosRP2350.dir/C_/Users/justi/.pico-sdk/sdk/2.1.1/lib/tinyusb/src/device/usbd_control.c.obj
                0x10005f20                usbd_control_set_request
 .text.usbd_control_xfer_cb
                0x10005f3c      0x10c CMakeFiles/DCSBiosRP2350.dir/C_/Users/justi/.pico-sdk/sdk/2.1.1/lib/tinyusb/src/device/usbd_control.c.obj
                0x10005f3c                usbd_control_xfer_cb
 .text._prep_out_transaction
                0x10006048       0x94 CMakeFiles/DCSBiosRP2350.dir/C_/Users/justi/.pico-sdk/sdk/2.1.1/lib/tinyusb/src/class/cdc/cdc_device.c.obj
 .text.tud_cdc_n_connected
                0x100060dc       0x34 CMakeFiles/DCSBiosRP2350.dir/C_/Users/justi/.pico-sdk/sdk/2.1.1/lib/tinyusb/src/class/cdc/cdc_device.c.obj
                0x100060dc                tud_cdc_n_connected
 .text.tud_cdc_n_available
                0x10006110       0x18 CMakeFiles/DCSBiosRP2350.dir/C_/Users/justi/.pico-sdk/sdk/2.1.1/lib/tinyusb/src/class/cdc/cdc_device.c.obj
                0x10006110                tud_cdc_n_available
 .text.tud_cdc_n_read
                0x10006128       0x34 CMakeFiles/DCSBiosRP2350.dir/C_/Users/justi/.pico-sdk/sdk/2.1.1/lib/tinyusb/src/class/cdc/cdc_device.c.obj
                0x10006128                tud_cdc_n_read
 .text.tud_cdc_n_write_flush
                0x1000615c       0xb8 CMakeFiles/DCSBiosRP2350.dir/C_/Users/justi/.pico-sdk/sdk/2.1.1/lib/tinyusb/src/class/cdc/cdc_device.c.obj
                0x1000615c                tud_cdc_n_write_flush
 .text.tud_cdc_n_write
                0x10006214       0x44 CMakeFiles/DCSBiosRP2350.dir/C_/Users/justi/.pico-sdk/sdk/2.1.1/lib/tinyusb/src/class/cdc/cdc_device.c.obj
                0x10006214                tud_cdc_n_write
 .text.tud_cdc_n_write_available
                0x10006258       0x1c CMakeFiles/DCSBiosRP2350.dir/C_/Users/justi/.pico-sdk/sdk/2.1.1/lib/tinyusb/src/class/cdc/cdc_device.c.obj
                0x10006258                tud_cdc_n_write_available
 .text.cdcd_init
                0x10006274       0xa4 CMakeFiles/DCSBiosRP2350.dir/C_/Users/justi/.pico-sdk/sdk/2.1.1/lib/tinyusb/src/class/cdc/cdc_device.c.obj
                0x10006274                cdcd_init
 .text.cdcd_deinit
                0x10006318       0x40 CMakeFiles/DCSBiosRP2350.dir/C_/Users/justi/.pico-sdk/sdk/2.1.1/lib/tinyusb/src/class/cdc/cdc_device.c.obj
                0x10006318                cdcd_deinit
 .text.cdcd_reset
                0x10006358       0x78 CMakeFiles/DCSBiosRP2350.dir/C_/Users/justi/.pico-sdk/sdk/2.1.1/lib/tinyusb/src/class/cdc/cdc_device.c.obj
                0x10006358                cdcd_reset
 .text.cdcd_open
                0x100063d0      0x124 CMakeFiles/DCSBiosRP2350.dir/C_/Users/justi/.pico-sdk/sdk/2.1.1/lib/tinyusb/src/class/cdc/cdc_device.c.obj
                0x100063d0                cdcd_open
 .text.cdcd_control_xfer_cb
                0x100064f4      0x120 CMakeFiles/DCSBiosRP2350.dir/C_/Users/justi/.pico-sdk/sdk/2.1.1/lib/tinyusb/src/class/cdc/cdc_device.c.obj
                0x100064f4                cdcd_control_xfer_cb
 .text.cdcd_xfer_cb
                0x10006614      0x138 CMakeFiles/DCSBiosRP2350.dir/C_/Users/justi/.pico-sdk/sdk/2.1.1/lib/tinyusb/src/class/cdc/cdc_device.c.obj
                0x10006614                cdcd_xfer_cb
 .text.tud_vendor_n_mounted
                0x1000674c       0x30 CMakeFiles/DCSBiosRP2350.dir/C_/Users/justi/.pico-sdk/sdk/2.1.1/lib/tinyusb/src/class/vendor/vendor_device.c.obj
                0x1000674c                tud_vendor_n_mounted
 .text.tud_vendor_n_write_flush
                0x1000677c       0x20 CMakeFiles/DCSBiosRP2350.dir/C_/Users/justi/.pico-sdk/sdk/2.1.1/lib/tinyusb/src/class/vendor/vendor_device.c.obj
                0x1000677c                tud_vendor_n_write_flush
 .text.vendord_init
                0x1000679c       0x90 CMakeFiles/DCSBiosRP2350.dir/C_/Users/justi/.pico-sdk/sdk/2.1.1/lib/tinyusb/src/class/vendor/vendor_device.c.obj
                0x1000679c                vendord_init
 .text.vendord_deinit
                0x1000682c       0x30 CMakeFiles/DCSBiosRP2350.dir/C_/Users/justi/.pico-sdk/sdk/2.1.1/lib/tinyusb/src/class/vendor/vendor_device.c.obj
                0x1000682c                vendord_deinit
 .text.vendord_reset
                0x1000685c       0x48 CMakeFiles/DCSBiosRP2350.dir/C_/Users/justi/.pico-sdk/sdk/2.1.1/lib/tinyusb/src/class/vendor/vendor_device.c.obj
                0x1000685c                vendord_reset
 .text.vendord_open
                0x100068a4      0x144 CMakeFiles/DCSBiosRP2350.dir/C_/Users/justi/.pico-sdk/sdk/2.1.1/lib/tinyusb/src/class/vendor/vendor_device.c.obj
                0x100068a4                vendord_open
 .text.vendord_xfer_cb
                0x100069e8       0xb8 CMakeFiles/DCSBiosRP2350.dir/C_/Users/justi/.pico-sdk/sdk/2.1.1/lib/tinyusb/src/class/vendor/vendor_device.c.obj
                0x100069e8                vendord_xfer_cb
 .text.tusb_rhport_init
                0x10006aa0       0xac CMakeFiles/DCSBiosRP2350.dir/C_/Users/justi/.pico-sdk/sdk/2.1.1/lib/tinyusb/src/tusb.c.obj
                0x10006aa0                tusb_rhport_init
 .text.tu_edpt_claim
                0x10006b4c       0x50 CMakeFiles/DCSBiosRP2350.dir/C_/Users/justi/.pico-sdk/sdk/2.1.1/lib/tinyusb/src/tusb.c.obj
                0x10006b4c                tu_edpt_claim
 .text.tu_edpt_release
                0x10006b9c       0x3c CMakeFiles/DCSBiosRP2350.dir/C_/Users/justi/.pico-sdk/sdk/2.1.1/lib/tinyusb/src/tusb.c.obj
                0x10006b9c                tu_edpt_release
 .text.tu_edpt_validate
                0x10006bd8       0xe0 CMakeFiles/DCSBiosRP2350.dir/C_/Users/justi/.pico-sdk/sdk/2.1.1/lib/tinyusb/src/tusb.c.obj
                0x10006bd8                tu_edpt_validate
 .text.tu_edpt_bind_driver
                0x10006cb8       0x4a CMakeFiles/DCSBiosRP2350.dir/C_/Users/justi/.pico-sdk/sdk/2.1.1/lib/tinyusb/src/tusb.c.obj
                0x10006cb8                tu_edpt_bind_driver
 .text.tu_edpt_stream_init
                0x10006d02       0x54 CMakeFiles/DCSBiosRP2350.dir/C_/Users/justi/.pico-sdk/sdk/2.1.1/lib/tinyusb/src/tusb.c.obj
                0x10006d02                tu_edpt_stream_init
 .text.tu_edpt_stream_deinit
                0x10006d56        0x4 CMakeFiles/DCSBiosRP2350.dir/C_/Users/justi/.pico-sdk/sdk/2.1.1/lib/tinyusb/src/tusb.c.obj
                0x10006d56                tu_edpt_stream_deinit
 *fill*         0x10006d5a        0x2 
 .text.tu_edpt_stream_write_zlp_if_needed
                0x10006d5c       0x90 CMakeFiles/DCSBiosRP2350.dir/C_/Users/justi/.pico-sdk/sdk/2.1.1/lib/tinyusb/src/tusb.c.obj
                0x10006d5c                tu_edpt_stream_write_zlp_if_needed
 .text.tu_edpt_stream_write_xfer
                0x10006dec       0x98 CMakeFiles/DCSBiosRP2350.dir/C_/Users/justi/.pico-sdk/sdk/2.1.1/lib/tinyusb/src/tusb.c.obj
                0x10006dec                tu_edpt_stream_write_xfer
 .text.tu_edpt_stream_read_xfer
                0x10006e84      0x118 CMakeFiles/DCSBiosRP2350.dir/C_/Users/justi/.pico-sdk/sdk/2.1.1/lib/tinyusb/src/tusb.c.obj
                0x10006e84                tu_edpt_stream_read_xfer
 .text.advance_index
                0x10006f9c       0x1a CMakeFiles/DCSBiosRP2350.dir/C_/Users/justi/.pico-sdk/sdk/2.1.1/lib/tinyusb/src/common/tusb_fifo.c.obj
 .text._tu_fifo_peek
                0x10006fb6       0x62 CMakeFiles/DCSBiosRP2350.dir/C_/Users/justi/.pico-sdk/sdk/2.1.1/lib/tinyusb/src/common/tusb_fifo.c.obj
 .text._ff_pull_n
                0x10007018       0x68 CMakeFiles/DCSBiosRP2350.dir/C_/Users/justi/.pico-sdk/sdk/2.1.1/lib/tinyusb/src/common/tusb_fifo.c.obj
 .text._tu_fifo_peek_n
                0x10007080       0x6a CMakeFiles/DCSBiosRP2350.dir/C_/Users/justi/.pico-sdk/sdk/2.1.1/lib/tinyusb/src/common/tusb_fifo.c.obj
 .text._tu_fifo_read_n
                0x100070ea       0x4c CMakeFiles/DCSBiosRP2350.dir/C_/Users/justi/.pico-sdk/sdk/2.1.1/lib/tinyusb/src/common/tusb_fifo.c.obj
 .text._ff_push_n
                0x10007136       0x66 CMakeFiles/DCSBiosRP2350.dir/C_/Users/justi/.pico-sdk/sdk/2.1.1/lib/tinyusb/src/common/tusb_fifo.c.obj
 .text._tu_fifo_write_n
                0x1000719c       0xf0 CMakeFiles/DCSBiosRP2350.dir/C_/Users/justi/.pico-sdk/sdk/2.1.1/lib/tinyusb/src/common/tusb_fifo.c.obj
 .text.tu_fifo_config
                0x1000728c       0x62 CMakeFiles/DCSBiosRP2350.dir/C_/Users/justi/.pico-sdk/sdk/2.1.1/lib/tinyusb/src/common/tusb_fifo.c.obj
                0x1000728c                tu_fifo_config
 .text.tu_fifo_count
                0x100072ee       0x28 CMakeFiles/DCSBiosRP2350.dir/C_/Users/justi/.pico-sdk/sdk/2.1.1/lib/tinyusb/src/common/tusb_fifo.c.obj
                0x100072ee                tu_fifo_count
 .text.tu_fifo_empty
                0x10007316       0x12 CMakeFiles/DCSBiosRP2350.dir/C_/Users/justi/.pico-sdk/sdk/2.1.1/lib/tinyusb/src/common/tusb_fifo.c.obj
                0x10007316                tu_fifo_empty
 .text.tu_fifo_full
                0x10007328       0x28 CMakeFiles/DCSBiosRP2350.dir/C_/Users/justi/.pico-sdk/sdk/2.1.1/lib/tinyusb/src/common/tusb_fifo.c.obj
                0x10007328                tu_fifo_full
 .text.tu_fifo_remaining
                0x10007350       0x2c CMakeFiles/DCSBiosRP2350.dir/C_/Users/justi/.pico-sdk/sdk/2.1.1/lib/tinyusb/src/common/tusb_fifo.c.obj
                0x10007350                tu_fifo_remaining
 .text.tu_fifo_read
                0x1000737c       0x3e CMakeFiles/DCSBiosRP2350.dir/C_/Users/justi/.pico-sdk/sdk/2.1.1/lib/tinyusb/src/common/tusb_fifo.c.obj
                0x1000737c                tu_fifo_read
 .text.tu_fifo_read_n
                0x100073ba        0xa CMakeFiles/DCSBiosRP2350.dir/C_/Users/justi/.pico-sdk/sdk/2.1.1/lib/tinyusb/src/common/tusb_fifo.c.obj
                0x100073ba                tu_fifo_read_n
 .text.tu_fifo_write
                0x100073c4       0x5e CMakeFiles/DCSBiosRP2350.dir/C_/Users/justi/.pico-sdk/sdk/2.1.1/lib/tinyusb/src/common/tusb_fifo.c.obj
                0x100073c4                tu_fifo_write
 .text.tu_fifo_write_n
                0x10007422        0xa CMakeFiles/DCSBiosRP2350.dir/C_/Users/justi/.pico-sdk/sdk/2.1.1/lib/tinyusb/src/common/tusb_fifo.c.obj
                0x10007422                tu_fifo_write_n
 .text.tu_fifo_clear
                0x1000742c       0x36 CMakeFiles/DCSBiosRP2350.dir/C_/Users/justi/.pico-sdk/sdk/2.1.1/lib/tinyusb/src/common/tusb_fifo.c.obj
                0x1000742c                tu_fifo_clear
 .text.tu_fifo_set_overwritable
                0x10007462       0x3a CMakeFiles/DCSBiosRP2350.dir/C_/Users/justi/.pico-sdk/sdk/2.1.1/lib/tinyusb/src/common/tusb_fifo.c.obj
                0x10007462                tu_fifo_set_overwritable
 .text.core1_trampoline
                0x1000749c        0x2 CMakeFiles/DCSBiosRP2350.dir/C_/Users/justi/.pico-sdk/sdk/2.1.1/src/rp2_common/pico_multicore/multicore.c.obj
 .text.core1_wrapper
                0x1000749e        0xc CMakeFiles/DCSBiosRP2350.dir/C_/Users/justi/.pico-sdk/sdk/2.1.1/src/rp2_common/pico_multicore/multicore.c.obj
                0x1000749e                core1_wrapper
 .text.multicore_fifo_push_blocking
                0x100074aa       0x16 CMakeFiles/DCSBiosRP2350.dir/C_/Users/justi/.pico-sdk/sdk/2.1.1/src/rp2_common/pico_multicore/multicore.c.obj
                0x100074aa                multicore_fifo_push_blocking
 .text.multicore_fifo_push_timeout_us
                0x100074c0       0x64 CMakeFiles/DCSBiosRP2350.dir/C_/Users/justi/.pico-sdk/sdk/2.1.1/src/rp2_common/pico_multicore/multicore.c.obj
                0x100074c0                multicore_fifo_push_timeout_us
 .text.multicore_fifo_pop_blocking
                0x10007524       0x18 CMakeFiles/DCSBiosRP2350.dir/C_/Users/justi/.pico-sdk/sdk/2.1.1/src/rp2_common/pico_multicore/multicore.c.obj
                0x10007524                multicore_fifo_pop_blocking
 .text.multicore_launch_core1_raw
                0x1000753c       0x7a CMakeFiles/DCSBiosRP2350.dir/C_/Users/justi/.pico-sdk/sdk/2.1.1/src/rp2_common/pico_multicore/multicore.c.obj
                0x1000753c                multicore_launch_core1_raw
 *fill*         0x100075b6        0x2 
 .text.multicore_launch_core1_with_stack
                0x100075b8       0x50 CMakeFiles/DCSBiosRP2350.dir/C_/Users/justi/.pico-sdk/sdk/2.1.1/src/rp2_common/pico_multicore/multicore.c.obj
                0x100075b8                multicore_launch_core1_with_stack
 .text.multicore_launch_core1
                0x10007608       0x24 CMakeFiles/DCSBiosRP2350.dir/C_/Users/justi/.pico-sdk/sdk/2.1.1/src/rp2_common/pico_multicore/multicore.c.obj
                0x10007608                multicore_launch_core1
 .text.i2c_unreset
                0x1000762c       0x2c CMakeFiles/DCSBiosRP2350.dir/C_/Users/justi/.pico-sdk/sdk/2.1.1/src/rp2_common/hardware_i2c/i2c.c.obj
 .text.i2c_write_blocking_internal
                0x10007658      0x124 CMakeFiles/DCSBiosRP2350.dir/C_/Users/justi/.pico-sdk/sdk/2.1.1/src/rp2_common/hardware_i2c/i2c.c.obj
 .text.i2c_read_blocking_internal
                0x1000777c       0xca CMakeFiles/DCSBiosRP2350.dir/C_/Users/justi/.pico-sdk/sdk/2.1.1/src/rp2_common/hardware_i2c/i2c.c.obj
 *fill*         0x10007846        0x2 
 .text.i2c_set_baudrate
                0x10007848       0xc8 CMakeFiles/DCSBiosRP2350.dir/C_/Users/justi/.pico-sdk/sdk/2.1.1/src/rp2_common/hardware_i2c/i2c.c.obj
                0x10007848                i2c_set_baudrate
 .text.i2c_init
                0x10007910       0x54 CMakeFiles/DCSBiosRP2350.dir/C_/Users/justi/.pico-sdk/sdk/2.1.1/src/rp2_common/hardware_i2c/i2c.c.obj
                0x10007910                i2c_init
 .text.i2c_write_blocking
                0x10007964       0x18 CMakeFiles/DCSBiosRP2350.dir/C_/Users/justi/.pico-sdk/sdk/2.1.1/src/rp2_common/hardware_i2c/i2c.c.obj
                0x10007964                i2c_write_blocking
 .text.i2c_read_blocking
                0x1000797c       0x18 CMakeFiles/DCSBiosRP2350.dir/C_/Users/justi/.pico-sdk/sdk/2.1.1/src/rp2_common/hardware_i2c/i2c.c.obj
                0x1000797c                i2c_read_blocking
 .text.memset   0x10007994       0x9c C:/Users/justi/.pico-sdk/toolchain/14_2_Rel1/bin/../lib/gcc/arm-none-eabi/14.2.1/thumb/v8-m.main+fp/softfp\libg.a(libc_a-memset.o)
                0x10007994                memset
 .text          0x10007a30       0xec C:/Users/justi/.pico-sdk/toolchain/14_2_Rel1/bin/../lib/gcc/arm-none-eabi/14.2.1/thumb/v8-m.main+fp/softfp\libg.a(libc_a-memcpy.o)
                0x10007a30                memcpy
 .text.strlen   0x10007b1c       0x5c C:/Users/justi/.pico-sdk/toolchain/14_2_Rel1/bin/../lib/gcc/arm-none-eabi/14.2.1/thumb/v8-m.main+fp/softfp\libg.a(libc_a-strlen-stub.o)
                0x10007b1c                strlen
 *(.fini)
 .fini          0x10007b78        0x4 C:/Users/justi/.pico-sdk/toolchain/14_2_Rel1/bin/../lib/gcc/arm-none-eabi/14.2.1/thumb/v8-m.main+fp/softfp/crti.o
                0x10007b78                _fini
 *fill*         0x10007b7c        0x4 
 .fini.__stub   0x10007b80       0x58 linker stubs
 *crtbegin.o(.ctors)
 *crtbegin?.o(.ctors)
 *(EXCLUDE_FILE(*crtend.o *crtend?.o) .ctors)
 *(SORT_BY_NAME(.ctors.*))
 *(.ctors)
 *crtbegin.o(.dtors)
 *crtbegin?.o(.dtors)
 *(EXCLUDE_FILE(*crtend.o *crtend?.o) .dtors)
 *(SORT_BY_NAME(.dtors.*))
 *(.dtors)
                0x10007bd8                        . = ALIGN (0x4)
                0x10007bd8                        PROVIDE (__preinit_array_start = .)
 *(SORT_BY_NAME(.preinit_array.*))
 .preinit_array.00050
                0x10007bd8        0x4 CMakeFiles/DCSBiosRP2350.dir/C_/Users/justi/.pico-sdk/sdk/2.1.1/src/rp2_common/pico_runtime_init/runtime_init.c.obj
                0x10007bd8                __pre_init_runtime_init_bootrom_reset
 .preinit_array.00100
                0x10007bdc        0x4 CMakeFiles/DCSBiosRP2350.dir/C_/Users/justi/.pico-sdk/sdk/2.1.1/src/rp2_common/pico_runtime_init/runtime_init.c.obj
                0x10007bdc                __pre_init_runtime_init_early_resets
 .preinit_array.00101
                0x10007be0        0x4 CMakeFiles/DCSBiosRP2350.dir/C_/Users/justi/.pico-sdk/sdk/2.1.1/src/rp2_common/pico_runtime_init/runtime_init.c.obj
                0x10007be0                __pre_init_runtime_init_usb_power_down
 .preinit_array.00500
                0x10007be4        0x4 CMakeFiles/DCSBiosRP2350.dir/C_/Users/justi/.pico-sdk/sdk/2.1.1/src/rp2_common/pico_runtime_init/runtime_init.c.obj
                0x10007be4                __pre_init_runtime_init_clocks
 .preinit_array.00600
                0x10007be8        0x4 CMakeFiles/DCSBiosRP2350.dir/C_/Users/justi/.pico-sdk/sdk/2.1.1/src/rp2_common/pico_runtime_init/runtime_init.c.obj
                0x10007be8                __pre_init_runtime_init_post_clock_resets
 .preinit_array.01000
                0x10007bec        0x4 CMakeFiles/DCSBiosRP2350.dir/C_/Users/justi/.pico-sdk/sdk/2.1.1/src/rp2_common/hardware_boot_lock/boot_lock.c.obj
                0x10007bec                __pre_init_runtime_init_boot_locks_reset
 .preinit_array.01000
                0x10007bf0        0x4 CMakeFiles/DCSBiosRP2350.dir/C_/Users/justi/.pico-sdk/sdk/2.1.1/src/rp2_common/pico_runtime_init/runtime_init.c.obj
                0x10007bf0                __pre_init_runtime_init_spin_locks_reset
 .preinit_array.01010
                0x10007bf4        0x4 CMakeFiles/DCSBiosRP2350.dir/C_/Users/justi/.pico-sdk/sdk/2.1.1/src/rp2_common/pico_bootrom/bootrom_lock.c.obj
                0x10007bf4                __pre_init_runtime_init_bootrom_locking_enable
 .preinit_array.01100
                0x10007bf8        0x4 CMakeFiles/DCSBiosRP2350.dir/C_/Users/justi/.pico-sdk/sdk/2.1.1/src/common/pico_sync/mutex.c.obj
                0x10007bf8                __pre_init_runtime_init_mutex
 .preinit_array.10080
                0x10007bfc        0x4 CMakeFiles/DCSBiosRP2350.dir/C_/Users/justi/.pico-sdk/sdk/2.1.1/src/rp2_common/pico_runtime_init/runtime_init.c.obj
                0x10007bfc                __pre_init_runtime_init_install_ram_vector_table
 .preinit_array.11000
                0x10007c00        0x4 CMakeFiles/DCSBiosRP2350.dir/C_/Users/justi/.pico-sdk/sdk/2.1.1/src/common/pico_time/time.c.obj
                0x10007c00                __pre_init_runtime_init_default_alarm_pool
 .preinit_array.YYYYY
                0x10007c04        0x4 CMakeFiles/DCSBiosRP2350.dir/C_/Users/justi/.pico-sdk/sdk/2.1.1/src/rp2_common/pico_runtime/runtime.c.obj
                0x10007c04                __pre_init_first_per_core_initializer
 .preinit_array.ZZZZZ.00051
                0x10007c08        0x4 CMakeFiles/DCSBiosRP2350.dir/C_/Users/justi/.pico-sdk/sdk/2.1.1/src/rp2_common/pico_runtime_init/runtime_init.c.obj
                0x10007c08                __pre_init_runtime_init_per_core_bootrom_reset
 .preinit_array.ZZZZZ.00200
                0x10007c0c        0x4 CMakeFiles/DCSBiosRP2350.dir/C_/Users/justi/.pico-sdk/sdk/2.1.1/src/rp2_common/pico_runtime_init/runtime_init.c.obj
                0x10007c0c                __pre_init_runtime_init_per_core_enable_coprocessors
 .preinit_array.ZZZZZ.01000
                0x10007c10        0x4 CMakeFiles/DCSBiosRP2350.dir/C_/Users/justi/.pico-sdk/sdk/2.1.1/src/rp2_common/hardware_sync_spin_lock/sync_spin_lock.c.obj
                0x10007c10                __pre_init_spinlock_set_extexclall
 .preinit_array.ZZZZZ.01200
                0x10007c14        0x4 CMakeFiles/DCSBiosRP2350.dir/C_/Users/justi/.pico-sdk/sdk/2.1.1/src/rp2_common/hardware_irq/irq.c.obj
                0x10007c14                __pre_init_runtime_init_per_core_irq_priorities
 *(.preinit_array)
                0x10007c18                        PROVIDE (__preinit_array_end = .)
                0x10007c18                        . = ALIGN (0x4)
                0x10007c18                        PROVIDE (__init_array_start = .)
 *(SORT_BY_NAME(.init_array.*))
 *(.init_array)
 .init_array    0x10007c18        0x4 C:/Users/justi/.pico-sdk/toolchain/14_2_Rel1/bin/../lib/gcc/arm-none-eabi/14.2.1/thumb/v8-m.main+fp/softfp/crtbegin.o
 .init_array    0x10007c1c        0x4 CMakeFiles/DCSBiosRP2350.dir/Fox1_Panel1.cpp.obj
 .init_array    0x10007c20        0x4 CMakeFiles/DCSBiosRP2350.dir/C_/Users/justi/.pico-sdk/sdk/2.1.1/src/rp2_common/pico_unique_id/unique_id.c.obj
                0x10007c24                        PROVIDE (__init_array_end = .)
                0x10007c24                        . = ALIGN (0x4)
                [!provide]                        PROVIDE (__fini_array_start = .)
 *(SORT_BY_NAME(.fini_array.*))
 *(.fini_array)
                [!provide]                        PROVIDE (__fini_array_end = .)
 *(.eh_frame*)
 .eh_frame      0x10007c24        0x0 C:/Users/justi/.pico-sdk/toolchain/14_2_Rel1/bin/../lib/gcc/arm-none-eabi/14.2.1/thumb/v8-m.main+fp/softfp/crtbegin.o
                0x10007c24                        . = ALIGN (0x4)

.glue_7         0x10007c24        0x0
 .glue_7        0x10007c24        0x0 linker stubs

.glue_7t        0x10007c24        0x0
 .glue_7t       0x10007c24        0x0 linker stubs

.vfp11_veneer   0x10007c24        0x0
 .vfp11_veneer  0x10007c24        0x0 linker stubs

.v4_bx          0x10007c24        0x0
 .v4_bx         0x10007c24        0x0 linker stubs

.iplt           0x10007c24        0x0
 .iplt          0x10007c24        0x0 C:/Users/justi/.pico-sdk/toolchain/14_2_Rel1/bin/../lib/gcc/arm-none-eabi/14.2.1/thumb/v8-m.main+fp/softfp/crtbegin.o

.boot2          0x10007c24        0x0
                0x10007c24                        __boot2_start__ = .
 *(.boot2)
                0x10007c24                        __boot2_end__ = .
                0x00000001                        ASSERT (((__boot2_end__ - __boot2_start__) <= 0x100), ERROR: Pico second stage bootloader must be no more than 256 bytes in size)

.rodata         0x10007c28     0x1298
 *(EXCLUDE_FILE(*libm.a: *libc.a:*lib_a-mem*.o *libgcc.a:) .rodata*)
 .rodata._ZN7DcsBios5setupEv.str1.4
                0x10007c28      0xbf1 CMakeFiles/DCSBiosRP2350.dir/Fox1_Panel1.cpp.obj
                                 0x1a (size before relaxing)
 .rodata._Z25init_external_peripheralsv.str1.4
                0x10008819       0x3c CMakeFiles/DCSBiosRP2350.dir/Fox1_Panel1.cpp.obj
 .rodata.main.str1.4
                0x10008819      0x11e CMakeFiles/DCSBiosRP2350.dir/Fox1_Panel1.cpp.obj
 .rodata._ZN7DcsBios11Switch2PosTILm0EE9pollInputEv.str1.4
                0x10008819        0x6 CMakeFiles/DCSBiosRP2350.dir/Fox1_Panel1.cpp.obj
 .rodata._ZN7DcsBios15SwitchMultiPosTILm0ELi5EE9pollInputEv.str1.4
                0x10008819        0x3 CMakeFiles/DCSBiosRP2350.dir/Fox1_Panel1.cpp.obj
 *fill*         0x10008819        0x3 
 .rodata._ZTVN7DcsBios20ExportStreamListenerE
                0x1000881c       0x14 CMakeFiles/DCSBiosRP2350.dir/Fox1_Panel1.cpp.obj
                0x1000881c                vtable for DcsBios::ExportStreamListener
 .rodata._ZTVN7DcsBios11Int16BufferE
                0x10008830       0x14 CMakeFiles/DCSBiosRP2350.dir/Fox1_Panel1.cpp.obj
                0x10008830                vtable for DcsBios::Int16Buffer
 .rodata._ZTVN7DcsBios12PollingInputE
                0x10008844       0x10 CMakeFiles/DCSBiosRP2350.dir/Fox1_Panel1.cpp.obj
                0x10008844                vtable for DcsBios::PollingInput
 .rodata._ZTVN7DcsBios15ResettableInputE
                0x10008854        0xc CMakeFiles/DCSBiosRP2350.dir/Fox1_Panel1.cpp.obj
                0x10008854                vtable for DcsBios::ResettableInput
 .rodata._ZTVN7DcsBios3LEDE
                0x10008860       0x14 CMakeFiles/DCSBiosRP2350.dir/Fox1_Panel1.cpp.obj
                0x10008860                vtable for DcsBios::LED
 .rodata._ZTVN7DcsBios11Switch2PosTILm0EEE
                0x10008874       0x20 CMakeFiles/DCSBiosRP2350.dir/Fox1_Panel1.cpp.obj
                0x10008874                vtable for DcsBios::Switch2PosT<0ul>
 .rodata._ZTVN7DcsBios15SwitchMultiPosTILm0ELi5EEE
                0x10008894       0x20 CMakeFiles/DCSBiosRP2350.dir/Fox1_Panel1.cpp.obj
                0x10008894                vtable for DcsBios::SwitchMultiPosT<0ul, 5>
 .rodata._ZL14dimRegisterMap
                0x100088b4       0x10 CMakeFiles/DCSBiosRP2350.dir/src/internal/aw9523b.cpp.obj
 .rodata._ZN7DcsBios15core1_host_taskEv.str1.4
                0x100088c4        0x3 CMakeFiles/DCSBiosRP2350.dir/src/internal/core1_tasks.cpp.obj
 .rodata._ZN7DcsBios16core1_slave_taskEv.str1.4
                0x100088c4       0x38 CMakeFiles/DCSBiosRP2350.dir/src/internal/core1_tasks.cpp.obj
 .rodata._ZN7DcsBios25core1_rs485_terminal_taskEv.str1.4