Archive member included to satisfy reference by file (symbol)

C:/Users/justi/.pico-sdk/toolchain/14_2_Rel1/bin/../lib/gcc/arm-none-eabi/14.2.1/thumb/v8-m.main+fp/softfp\libm.a(libm_a-wf_sqrt.o)
                              CMakeFiles/DCSBiosRP2350.dir/C_/Users/justi/.pico-sdk/sdk/2.1.1/src/rp2_common/pico_float/float_math.c.obj (sqrtf)
C:/Users/justi/.pico-sdk/toolchain/14_2_Rel1/bin/../lib/gcc/arm-none-eabi/14.2.1/thumb/v8-m.main+fp/softfp\libm.a(libm_a-ef_sqrt.o)
                              C:/Users/justi/.pico-sdk/toolchain/14_2_Rel1/bin/../lib/gcc/arm-none-eabi/14.2.1/thumb/v8-m.main+fp/softfp\libm.a(libm_a-wf_sqrt.o) (__ieee754_sqrtf)
C:/Users/justi/.pico-sdk/toolchain/14_2_Rel1/bin/../lib/gcc/arm-none-eabi/14.2.1/thumb/v8-m.main+fp/softfp\libgcc.a(_arm_addsubdf3.o)
                              CMakeFiles/DCSBiosRP2350.dir/C_/Users/justi/.pico-sdk/sdk/2.1.1/src/rp2_common/pico_float/float_math.c.obj (__aeabi_f2d)
C:/Users/justi/.pico-sdk/toolchain/14_2_Rel1/bin/../lib/gcc/arm-none-eabi/14.2.1/thumb/v8-m.main+fp/softfp\libgcc.a(_aeabi_ldivmod.o)
                              CMakeFiles/DCSBiosRP2350.dir/C_/Users/justi/.pico-sdk/sdk/2.1.1/src/common/pico_time/time.c.obj (__aeabi_ldivmod)
C:/Users/justi/.pico-sdk/toolchain/14_2_Rel1/bin/../lib/gcc/arm-none-eabi/14.2.1/thumb/v8-m.main+fp/softfp\libgcc.a(_aeabi_uldivmod.o)
                              CMakeFiles/DCSBiosRP2350.dir/Fox2_Demo.cpp.obj (__aeabi_uldivmod)
C:/Users/justi/.pico-sdk/toolchain/14_2_Rel1/bin/../lib/gcc/arm-none-eabi/14.2.1/thumb/v8-m.main+fp/softfp\libgcc.a(_udivmoddi4.o)
                              C:/Users/justi/.pico-sdk/toolchain/14_2_Rel1/bin/../lib/gcc/arm-none-eabi/14.2.1/thumb/v8-m.main+fp/softfp\libgcc.a(_aeabi_ldivmod.o) (__udivmoddi4)
C:/Users/justi/.pico-sdk/toolchain/14_2_Rel1/bin/../lib/gcc/arm-none-eabi/14.2.1/thumb/v8-m.main+fp/softfp\libgcc.a(_dvmd_tls.o)
                              C:/Users/justi/.pico-sdk/toolchain/14_2_Rel1/bin/../lib/gcc/arm-none-eabi/14.2.1/thumb/v8-m.main+fp/softfp\libgcc.a(_aeabi_ldivmod.o) (__aeabi_ldiv0)
C:/Users/justi/.pico-sdk/toolchain/14_2_Rel1/bin/../lib/gcc/arm-none-eabi/14.2.1/thumb/v8-m.main+fp/softfp\libg.a(libc_a-calloc.o)
                              CMakeFiles/DCSBiosRP2350.dir/C_/Users/justi/.pico-sdk/sdk/2.1.1/src/rp2_common/pico_malloc/malloc.c.obj (calloc)
C:/Users/justi/.pico-sdk/toolchain/14_2_Rel1/bin/../lib/gcc/arm-none-eabi/14.2.1/thumb/v8-m.main+fp/softfp\libg.a(libc_a-callocr.o)
                              C:/Users/justi/.pico-sdk/toolchain/14_2_Rel1/bin/../lib/gcc/arm-none-eabi/14.2.1/thumb/v8-m.main+fp/softfp\libg.a(libc_a-calloc.o) (_calloc_r)
C:/Users/justi/.pico-sdk/toolchain/14_2_Rel1/bin/../lib/gcc/arm-none-eabi/14.2.1/thumb/v8-m.main+fp/softfp\libg.a(libc_a-malloc.o)
                              CMakeFiles/DCSBiosRP2350.dir/C_/Users/justi/.pico-sdk/sdk/2.1.1/src/rp2_common/pico_malloc/malloc.c.obj (malloc)
C:/Users/justi/.pico-sdk/toolchain/14_2_Rel1/bin/../lib/gcc/arm-none-eabi/14.2.1/thumb/v8-m.main+fp/softfp\libg.a(libc_a-mallocr.o)
                              C:/Users/justi/.pico-sdk/toolchain/14_2_Rel1/bin/../lib/gcc/arm-none-eabi/14.2.1/thumb/v8-m.main+fp/softfp\libg.a(libc_a-callocr.o) (_malloc_r)
C:/Users/justi/.pico-sdk/toolchain/14_2_Rel1/bin/../lib/gcc/arm-none-eabi/14.2.1/thumb/v8-m.main+fp/softfp\libg.a(libc_a-mlock.o)
                              C:/Users/justi/.pico-sdk/toolchain/14_2_Rel1/bin/../lib/gcc/arm-none-eabi/14.2.1/thumb/v8-m.main+fp/softfp\libg.a(libc_a-mallocr.o) (__malloc_lock)
C:/Users/justi/.pico-sdk/toolchain/14_2_Rel1/bin/../lib/gcc/arm-none-eabi/14.2.1/thumb/v8-m.main+fp/softfp\libg.a(libc_a-rand.o)
                              CMakeFiles/DCSBiosRP2350.dir/Fox2_Demo.cpp.obj (srand)
C:/Users/justi/.pico-sdk/toolchain/14_2_Rel1/bin/../lib/gcc/arm-none-eabi/14.2.1/thumb/v8-m.main+fp/softfp\libg.a(libc_a-realloc.o)
                              CMakeFiles/DCSBiosRP2350.dir/C_/Users/justi/.pico-sdk/sdk/2.1.1/src/rp2_common/pico_malloc/malloc.c.obj (realloc)
C:/Users/justi/.pico-sdk/toolchain/14_2_Rel1/bin/../lib/gcc/arm-none-eabi/14.2.1/thumb/v8-m.main+fp/softfp\libg.a(libc_a-reallocr.o)
                              C:/Users/justi/.pico-sdk/toolchain/14_2_Rel1/bin/../lib/gcc/arm-none-eabi/14.2.1/thumb/v8-m.main+fp/softfp\libg.a(libc_a-realloc.o) (_realloc_r)
C:/Users/justi/.pico-sdk/toolchain/14_2_Rel1/bin/../lib/gcc/arm-none-eabi/14.2.1/thumb/v8-m.main+fp/softfp\libg.a(libc_a-ctype_.o)
                              CMakeFiles/DCSBiosRP2350.dir/C_/Users/justi/.pico-sdk/sdk/2.1.1/lib/tinyusb/src/tusb.c.obj (_ctype_)
C:/Users/justi/.pico-sdk/toolchain/14_2_Rel1/bin/../lib/gcc/arm-none-eabi/14.2.1/thumb/v8-m.main+fp/softfp\libg.a(libc_a-memcmp.o)
                              CMakeFiles/DCSBiosRP2350.dir/C_/Users/justi/.pico-sdk/sdk/2.1.1/src/rp2_common/pico_atomic/atomic.c.obj (memcmp)
C:/Users/justi/.pico-sdk/toolchain/14_2_Rel1/bin/../lib/gcc/arm-none-eabi/14.2.1/thumb/v8-m.main+fp/softfp\libg.a(libc_a-memmove.o)
[...]
Memory Configuration

Name             Origin             Length             Attributes
FLASH            0x10000000         0x01000000         xr
RAM              0x20000000         0x00080000         xrw
SCRATCH_X        0x20080000         0x00001000         xrw
SCRATCH_Y        0x20081000         0x00001000         xrw
*default*        0x00000000         0xffffffff

Linker script and memory map

LOAD C:/Users/justi/.pico-sdk/toolchain/14_2_Rel1/bin/../lib/gcc/arm-none-eabi/14.2.1/thumb/v8-m.main+fp/softfp/crti.o
LOAD C:/Users/justi/.pico-sdk/toolchain/14_2_Rel1/bin/../lib/gcc/arm-none-eabi/14.2.1/thumb/v8-m.main+fp/softfp/crtbegin.o
LOAD C:/Users/justi/.pico-sdk/toolchain/14_2_Rel1/bin/../lib/gcc/arm-none-eabi/14.2.1/thumb/v8-m.main+fp/softfp/crt0.o

.flash_begin    0x10000000        0x0
                0x10000000                        __flash_binary_start = .

.text           0x10000000     0x93f4
                0x10000000                        __logical_binary_start = .
 *(.vectors)
 .vectors       0x10000000      0x124 CMakeFiles/DCSBiosRP2350.dir/C_/Users/justi/.pico-sdk/sdk/2.1.1/src/rp2_common/pico_crt0/crt0.S.obj
                0x10000000                __VECTOR_TABLE
                0x10000000                __vectors
                0x10000110                __default_isrs_start
                0x10000110                isr_invalid
                0x10000112                isr_nmi
                0x10000114                isr_hardfault
                0x10000116                isr_svcall
                0x10000118                isr_pendsv
                0x1000011a                isr_systick
                0x1000011c                isr_irq31
                0x1000011c                isr_irq5
                0x1000011c                isr_irq11
                0x1000011c                isr_irq32
                0x1000011c                isr_irq23
                0x1000011c                isr_irq48
                0x1000011c                isr_irq35
                0x1000011c                isr_irq18
                0x1000011c                isr_irq50
                0x1000011c                isr_irq27
                0x1000011c                isr_irq40
                0x1000011c                isr_irq28
                0x1000011c                isr_irq19
                0x1000011c                isr_irq36
                0x1000011c                isr_irq41
                0x1000011c                isr_irq0
                0x1000011c                isr_irq6
                0x1000011c                isr_irq45
                0x1000011c                isr_irq12
                0x1000011c                isr_irq37
                0x1000011c                isr_irq42
                0x1000011c                isr_irq22
                0x1000011c                isr_irq43
                0x1000011c                isr_irq17
                0x1000011c                isr_irq38
                0x1000011c                isr_irq14
                0x1000011c                isr_irq13
                0x1000011c                isr_irq2
                0x1000011c                isr_irq10
                0x1000011c                isr_irq8
                0x1000011c                isr_irq24
                0x1000011c                isr_irq46
                0x1000011c                isr_irq1
                0x1000011c                isr_irq47
                0x1000011c                isr_irq51
                0x1000011c                isr_irq7
                0x1000011c                isr_irq21
                0x1000011c                isr_irq39
                0x1000011c                isr_irq20
                0x1000011c                isr_irq15
                0x1000011c                isr_irq25
                0x1000011c                isr_irq34
                0x1000011c                isr_irq49
                0x1000011c                __unhandled_user_irq
                0x1000011c                isr_irq4
                0x1000011c                isr_irq16
                0x1000011c                isr_irq44
                0x1000011c                isr_irq29
                0x1000011c                isr_irq26
                0x1000011c                __default_isrs_end
                0x1000011c                isr_irq33
                0x1000011c                isr_irq3
                0x1000011c                isr_irq30
                0x1000011c                isr_irq9
                0x10000122                unhandled_user_irq_num_in_r0
 *(.binary_info_header)
 .binary_info_header
                0x10000124       0x14 CMakeFiles/DCSBiosRP2350.dir/C_/Users/justi/.pico-sdk/sdk/2.1.1/src/rp2_common/pico_crt0/crt0.S.obj
                0x10000138                        __binary_info_header_end = .
 *(.embedded_block)
 .embedded_block
                0x10000138       0x14 CMakeFiles/DCSBiosRP2350.dir/C_/Users/justi/.pico-sdk/sdk/2.1.1/src/rp2_common/pico_crt0/crt0.S.obj
                0x1000014c                        __embedded_block_end = .
 *(.reset)
 .reset         0x1000014c       0xa0 CMakeFiles/DCSBiosRP2350.dir/C_/Users/justi/.pico-sdk/sdk/2.1.1/src/rp2_common/pico_crt0/crt0.S.obj
                0x1000014c                _entry_point
 *(.init)
 .init          0x100001ec        0x4 C:/Users/justi/.pico-sdk/toolchain/14_2_Rel1/bin/../lib/gcc/arm-none-eabi/14.2.1/thumb/v8-m.main+fp/softfp/crti.o
                0x100001ec                _init
 SORT_BY_NAME(REVERSE(*libgcc.a:cmse_nonsecure_call.o))()
 *(EXCLUDE_FILE(*libm.a: *libc.a:*lib_a-mem*.o *libgcc.a:) .text*)
 .text.register_tm_clones
                0x100001f0       0x28 C:/Users/justi/.pico-sdk/toolchain/14_2_Rel1/bin/../lib/gcc/arm-none-eabi/14.2.1/thumb/v8-m.main+fp/softfp/crtbegin.o
 .text.frame_dummy
                0x10000218       0x24 C:/Users/justi/.pico-sdk/toolchain/14_2_Rel1/bin/../lib/gcc/arm-none-eabi/14.2.1/thumb/v8-m.main+fp/softfp/crtbegin.o
 .text.gpio_get
                0x1000023c       0x32 CMakeFiles/DCSBiosRP2350.dir/Fox2_Demo.cpp.obj
 .text._ZN7DcsBios11Switch2PosTILm0EE10resetStateEv
                0x1000026e       0x12 CMakeFiles/DCSBiosRP2350.dir/Fox2_Demo.cpp.obj
                0x1000026e                DcsBios::Switch2PosT<0ul>::resetState()
 .text._ZN7DcsBios11Switch2PosTILm0EE14resetThisStateEv
                0x10000280       0x10 CMakeFiles/DCSBiosRP2350.dir/Fox2_Demo.cpp.obj
                0x10000280                DcsBios::Switch2PosT<0ul>::resetThisState()
                0x1000028a                non-virtual thunk to DcsBios::Switch2PosT<0ul>::resetThisState()
 .text._ZN7DcsBios10core1_taskEv
                0x10000290       0x50 CMakeFiles/DCSBiosRP2350.dir/Fox2_Demo.cpp.obj
                0x10000290                DcsBios::core1_task()
 .text._ZN7DcsBios20ExportStreamListener7loopAllEv
                0x100002e0       0x1c CMakeFiles/DCSBiosRP2350.dir/Fox2_Demo.cpp.obj
                0x100002e0                DcsBios::ExportStreamListener::loopAll()
 .text._ZN7DcsBios12PollingInput10pollInputsEv
                0x100002fc       0x68 CMakeFiles/DCSBiosRP2350.dir/Fox2_Demo.cpp.obj
                0x100002fc                DcsBios::PollingInput::pollInputs()
 .text._ZN7DcsBios5setupEv
                0x10000364       0x10 CMakeFiles/DCSBiosRP2350.dir/Fox2_Demo.cpp.obj
                0x10000364                DcsBios::setup()
 .text._ZN7DcsBios4loopEv
                0x10000374       0x2c CMakeFiles/DCSBiosRP2350.dir/Fox2_Demo.cpp.obj
                0x10000374                DcsBios::loop()
 .text._ZN7DcsBios23tryToSendDcsBiosMessageEPKcS1_
                0x100003a0       0x64 CMakeFiles/DCSBiosRP2350.dir/Fox2_Demo.cpp.obj
                0x100003a0                DcsBios::tryToSendDcsBiosMessage(char const*, char const*)
 .text._Z17updateCommDisplayPKch
                0x10000404       0xe4 CMakeFiles/DCSBiosRP2350.dir/Fox2_Demo.cpp.obj
                0x10000404                updateCommDisplay(char const*, unsigned char)
 .text._Z14updateLedStripv
                0x100004e8       0xbc CMakeFiles/DCSBiosRP2350.dir/Fox2_Demo.cpp.obj
                0x100004e8                updateLedStrip()
 .text._Z19pollEncoderLEDCountv
                0x100005a4      0x110 CMakeFiles/DCSBiosRP2350.dir/Fox2_Demo.cpp.obj
                0x100005a4                pollEncoderLEDCount()
 .text._Z19updateRainbowColorsv
                0x100006b4       0xd0 CMakeFiles/DCSBiosRP2350.dir/Fox2_Demo.cpp.obj
                0x100006b4                updateRainbowColors()
 .text._Z23pollEncoderRainbowSpeedv
                0x10000784      0x104 CMakeFiles/DCSBiosRP2350.dir/Fox2_Demo.cpp.obj
                0x10000784                pollEncoderRainbowSpeed()
 .text._Z16updateRgbDisplayv
                0x10000888       0x50 CMakeFiles/DCSBiosRP2350.dir/Fox2_Demo.cpp.obj
                0x10000888                updateRgbDisplay()
 .text._Z20pollEncoderRgbButtonv
                0x100008d8       0x54 CMakeFiles/DCSBiosRP2350.dir/Fox2_Demo.cpp.obj
                0x100008d8                pollEncoderRgbButton()
 .text._Z24pollEncoderRainbowButtonv
                0x1000092c       0x5c CMakeFiles/DCSBiosRP2350.dir/Fox2_Demo.cpp.obj
                0x1000092c                pollEncoderRainbowButton()
 .text._Z14pollEncoderRGBv
                0x10000988      0x170 CMakeFiles/DCSBiosRP2350.dir/Fox2_Demo.cpp.obj
                0x10000988                pollEncoderRGB()
 .text.main     0x10000af8      0x2c8 CMakeFiles/DCSBiosRP2350.dir/Fox2_Demo.cpp.obj
                0x10000af8                main
 .text._ZN7DcsBios11Switch2PosTILm0EEC2EPKccbm
                0x10000dc0       0x78 CMakeFiles/DCSBiosRP2350.dir/Fox2_Demo.cpp.obj
                0x10000dc0                DcsBios::Switch2PosT<0ul>::Switch2PosT(char const*, char, bool, unsigned long)
                0x10000dc0                DcsBios::Switch2PosT<0ul>::Switch2PosT(char const*, char, bool, unsigned long)
 .text._Z41__static_initialization_and_destruction_0v
                0x10000e38       0x44 CMakeFiles/DCSBiosRP2350.dir/Fox2_Demo.cpp.obj
 .text._ZN7DcsBios11Switch2PosTILm0EE9readInputEv
                0x10000e7c       0x1e CMakeFiles/DCSBiosRP2350.dir/Fox2_Demo.cpp.obj
                0x10000e7c                DcsBios::Switch2PosT<0ul>::readInput()
 *fill*         0x10000e9a        0x2 
 .text._ZN7DcsBios11Switch2PosTILm0EE9pollInputEv
                0x10000e9c       0x7c CMakeFiles/DCSBiosRP2350.dir/Fox2_Demo.cpp.obj
                0x10000e9c                DcsBios::Switch2PosT<0ul>::pollInput()
 .text._GLOBAL__sub_I__ZN7DcsBios6parserE
                0x10000f18        0x8 CMakeFiles/DCSBiosRP2350.dir/Fox2_Demo.cpp.obj
 .text._ZN7DcsBios14ProtocolParserC2Ev
                0x10000f20       0x18 CMakeFiles/DCSBiosRP2350.dir/src/internal/Protocol.cpp.obj
                0x10000f20                DcsBios::ProtocolParser::ProtocolParser()
                0x10000f20                DcsBios::ProtocolParser::ProtocolParser()
 .text._ZN7DcsBios14ProtocolParser11processCharEh
                0x10000f38       0xfc CMakeFiles/DCSBiosRP2350.dir/src/internal/Protocol.cpp.obj
                0x10000f38                DcsBios::ProtocolParser::processChar(unsigned char)
 .text._ZN7AW9523B12readRegisterEhPh
                0x10001034       0x40 CMakeFiles/DCSBiosRP2350.dir/src/internal/aw9523b.cpp.obj
                0x10001034                AW9523B::readRegister(unsigned char, unsigned char*)
 .text._ZN7AW9523B7readPinEh
                0x10001074       0x2e CMakeFiles/DCSBiosRP2350.dir/src/internal/aw9523b.cpp.obj
                0x10001074                AW9523B::readPin(unsigned char)
 .text.sm_config_set_sideset_pin_base
                0x100010a2       0x20 CMakeFiles/DCSBiosRP2350.dir/src/internal/ws2812.cpp.obj
 *fill*         0x100010c2        0x2 
 .text.sm_config_set_clkdiv
                0x100010c4       0x5c CMakeFiles/DCSBiosRP2350.dir/src/internal/ws2812.cpp.obj
 .text._ZL33ws2812_program_get_default_configj
                0x10001120       0x42 CMakeFiles/DCSBiosRP2350.dir/src/internal/ws2812.cpp.obj
 .text._ZL19ws2812_program_initP8pio_hw_tjjjfb
                0x10001162       0xc0 CMakeFiles/DCSBiosRP2350.dir/src/internal/ws2812.cpp.obj
 .text._ZN6WS2812C2EP8pio_hw_tjjb
                0x10001222       0x1a CMakeFiles/DCSBiosRP2350.dir/src/internal/ws2812.cpp.obj
                0x10001222                WS2812::WS2812(pio_hw_t*, unsigned int, unsigned int, bool)
                0x10001222                WS2812::WS2812(pio_hw_t*, unsigned int, unsigned int, bool)
 .text._ZN6WS28125beginEt
                0x1000123c       0x74 CMakeFiles/DCSBiosRP2350.dir/src/internal/ws2812.cpp.obj
                0x1000123c                WS2812::begin(unsigned short)
 .text._ZN6WS28128setPixelEtm
                0x100012b0        0xe CMakeFiles/DCSBiosRP2350.dir/src/internal/ws2812.cpp.obj
                0x100012b0                WS2812::setPixel(unsigned short, unsigned long)
 *fill*         0x100012be        0x2 
 .text._ZN6WS28124showEv
                0x100012c0       0x98 CMakeFiles/DCSBiosRP2350.dir/src/internal/ws2812.cpp.obj
                0x100012c0                WS2812::show()
 .text._ZN6WS28123rgbEhhh
                0x10001358        0xc CMakeFiles/DCSBiosRP2350.dir/src/internal/ws2812.cpp.obj
                0x10001358                WS2812::rgb(unsigned char, unsigned char, unsigned char)
 .text._ZN7Ht16k33C2EP8pio_hw_tjh
                0x10001364       0x18 CMakeFiles/DCSBiosRP2350.dir/src/internal/ht16k33a.cpp.obj
                0x10001364                Ht16k33::Ht16k33(pio_hw_t*, unsigned int, unsigned char)
                0x10001364                Ht16k33::Ht16k33(pio_hw_t*, unsigned int, unsigned char)
 .text._ZN7Ht16k335beginEv
                0x1000137c       0x40 CMakeFiles/DCSBiosRP2350.dir/src/internal/ht16k33a.cpp.obj
                0x1000137c                Ht16k33::begin()
 .text._ZN7Ht16k3312writeDisplayEv
                0x100013bc       0x38 CMakeFiles/DCSBiosRP2350.dir/src/internal/ht16k33a.cpp.obj
                0x100013bc                Ht16k33::writeDisplay()
 .text._ZN7Ht16k335clearEv
                0x100013f4       0x18 CMakeFiles/DCSBiosRP2350.dir/src/internal/ht16k33a.cpp.obj
                0x100013f4                Ht16k33::clear()
 .text._ZN7Ht16k3311setRawDigitEhh
                0x1000140c        0xc CMakeFiles/DCSBiosRP2350.dir/src/internal/ht16k33a.cpp.obj
                0x1000140c                Ht16k33::setRawDigit(unsigned char, unsigned char)
 .text.sm_config_set_out_pins
                0x10001418       0x2e CMakeFiles/DCSBiosRP2350.dir/src/internal/pio_i2c.cpp.obj
 .text.sm_config_set_set_pin_base
                0x10001446       0x20 CMakeFiles/DCSBiosRP2350.dir/src/internal/pio_i2c.cpp.obj
 .text.sm_config_set_in_pin_base
                0x10001466       0x20 CMakeFiles/DCSBiosRP2350.dir/src/internal/pio_i2c.cpp.obj
 .text.sm_config_set_sideset_pin_base
                0x10001486       0x20 CMakeFiles/DCSBiosRP2350.dir/src/internal/pio_i2c.cpp.obj
 *fill*         0x100014a6        0x2 
 .text.sm_config_set_clkdiv
                0x100014a8       0x5c CMakeFiles/DCSBiosRP2350.dir/src/internal/pio_i2c.cpp.obj
 .text.sm_config_set_jmp_pin
                0x10001504       0x20 CMakeFiles/DCSBiosRP2350.dir/src/internal/pio_i2c.cpp.obj
 .text._ZL30i2c_program_get_default_configj
                0x10001524       0x48 CMakeFiles/DCSBiosRP2350.dir/src/internal/pio_i2c.cpp.obj
 .text.pio_i2c_init
                0x1000156c      0x160 CMakeFiles/DCSBiosRP2350.dir/src/internal/pio_i2c.cpp.obj
                0x1000156c                pio_i2c_init
 .text.pio_i2c_check_error
                0x100016cc       0x10 CMakeFiles/DCSBiosRP2350.dir/src/internal/pio_i2c.cpp.obj
                0x100016cc                pio_i2c_check_error
 .text._ZL17pio_i2c_wait_idleP8pio_hw_tj
                0x100016dc       0x30 CMakeFiles/DCSBiosRP2350.dir/src/internal/pio_i2c.cpp.obj
 .text.pio_i2c_resume_after_error
                0x1000170c       0x26 CMakeFiles/DCSBiosRP2350.dir/src/internal/pio_i2c.cpp.obj
                0x1000170c                pio_i2c_resume_after_error
 .text.pio_i2c_rx_enable
                0x10001732       0x2e CMakeFiles/DCSBiosRP2350.dir/src/internal/pio_i2c.cpp.obj
                0x10001732                pio_i2c_rx_enable
 .text._Z18pio_i2c_put_or_errP8pio_hw_tjt
                0x10001760       0x38 CMakeFiles/DCSBiosRP2350.dir/src/internal/pio_i2c.cpp.obj
                0x10001760                pio_i2c_put_or_err(pio_hw_t*, unsigned int, unsigned short)
 .text._Z13pio_i2c_startP8pio_hw_tj
                0x10001798       0x28 CMakeFiles/DCSBiosRP2350.dir/src/internal/pio_i2c.cpp.obj
                0x10001798                pio_i2c_start(pio_hw_t*, unsigned int)
 .text._Z12pio_i2c_stopP8pio_hw_tj
                0x100017c0       0x34 CMakeFiles/DCSBiosRP2350.dir/src/internal/pio_i2c.cpp.obj
                0x100017c0                pio_i2c_stop(pio_hw_t*, unsigned int)
 .text.pio_i2c_write_blocking
                0x100017f4       0xa0 CMakeFiles/DCSBiosRP2350.dir/src/internal/pio_i2c.cpp.obj
                0x100017f4                pio_i2c_write_blocking
 .text._ZN7DcsBios13initHeartbeatEi
                0x10001894       0x24 CMakeFiles/DCSBiosRP2350.dir/src/internal/heartbeat.cpp.obj
                0x10001894                DcsBios::initHeartbeat(int)
 .text._ZN7DcsBios15updateHeartbeatEv
                0x100018b8       0x50 CMakeFiles/DCSBiosRP2350.dir/src/internal/heartbeat.cpp.obj
                0x100018b8                DcsBios::updateHeartbeat()
 .text.uart_getc
                0x10001908       0x30 CMakeFiles/DCSBiosRP2350.dir/src/internal/rs485.cpp.obj
 .text._ZN7DcsBios15rs485_tx_enableEv
                0x10001938       0x14 CMakeFiles/DCSBiosRP2350.dir/src/internal/rs485.cpp.obj
                0x10001938                DcsBios::rs485_tx_enable()
 .text._ZN7DcsBios16rs485_tx_disableEv
                0x1000194c       0x14 CMakeFiles/DCSBiosRP2350.dir/src/internal/rs485.cpp.obj
                0x1000194c                DcsBios::rs485_tx_disable()
 .text._ZN7DcsBios15rs485_send_charEc
                0x10001960       0x48 CMakeFiles/DCSBiosRP2350.dir/src/internal/rs485.cpp.obj
                0x10001960                DcsBios::rs485_send_char(char)
 .text._ZN7DcsBios11rs485_flushEv
                0x100019a8       0x24 CMakeFiles/DCSBiosRP2350.dir/src/internal/rs485.cpp.obj
                0x100019a8                DcsBios::rs485_flush()
 .text._ZN7DcsBios17rs485_send_stringEPKc
                0x100019cc       0x54 CMakeFiles/DCSBiosRP2350.dir/src/internal/rs485.cpp.obj
                0x100019cc                DcsBios::rs485_send_string(char const*)
 .text._ZN7DcsBios23rs485_receive_availableEv
                0x10001a20       0x18 CMakeFiles/DCSBiosRP2350.dir/src/internal/rs485.cpp.obj
                0x10001a20                DcsBios::rs485_receive_available()
 .text._ZN7DcsBios18rs485_receive_charEv
                0x10001a38       0x10 CMakeFiles/DCSBiosRP2350.dir/src/internal/rs485.cpp.obj
                0x10001a38                DcsBios::rs485_receive_char()
 .text._ZN7DcsBios15core1_host_taskEv
                0x10001a48       0xe4 CMakeFiles/DCSBiosRP2350.dir/src/internal/core1_tasks.cpp.obj
                0x10001a48                DcsBios::core1_host_task()
 .text._ZN7DcsBios16core1_slave_taskEv
                0x10001b2c       0xbc CMakeFiles/DCSBiosRP2350.dir/src/internal/core1_tasks.cpp.obj
                0x10001b2c                DcsBios::core1_slave_task()
 .text._ZN7DcsBios19core1_usb_only_taskEv
                0x10001be8       0x3e CMakeFiles/DCSBiosRP2350.dir/src/internal/core1_tasks.cpp.obj
                0x10001be8                DcsBios::core1_usb_only_task()
 *fill*         0x10001c26        0x2 
 .text._ZN7DcsBios25core1_rs485_terminal_taskEv
                0x10001c28       0xdc CMakeFiles/DCSBiosRP2350.dir/src/internal/core1_tasks.cpp.obj
                0x10001c28                DcsBios::core1_rs485_terminal_task()
 .text.gpio_set_function
                0x10001d04       0x38 CMakeFiles/DCSBiosRP2350.dir/C_/Users/justi/.pico-sdk/sdk/2.1.1/src/rp2_common/hardware_gpio/gpio.c.obj
                0x10001d04                gpio_set_function
 .text.gpio_set_pulls
                0x10001d3c       0x38 CMakeFiles/DCSBiosRP2350.dir/C_/Users/justi/.pico-sdk/sdk/2.1.1/src/rp2_common/hardware_gpio/gpio.c.obj
                0x10001d3c                gpio_set_pulls
 .text.gpio_set_oeover
                0x10001d74       0x1e CMakeFiles/DCSBiosRP2350.dir/C_/Users/justi/.pico-sdk/sdk/2.1.1/src/rp2_common/hardware_gpio/gpio.c.obj
                0x10001d74                gpio_set_oeover
 .text.gpio_init
                0x10001d92       0x16 CMakeFiles/DCSBiosRP2350.dir/C_/Users/justi/.pico-sdk/sdk/2.1.1/src/rp2_common/hardware_gpio/gpio.c.obj
                0x10001d92                gpio_init
 .text.panic    0x10001da8       0x30 CMakeFiles/DCSBiosRP2350.dir/C_/Users/justi/.pico-sdk/sdk/2.1.1/src/rp2_common/pico_platform_panic/panic.c.obj
                0x10001da8                panic
 .text.hw_claim_lock
                0x10001dd8       0x24 CMakeFiles/DCSBiosRP2350.dir/C_/Users/justi/.pico-sdk/sdk/2.1.1/src/common/hardware_claim/claim.c.obj
                0x10001dd8                hw_claim_lock
 .text.hw_claim_unlock
                0x10001dfc       0x14 CMakeFiles/DCSBiosRP2350.dir/C_/Users/justi/.pico-sdk/sdk/2.1.1/src/common/hardware_claim/claim.c.obj
                0x10001dfc                hw_claim_unlock
 .text.hw_claim_or_assert
                0x10001e10       0x32 CMakeFiles/DCSBiosRP2350.dir/C_/Users/justi/.pico-sdk/sdk/2.1.1/src/common/hardware_claim/claim.c.obj
                0x10001e10                hw_claim_or_assert
 .text.hw_claim_unused_from_range
                0x10001e42       0x4e CMakeFiles/DCSBiosRP2350.dir/C_/Users/justi/.pico-sdk/sdk/2.1.1/src/common/hardware_claim/claim.c.obj
                0x10001e42                hw_claim_unused_from_range
 .text.hw_claim_clear
                0x10001e90       0x40 CMakeFiles/DCSBiosRP2350.dir/C_/Users/justi/.pico-sdk/sdk/2.1.1/src/common/hardware_claim/claim.c.obj
                0x10001e90                hw_claim_clear
 .text.next_striped_spin_lock_num
                0x10001ed0       0x1c CMakeFiles/DCSBiosRP2350.dir/C_/Users/justi/.pico-sdk/sdk/2.1.1/src/rp2_common/hardware_sync/sync.c.obj
                0x10001ed0                next_striped_spin_lock_num
 .text.spin_lock_claim_unused
                0x10001eec       0x24 CMakeFiles/DCSBiosRP2350.dir/C_/Users/justi/.pico-sdk/sdk/2.1.1/src/rp2_common/hardware_sync/sync.c.obj
                0x10001eec                spin_lock_claim_unused
 .text.spinlock_set_extexclall
                0x10001f10        0xe CMakeFiles/DCSBiosRP2350.dir/C_/Users/justi/.pico-sdk/sdk/2.1.1/src/rp2_common/hardware_sync_spin_lock/sync_spin_lock.c.obj
 *fill*         0x10001f1e        0x2 
 .text.spin_locks_reset
                0x10001f20       0x1c CMakeFiles/DCSBiosRP2350.dir/C_/Users/justi/.pico-sdk/sdk/2.1.1/src/rp2_common/hardware_sync_spin_lock/sync_spin_lock.c.obj
                0x10001f20                spin_locks_reset
 .text.set_raw_irq_handler_and_unlock
                0x10001f3c       0x24 CMakeFiles/DCSBiosRP2350.dir/C_/Users/justi/.pico-sdk/sdk/2.1.1/src/rp2_common/hardware_irq/irq.c.obj
 .text.nvic_ipr0
                0x10001f60        0x8 CMakeFiles/DCSBiosRP2350.dir/C_/Users/justi/.pico-sdk/sdk/2.1.1/src/rp2_common/hardware_irq/irq.c.obj
 .text.runtime_init_per_core_irq_priorities
                0x10001f68       0x1a CMakeFiles/DCSBiosRP2350.dir/C_/Users/justi/.pico-sdk/sdk/2.1.1/src/rp2_common/hardware_irq/irq.c.obj
                0x10001f68                runtime_init_per_core_irq_priorities
 *fill*         0x10001f82        0x2 
 .text.resolve_j_16
                0x10001f84       0x40 CMakeFiles/DCSBiosRP2350.dir/C_/Users/justi/.pico-sdk/sdk/2.1.1/src/rp2_common/hardware_irq/irq.c.obj
 .text.make_j_16
                0x10001fc4       0x3c CMakeFiles/DCSBiosRP2350.dir/C_/Users/justi/.pico-sdk/sdk/2.1.1/src/rp2_common/hardware_irq/irq.c.obj
 .text.irq_is_enabled
                0x10002000       0x20 CMakeFiles/DCSBiosRP2350.dir/C_/Users/justi/.pico-sdk/sdk/2.1.1/src/rp2_common/hardware_irq/irq.c.obj
                0x10002000                irq_is_enabled
 .text.irq_set_mask_n_enabled
                0x10002020       0x20 CMakeFiles/DCSBiosRP2350.dir/C_/Users/justi/.pico-sdk/sdk/2.1.1/src/rp2_common/hardware_irq/irq.c.obj
                0x10002020                irq_set_mask_n_enabled
 .text.irq_set_enabled
                0x10002040       0x14 CMakeFiles/DCSBiosRP2350.dir/C_/Users/justi/.pico-sdk/sdk/2.1.1/src/rp2_common/hardware_irq/irq.c.obj
                0x10002040                irq_set_enabled
 .text.irq_set_pending
                0x10002054       0x18 CMakeFiles/DCSBiosRP2350.dir/C_/Users/justi/.pico-sdk/sdk/2.1.1/src/rp2_common/hardware_irq/irq.c.obj
                0x10002054                irq_set_pending
 .text.irq_get_vtable_handler
                0x1000206c       0x10 CMakeFiles/DCSBiosRP2350.dir/C_/Users/justi/.pico-sdk/sdk/2.1.1/src/rp2_common/hardware_irq/irq.c.obj
                0x1000206c                irq_get_vtable_handler
 .text.irq_has_shared_handler
                0x1000207c       0x18 CMakeFiles/DCSBiosRP2350.dir/C_/Users/justi/.pico-sdk/sdk/2.1.1/src/rp2_common/hardware_irq/irq.c.obj
                0x1000207c                irq_has_shared_handler
 .text.irq_set_exclusive_handler
                0x10002094       0x60 CMakeFiles/DCSBiosRP2350.dir/C_/Users/justi/.pico-sdk/sdk/2.1.1/src/rp2_common/hardware_irq/irq.c.obj
                0x10002094                irq_set_exclusive_handler
 .text.irq_add_shared_handler
                0x100020f4      0x234 CMakeFiles/DCSBiosRP2350.dir/C_/Users/justi/.pico-sdk/sdk/2.1.1/src/rp2_common/hardware_irq/irq.c.obj
                0x100020f4                irq_add_shared_handler
 .text.irq_add_tail_to_free_list
                0x10002328       0xf8 CMakeFiles/DCSBiosRP2350.dir/C_/Users/justi/.pico-sdk/sdk/2.1.1/src/rp2_common/hardware_irq/irq.c.obj
                0x10002328                irq_add_tail_to_free_list
 .text.user_irq_claim_unused
                0x10002420       0x2c CMakeFiles/DCSBiosRP2350.dir/C_/Users/justi/.pico-sdk/sdk/2.1.1/src/rp2_common/hardware_irq/irq.c.obj
                0x10002420                user_irq_claim_unused
 .text.lock_init
                0x1000244c        0xc CMakeFiles/DCSBiosRP2350.dir/C_/Users/justi/.pico-sdk/sdk/2.1.1/src/common/pico_sync/lock_core.c.obj
                0x1000244c                lock_init
 .text.mutex_init
                0x10002458       0x1a CMakeFiles/DCSBiosRP2350.dir/C_/Users/justi/.pico-sdk/sdk/2.1.1/src/common/pico_sync/mutex.c.obj
                0x10002458                mutex_init
 .text.recursive_mutex_init
                0x10002472       0x1e CMakeFiles/DCSBiosRP2350.dir/C_/Users/justi/.pico-sdk/sdk/2.1.1/src/common/pico_sync/mutex.c.obj
                0x10002472                recursive_mutex_init
 .text.runtime_init_mutex
                0x10002490       0x4c CMakeFiles/DCSBiosRP2350.dir/C_/Users/justi/.pico-sdk/sdk/2.1.1/src/common/pico_sync/mutex.c.obj
                0x10002490                runtime_init_mutex
 .text.critical_section_init_with_lock_num
                0x100024dc       0x10 CMakeFiles/DCSBiosRP2350.dir/C_/Users/justi/.pico-sdk/sdk/2.1.1/src/common/pico_sync/critical_section.c.obj
                0x100024dc                critical_section_init_with_lock_num
 .text.critical_section_init
                0x100024ec       0x14 CMakeFiles/DCSBiosRP2350.dir/C_/Users/justi/.pico-sdk/sdk/2.1.1/src/common/pico_sync/critical_section.c.obj
                0x100024ec                critical_section_init
 .text.ta_from_current_irq
                0x10002500       0x24 CMakeFiles/DCSBiosRP2350.dir/C_/Users/justi/.pico-sdk/sdk/2.1.1/src/common/pico_time/time.c.obj
 .text.ta_set_timeout
                0x10002524       0x2a CMakeFiles/DCSBiosRP2350.dir/C_/Users/justi/.pico-sdk/sdk/2.1.1/src/common/pico_time/time.c.obj
 .text.make_alarm_id
                0x1000254e        0x6 CMakeFiles/DCSBiosRP2350.dir/C_/Users/justi/.pico-sdk/sdk/2.1.1/src/common/pico_time/time.c.obj
 .text.sleep_until_callback
                0x10002554       0x3c CMakeFiles/DCSBiosRP2350.dir/C_/Users/justi/.pico-sdk/sdk/2.1.1/src/common/pico_time/time.c.obj
 .text.alarm_pool_irq_handler
                0x10002590      0x2ec CMakeFiles/DCSBiosRP2350.dir/C_/Users/justi/.pico-sdk/sdk/2.1.1/src/common/pico_time/time.c.obj
 .text.ta_enable_irq_handler
                0x1000287c       0x38 CMakeFiles/DCSBiosRP2350.dir/C_/Users/justi/.pico-sdk/sdk/2.1.1/src/common/pico_time/time.c.obj
 .text.alarm_pool_post_alloc_init
                0x100028b4       0x7c CMakeFiles/DCSBiosRP2350.dir/C_/Users/justi/.pico-sdk/sdk/2.1.1/src/common/pico_time/time.c.obj
 .text.alarm_pool_get_default
                0x10002930       0x28 CMakeFiles/DCSBiosRP2350.dir/C_/Users/justi/.pico-sdk/sdk/2.1.1/src/common/pico_time/time.c.obj
                0x10002930                alarm_pool_get_default
 .text.alarm_pool_add_alarm_at_force_in_context
                0x10002958       0xc0 CMakeFiles/DCSBiosRP2350.dir/C_/Users/justi/.pico-sdk/sdk/2.1.1/src/common/pico_time/time.c.obj
                0x10002958                alarm_pool_add_alarm_at_force_in_context
 .text.alarm_pool_add_alarm_at
                0x10002a18       0x38 CMakeFiles/DCSBiosRP2350.dir/C_/Users/justi/.pico-sdk/sdk/2.1.1/src/common/pico_time/time.c.obj
                0x10002a18                alarm_pool_add_alarm_at
 .text.add_alarm_at
                0x10002a50       0x26 CMakeFiles/DCSBiosRP2350.dir/C_/Users/justi/.pico-sdk/sdk/2.1.1/src/common/pico_time/time.c.obj
 .text.alarm_pool_cancel_alarm
                0x10002a76       0x72 CMakeFiles/DCSBiosRP2350.dir/C_/Users/justi/.pico-sdk/sdk/2.1.1/src/common/pico_time/time.c.obj
                0x10002a76                alarm_pool_cancel_alarm
 .text.cancel_alarm
                0x10002ae8       0x10 CMakeFiles/DCSBiosRP2350.dir/C_/Users/justi/.pico-sdk/sdk/2.1.1/src/common/pico_time/time.c.obj
 .text.alarm_pool_core_num
                0x10002af8        0x4 CMakeFiles/DCSBiosRP2350.dir/C_/Users/justi/.pico-sdk/sdk/2.1.1/src/common/pico_time/time.c.obj
                0x10002af8                alarm_pool_core_num
 .text.sleep_until
                0x10002afc       0xb4 CMakeFiles/DCSBiosRP2350.dir/C_/Users/justi/.pico-sdk/sdk/2.1.1/src/common/pico_time/time.c.obj
                0x10002afc                sleep_until
 .text.sleep_us
                0x10002bb0       0x24 CMakeFiles/DCSBiosRP2350.dir/C_/Users/justi/.pico-sdk/sdk/2.1.1/src/common/pico_time/time.c.obj
                0x10002bb0                sleep_us
 .text.sleep_ms
                0x10002bd4       0x28 CMakeFiles/DCSBiosRP2350.dir/C_/Users/justi/.pico-sdk/sdk/2.1.1/src/common/pico_time/time.c.obj
                0x10002bd4                sleep_ms
 .text.best_effort_wfe_or_timeout
                0x10002bfc       0xfc CMakeFiles/DCSBiosRP2350.dir/C_/Users/justi/.pico-sdk/sdk/2.1.1/src/common/pico_time/time.c.obj
                0x10002bfc                best_effort_wfe_or_timeout
 .text.alarm_pool_get_default_timer
                0x10002cf8        0x8 CMakeFiles/DCSBiosRP2350.dir/C_/Users/justi/.pico-sdk/sdk/2.1.1/src/common/pico_time/time.c.obj
                0x10002cf8                alarm_pool_get_default_timer
 .text.runtime_init_default_alarm_pool
                0x10002d00       0x34 CMakeFiles/DCSBiosRP2350.dir/C_/Users/justi/.pico-sdk/sdk/2.1.1/src/common/pico_time/time.c.obj
                0x10002d00                runtime_init_default_alarm_pool
 .text.timer_hardware_alarm_claim
                0x10002d34       0x24 CMakeFiles/DCSBiosRP2350.dir/C_/Users/justi/.pico-sdk/sdk/2.1.1/src/rp2_common/hardware_timer/timer.c.obj
                0x10002d34                timer_hardware_alarm_claim
 .text.timer_time_us_64
                0x10002d58       0x10 CMakeFiles/DCSBiosRP2350.dir/C_/Users/justi/.pico-sdk/sdk/2.1.1/src/rp2_common/hardware_timer/timer.c.obj
                0x10002d58                timer_time_us_64
 .text.timer_busy_wait_until
                0x10002d68       0x1a CMakeFiles/DCSBiosRP2350.dir/C_/Users/justi/.pico-sdk/sdk/2.1.1/src/rp2_common/hardware_timer/timer.c.obj
                0x10002d68                timer_busy_wait_until
 .text.timer_busy_wait_us
                0x10002d82       0x28 CMakeFiles/DCSBiosRP2350.dir/C_/Users/justi/.pico-sdk/sdk/2.1.1/src/rp2_common/hardware_timer/timer.c.obj
                0x10002d82                timer_busy_wait_us
 *fill*         0x10002daa        0x2 
 .text.time_us_64
                0x10002dac       0x10 CMakeFiles/DCSBiosRP2350.dir/C_/Users/justi/.pico-sdk/sdk/2.1.1/src/rp2_common/hardware_timer/timer.c.obj
                0x10002dac                time_us_64
 .text.busy_wait_us
                0x10002dbc       0x14 CMakeFiles/DCSBiosRP2350.dir/C_/Users/justi/.pico-sdk/sdk/2.1.1/src/rp2_common/hardware_timer/timer.c.obj
                0x10002dbc                busy_wait_us
 .text.busy_wait_until
                0x10002dd0       0x14 CMakeFiles/DCSBiosRP2350.dir/C_/Users/justi/.pico-sdk/sdk/2.1.1/src/rp2_common/hardware_timer/timer.c.obj
                0x10002dd0                busy_wait_until
 .text.clock_configure_internal
                0x10002de4       0xb8 CMakeFiles/DCSBiosRP2350.dir/C_/Users/justi/.pico-sdk/sdk/2.1.1/src/rp2_common/hardware_clocks/clocks.c.obj
 .text.clock_configure_undivided
                0x10002e9c       0x12 CMakeFiles/DCSBiosRP2350.dir/C_/Users/justi/.pico-sdk/sdk/2.1.1/src/rp2_common/hardware_clocks/clocks.c.obj
                0x10002e9c                clock_configure_undivided
 *fill*         0x10002eae        0x2 
 .text.clock_get_hz
                0x10002eb0        0xc CMakeFiles/DCSBiosRP2350.dir/C_/Users/justi/.pico-sdk/sdk/2.1.1/src/rp2_common/hardware_clocks/clocks.c.obj
                0x10002eb0                clock_get_hz
 .text.pll_init
                0x10002ebc      0x108 CMakeFiles/DCSBiosRP2350.dir/C_/Users/justi/.pico-sdk/sdk/2.1.1/src/rp2_common/hardware_pll/pll.c.obj
                0x10002ebc                pll_init
 .text.rom_get_sys_info
                0x10002fc4       0x38 CMakeFiles/DCSBiosRP2350.dir/C_/Users/justi/.pico-sdk/sdk/2.1.1/src/rp2_common/hardware_watchdog/watchdog.c.obj
 .text.rom_get_last_boot_type_with_chained_flag
                0x10002ffc       0x2e CMakeFiles/DCSBiosRP2350.dir/C_/Users/justi/.pico-sdk/sdk/2.1.1/src/rp2_common/hardware_watchdog/watchdog.c.obj
 *fill*         0x1000302a        0x2 
 .text.watchdog_update
                0x1000302c       0x14 CMakeFiles/DCSBiosRP2350.dir/C_/Users/justi/.pico-sdk/sdk/2.1.1/src/rp2_common/hardware_watchdog/watchdog.c.obj
                0x1000302c                watchdog_update
 .text._watchdog_enable
                0x10003040       0x6c CMakeFiles/DCSBiosRP2350.dir/C_/Users/justi/.pico-sdk/sdk/2.1.1/src/rp2_common/hardware_watchdog/watchdog.c.obj
                0x10003040                _watchdog_enable
 .text.watchdog_enable
                0x100030ac       0x18 CMakeFiles/DCSBiosRP2350.dir/C_/Users/justi/.pico-sdk/sdk/2.1.1/src/rp2_common/hardware_watchdog/watchdog.c.obj
                0x100030ac                watchdog_enable
 .text.watchdog_reboot
                0x100030c4       0x44 CMakeFiles/DCSBiosRP2350.dir/C_/Users/justi/.pico-sdk/sdk/2.1.1/src/rp2_common/hardware_watchdog/watchdog.c.obj
                0x100030c4                watchdog_reboot
 .text.watchdog_caused_reboot
                0x10003108       0x2c CMakeFiles/DCSBiosRP2350.dir/C_/Users/justi/.pico-sdk/sdk/2.1.1/src/rp2_common/hardware_watchdog/watchdog.c.obj
                0x10003108                watchdog_caused_reboot
 .text.tick_start
                0x10003134       0x1c CMakeFiles/DCSBiosRP2350.dir/C_/Users/justi/.pico-sdk/sdk/2.1.1/src/rp2_common/hardware_ticks/ticks.c.obj
                0x10003134                tick_start
 .text.rom_reboot
                0x10003150       0x40 CMakeFiles/DCSBiosRP2350.dir/C_/Users/justi/.pico-sdk/sdk/2.1.1/src/rp2_common/pico_bootrom/bootrom.c.obj
 .text.rom_func_lookup
                0x10003190       0x1e CMakeFiles/DCSBiosRP2350.dir/C_/Users/justi/.pico-sdk/sdk/2.1.1/src/rp2_common/pico_bootrom/bootrom.c.obj
                0x10003190                rom_func_lookup
 .text.rom_reset_usb_boot_extra
                0x100031ae       0x20 CMakeFiles/DCSBiosRP2350.dir/C_/Users/justi/.pico-sdk/sdk/2.1.1/src/rp2_common/pico_bootrom/bootrom.c.obj
                0x100031ae                rom_reset_usb_boot_extra
 *fill*         0x100031ce        0x2 
 .text.runtime_init_bootrom_locking_enable
                0x100031d0       0x14 CMakeFiles/DCSBiosRP2350.dir/C_/Users/justi/.pico-sdk/sdk/2.1.1/src/rp2_common/pico_bootrom/bootrom_lock.c.obj
                0x100031d0                runtime_init_bootrom_locking_enable
 .text.boot_locks_reset
                0x100031e4       0x20 CMakeFiles/DCSBiosRP2350.dir/C_/Users/justi/.pico-sdk/sdk/2.1.1/src/rp2_common/hardware_boot_lock/boot_lock.c.obj
                0x100031e4                boot_locks_reset
 .text.runtime_init_boot_locks_reset
                0x10003204        0x8 CMakeFiles/DCSBiosRP2350.dir/C_/Users/justi/.pico-sdk/sdk/2.1.1/src/rp2_common/hardware_boot_lock/boot_lock.c.obj
                0x10003204                runtime_init_boot_locks_reset
 .text.xosc_init
                0x1000320c       0x28 CMakeFiles/DCSBiosRP2350.dir/C_/Users/justi/.pico-sdk/sdk/2.1.1/src/rp2_common/hardware_xosc/xosc.c.obj
                0x1000320c                xosc_init
 .text.runtime_run_initializers_from
                0x10003234       0x18 CMakeFiles/DCSBiosRP2350.dir/C_/Users/justi/.pico-sdk/sdk/2.1.1/src/rp2_common/pico_runtime/runtime.c.obj
 .text.first_per_core_initializer
                0x1000324c        0x2 CMakeFiles/DCSBiosRP2350.dir/C_/Users/justi/.pico-sdk/sdk/2.1.1/src/rp2_common/pico_runtime/runtime.c.obj
 *fill*         0x1000324e        0x2 
 .text.runtime_run_initializers
                0x10003250       0x10 CMakeFiles/DCSBiosRP2350.dir/C_/Users/justi/.pico-sdk/sdk/2.1.1/src/rp2_common/pico_runtime/runtime.c.obj
                0x10003250                runtime_run_initializers
 .text.runtime_run_per_core_initializers
                0x10003260       0x10 CMakeFiles/DCSBiosRP2350.dir/C_/Users/justi/.pico-sdk/sdk/2.1.1/src/rp2_common/pico_runtime/runtime.c.obj
                0x10003260                runtime_run_per_core_initializers
 .text.runtime_init_early_resets
                0x10003270       0x2c CMakeFiles/DCSBiosRP2350.dir/C_/Users/justi/.pico-sdk/sdk/2.1.1/src/rp2_common/pico_runtime_init/runtime_init.c.obj
                0x10003270                runtime_init_early_resets
 .text.runtime_init_usb_power_down
                0x1000329c       0x20 CMakeFiles/DCSBiosRP2350.dir/C_/Users/justi/.pico-sdk/sdk/2.1.1/src/rp2_common/pico_runtime_init/runtime_init.c.obj
                0x1000329c                runtime_init_usb_power_down
 .text.runtime_init_per_core_enable_coprocessors
                0x100032bc       0x1c CMakeFiles/DCSBiosRP2350.dir/C_/Users/justi/.pico-sdk/sdk/2.1.1/src/rp2_common/pico_runtime_init/runtime_init.c.obj
                0x100032bc                runtime_init_per_core_enable_coprocessors
 .text.runtime_init_post_clock_resets
                0x100032d8       0x20 CMakeFiles/DCSBiosRP2350.dir/C_/Users/justi/.pico-sdk/sdk/2.1.1/src/rp2_common/pico_runtime_init/runtime_init.c.obj
                0x100032d8                runtime_init_post_clock_resets
 .text.runtime_init_bootrom_reset
                0x100032f8       0x12 CMakeFiles/DCSBiosRP2350.dir/C_/Users/justi/.pico-sdk/sdk/2.1.1/src/rp2_common/pico_runtime_init/runtime_init.c.obj
                0x100032f8                runtime_init_bootrom_reset
 .text.runtime_init_per_core_bootrom_reset
                0x1000330a       0x12 CMakeFiles/DCSBiosRP2350.dir/C_/Users/justi/.pico-sdk/sdk/2.1.1/src/rp2_common/pico_runtime_init/runtime_init.c.obj
                0x1000330a                runtime_init_per_core_bootrom_reset
 .text.runtime_init_spin_locks_reset
                0x1000331c        0x8 CMakeFiles/DCSBiosRP2350.dir/C_/Users/justi/.pico-sdk/sdk/2.1.1/src/rp2_common/pico_runtime_init/runtime_init.c.obj
                0x1000331c                runtime_init_spin_locks_reset
 .text.runtime_init_install_ram_vector_table
                0x10003324       0x20 CMakeFiles/DCSBiosRP2350.dir/C_/Users/justi/.pico-sdk/sdk/2.1.1/src/rp2_common/pico_runtime_init/runtime_init.c.obj
                0x10003324                runtime_init_install_ram_vector_table
 .text.start_all_ticks
                0x10003344       0x28 CMakeFiles/DCSBiosRP2350.dir/C_/Users/justi/.pico-sdk/sdk/2.1.1/src/rp2_common/pico_runtime_init/runtime_init_clocks.c.obj
 .text.runtime_init_clocks
                0x1000336c       0xc4 CMakeFiles/DCSBiosRP2350.dir/C_/Users/justi/.pico-sdk/sdk/2.1.1/src/rp2_common/pico_runtime_init/runtime_init_clocks.c.obj
                0x1000336c                runtime_init_clocks
 .text.__rp2350_dcp_engaged_state_save_restore
                0x10003430       0x3a CMakeFiles/DCSBiosRP2350.dir/C_/Users/justi/.pico-sdk/sdk/2.1.1/src/rp2_common/pico_double/double_aeabi_dcp.S.obj
 *fill*         0x1000346a        0x2 
 .text.__wrap___aeabi_dadd
                0x1000346c       0x28 CMakeFiles/DCSBiosRP2350.dir/C_/Users/justi/.pico-sdk/sdk/2.1.1/src/rp2_common/pico_double/double_aeabi_dcp.S.obj
                0x10003474                __wrap___aeabi_dadd
 .text.__wrap___aeabi_dsub
                0x10003494       0x28 CMakeFiles/DCSBiosRP2350.dir/C_/Users/justi/.pico-sdk/sdk/2.1.1/src/rp2_common/pico_double/double_aeabi_dcp.S.obj
                0x1000349c                __wrap___aeabi_dsub
 .text.__wrap___aeabi_dmul
                0x100034bc       0x4c CMakeFiles/DCSBiosRP2350.dir/C_/Users/justi/.pico-sdk/sdk/2.1.1/src/rp2_common/pico_double/double_aeabi_dcp.S.obj
                0x100034c4                __wrap___aeabi_dmul
 .text.__wrap___aeabi_ddiv
                0x10003508       0x9c CMakeFiles/DCSBiosRP2350.dir/C_/Users/justi/.pico-sdk/sdk/2.1.1/src/rp2_common/pico_double/double_aeabi_dcp.S.obj
                0x10003510                __wrap___aeabi_ddiv
 .text.__wrap___aeabi_i2d
                0x100035a4       0x24 CMakeFiles/DCSBiosRP2350.dir/C_/Users/justi/.pico-sdk/sdk/2.1.1/src/rp2_common/pico_double/double_aeabi_dcp.S.obj
                0x100035ac                int2double
                0x100035ac                __wrap___aeabi_i2d
 .text.__wrap___aeabi_ui2d
                0x100035c8       0x24 CMakeFiles/DCSBiosRP2350.dir/C_/Users/justi/.pico-sdk/sdk/2.1.1/src/rp2_common/pico_double/double_aeabi_dcp.S.obj
                0x100035d0                uint2double
                0x100035d0                __wrap___aeabi_ui2d
 .text.__wrap___aeabi_d2iz
                0x100035ec       0x24 CMakeFiles/DCSBiosRP2350.dir/C_/Users/justi/.pico-sdk/sdk/2.1.1/src/rp2_common/pico_double/double_aeabi_dcp.S.obj
                0x100035f4                double2int_z
                0x100035f4                __wrap___aeabi_d2iz
 .text.__wrap___aeabi_d2uiz
                0x10003610       0x24 CMakeFiles/DCSBiosRP2350.dir/C_/Users/justi/.pico-sdk/sdk/2.1.1/src/rp2_common/pico_double/double_aeabi_dcp.S.obj
                0x10003618                double2uint
                0x10003618                __wrap___aeabi_d2uiz
                0x10003618                double2uint_z
 .text.__wrap___aeabi_dcmpun
                0x10003634       0x24 CMakeFiles/DCSBiosRP2350.dir/C_/Users/justi/.pico-sdk/sdk/2.1.1/src/rp2_common/pico_double/double_aeabi_dcp.S.obj
                0x1000363c                __wrap___aeabi_dcmpun
 .text.__wrap___aeabi_dcmplt
                0x10003658       0x28 CMakeFiles/DCSBiosRP2350.dir/C_/Users/justi/.pico-sdk/sdk/2.1.1/src/rp2_common/pico_double/double_aeabi_dcp.S.obj
                0x10003660                __wrap___aeabi_dcmplt
 .text.__wrap___aeabi_dcmple
                0x10003680       0x28 CMakeFiles/DCSBiosRP2350.dir/C_/Users/justi/.pico-sdk/sdk/2.1.1/src/rp2_common/pico_double/double_aeabi_dcp.S.obj
                0x10003688                __wrap___aeabi_dcmple
 .text.__wrap___aeabi_dcmpge
                0x100036a8       0x28 CMakeFiles/DCSBiosRP2350.dir/C_/Users/justi/.pico-sdk/sdk/2.1.1/src/rp2_common/pico_double/double_aeabi_dcp.S.obj
                0x100036b0                __wrap___aeabi_dcmpge
 .text.__wrap___aeabi_dcmpgt
                0x100036d0       0x28 CMakeFiles/DCSBiosRP2350.dir/C_/Users/justi/.pico-sdk/sdk/2.1.1/src/rp2_common/pico_double/double_aeabi_dcp.S.obj
                0x100036d8                __wrap___aeabi_dcmpgt
 .text.check_alloc
                0x100036f8       0x20 CMakeFiles/DCSBiosRP2350.dir/C_/Users/justi/.pico-sdk/sdk/2.1.1/src/rp2_common/pico_malloc/malloc.c.obj
 .text.__wrap_malloc
                0x10003718       0x2c CMakeFiles/DCSBiosRP2350.dir/C_/Users/justi/.pico-sdk/sdk/2.1.1/src/rp2_common/pico_malloc/malloc.c.obj
                0x10003718                __wrap_malloc
 .text.__wrap_free
                0x10003744       0x20 CMakeFiles/DCSBiosRP2350.dir/C_/Users/justi/.pico-sdk/sdk/2.1.1/src/rp2_common/pico_malloc/malloc.c.obj
                0x10003744                __wrap_free
 .text._Znwj    0x10003764        0x8 CMakeFiles/DCSBiosRP2350.dir/C_/Users/justi/.pico-sdk/sdk/2.1.1/src/rp2_common/pico_cxx_options/new_delete.cpp.obj
                0x10003764                operator new(unsigned int)
 .text._Znaj    0x1000376c        0x8 CMakeFiles/DCSBiosRP2350.dir/C_/Users/justi/.pico-sdk/sdk/2.1.1/src/rp2_common/pico_cxx_options/new_delete.cpp.obj
                0x1000376c                operator new[](unsigned int)
 .text._ZdaPv   0x10003774        0x8 CMakeFiles/DCSBiosRP2350.dir/C_/Users/justi/.pico-sdk/sdk/2.1.1/src/rp2_common/pico_cxx_options/new_delete.cpp.obj
                0x10003774                operator delete[](void*)
 .text._out_null
                0x1000377c        0x2 CMakeFiles/DCSBiosRP2350.dir/C_/Users/justi/.pico-sdk/sdk/2.1.1/src/rp2_common/pico_printf/printf.c.obj
 .text._out_fct
                0x1000377e        0xe CMakeFiles/DCSBiosRP2350.dir/C_/Users/justi/.pico-sdk/sdk/2.1.1/src/rp2_common/pico_printf/printf.c.obj
 .text._atoi    0x1000378c       0x26 CMakeFiles/DCSBiosRP2350.dir/C_/Users/justi/.pico-sdk/sdk/2.1.1/src/rp2_common/pico_printf/printf.c.obj
 .text._out_rev
                0x100037b2       0x7e CMakeFiles/DCSBiosRP2350.dir/C_/Users/justi/.pico-sdk/sdk/2.1.1/src/rp2_common/pico_printf/printf.c.obj
 .text._ntoa_format
                0x10003830      0x134 CMakeFiles/DCSBiosRP2350.dir/C_/Users/justi/.pico-sdk/sdk/2.1.1/src/rp2_common/pico_printf/printf.c.obj
 .text._ntoa_long
                0x10003964       0x94 CMakeFiles/DCSBiosRP2350.dir/C_/Users/justi/.pico-sdk/sdk/2.1.1/src/rp2_common/pico_printf/printf.c.obj
 .text._ntoa_long_long
                0x100039f8       0xc2 CMakeFiles/DCSBiosRP2350.dir/C_/Users/justi/.pico-sdk/sdk/2.1.1/src/rp2_common/pico_printf/printf.c.obj
 *fill*         0x10003aba        0x6 
 .text._etoa    0x10003ac0      0x420 CMakeFiles/DCSBiosRP2350.dir/C_/Users/justi/.pico-sdk/sdk/2.1.1/src/rp2_common/pico_printf/printf.c.obj
 .text._ftoa    0x10003ee0      0x398 CMakeFiles/DCSBiosRP2350.dir/C_/Users/justi/.pico-sdk/sdk/2.1.1/src/rp2_common/pico_printf/printf.c.obj
 .text._vsnprintf
                0x10004278      0x6d8 CMakeFiles/DCSBiosRP2350.dir/C_/Users/justi/.pico-sdk/sdk/2.1.1/src/rp2_common/pico_printf/printf.c.obj
 .text.vfctprintf
                0x10004950       0x24 CMakeFiles/DCSBiosRP2350.dir/C_/Users/justi/.pico-sdk/sdk/2.1.1/src/rp2_common/pico_printf/printf.c.obj
                0x10004950                vfctprintf
 .text._exit    0x10004974        0x4 CMakeFiles/DCSBiosRP2350.dir/C_/Users/justi/.pico-sdk/sdk/2.1.1/src/rp2_common/pico_clib_interface/newlib_interface.c.obj
                0x10004974                _exit
 .text._sbrk    0x10004978       0x34 CMakeFiles/DCSBiosRP2350.dir/C_/Users/justi/.pico-sdk/sdk/2.1.1/src/rp2_common/pico_clib_interface/newlib_interface.c.obj
                0x10004978                _sbrk
 .text.exit     0x100049ac        0x6 CMakeFiles/DCSBiosRP2350.dir/C_/Users/justi/.pico-sdk/sdk/2.1.1/src/rp2_common/pico_clib_interface/newlib_interface.c.obj
                0x100049ac                exit
 *fill*         0x100049b2        0x2 
 .text.__assert_func
                0x100049b4       0x34 CMakeFiles/DCSBiosRP2350.dir/C_/Users/justi/.pico-sdk/sdk/2.1.1/src/rp2_common/pico_clib_interface/newlib_interface.c.obj
                0x100049b4                __assert_func
 .text.runtime_init
                0x100049e8       0x2c CMakeFiles/DCSBiosRP2350.dir/C_/Users/justi/.pico-sdk/sdk/2.1.1/src/rp2_common/pico_clib_interface/newlib_interface.c.obj
                0x100049e8                runtime_init
 .text.stdio_out_chars_no_crlf
                0x10004a14        0xe CMakeFiles/DCSBiosRP2350.dir/C_/Users/justi/.pico-sdk/sdk/2.1.1/src/rp2_common/pico_stdio/stdio.c.obj
 *fill*         0x10004a22        0x2 
 .text.stdio_out_chars_crlf
                0x10004a24       0x80 CMakeFiles/DCSBiosRP2350.dir/C_/Users/justi/.pico-sdk/sdk/2.1.1/src/rp2_common/pico_stdio/stdio.c.obj
 .text.stdio_stack_buffer_flush
                0x10004aa4       0x40 CMakeFiles/DCSBiosRP2350.dir/C_/Users/justi/.pico-sdk/sdk/2.1.1/src/rp2_common/pico_stdio/stdio.c.obj
 .text.stdio_buffered_printer
                0x10004ae4       0x20 CMakeFiles/DCSBiosRP2350.dir/C_/Users/justi/.pico-sdk/sdk/2.1.1/src/rp2_common/pico_stdio/stdio.c.obj
 .text.stdout_serialize_begin
                0x10004b04       0x2c CMakeFiles/DCSBiosRP2350.dir/C_/Users/justi/.pico-sdk/sdk/2.1.1/src/rp2_common/pico_stdio/stdio.c.obj
                0x10004b04                stdout_serialize_begin
 .text.stdout_serialize_end
                0x10004b30       0x10 CMakeFiles/DCSBiosRP2350.dir/C_/Users/justi/.pico-sdk/sdk/2.1.1/src/rp2_common/pico_stdio/stdio.c.obj
                0x10004b30                stdout_serialize_end
 .text.stdio_put_string
                0x10004b40       0x8c CMakeFiles/DCSBiosRP2350.dir/C_/Users/justi/.pico-sdk/sdk/2.1.1/src/rp2_common/pico_stdio/stdio.c.obj
                0x10004b40                stdio_put_string
 .text.stdio_get_until
                0x10004bcc       0x6c CMakeFiles/DCSBiosRP2350.dir/C_/Users/justi/.pico-sdk/sdk/2.1.1/src/rp2_common/pico_stdio/stdio.c.obj
                0x10004bcc                stdio_get_until
 .text.stdio_set_driver_enabled
                0x10004c38       0x2c CMakeFiles/DCSBiosRP2350.dir/C_/Users/justi/.pico-sdk/sdk/2.1.1/src/rp2_common/pico_stdio/stdio.c.obj
                0x10004c38                stdio_set_driver_enabled
 .text.stdio_flush
                0x10004c64       0x1c CMakeFiles/DCSBiosRP2350.dir/C_/Users/justi/.pico-sdk/sdk/2.1.1/src/rp2_common/pico_stdio/stdio.c.obj
                0x10004c64                stdio_flush
 .text.stdio_init_all
                0x10004c80        0x8 CMakeFiles/DCSBiosRP2350.dir/C_/Users/justi/.pico-sdk/sdk/2.1.1/src/rp2_common/pico_stdio/stdio.c.obj
                0x10004c80                stdio_init_all
 .text.stdio_getchar_timeout_us
                0x10004c88       0x50 CMakeFiles/DCSBiosRP2350.dir/C_/Users/justi/.pico-sdk/sdk/2.1.1/src/rp2_common/pico_stdio/stdio.c.obj
                0x10004c88                stdio_getchar_timeout_us
 .text.__wrap_putchar
                0x10004cd8       0x1e CMakeFiles/DCSBiosRP2350.dir/C_/Users/justi/.pico-sdk/sdk/2.1.1/src/rp2_common/pico_stdio/stdio.c.obj
                0x10004cd8                __wrap_putchar
                0x10004cd8                stdio_putchar
 .text.__wrap_puts
                0x10004cf6       0x1e CMakeFiles/DCSBiosRP2350.dir/C_/Users/justi/.pico-sdk/sdk/2.1.1/src/rp2_common/pico_stdio/stdio.c.obj
                0x10004cf6                stdio_puts
                0x10004cf6                __wrap_puts
 .text.__wrap_vprintf
                0x10004d14       0x40 CMakeFiles/DCSBiosRP2350.dir/C_/Users/justi/.pico-sdk/sdk/2.1.1/src/rp2_common/pico_stdio/stdio.c.obj
                0x10004d14                stdio_vprintf
                0x10004d14                __wrap_vprintf
 .text.__wrap_printf
                0x10004d54       0x1c CMakeFiles/DCSBiosRP2350.dir/C_/Users/justi/.pico-sdk/sdk/2.1.1/src/rp2_common/pico_stdio/stdio.c.obj
                0x10004d54                __wrap_printf
                0x10004d54                stdio_printf
 .text.resetd_init
                0x10004d70        0x2 CMakeFiles/DCSBiosRP2350.dir/C_/Users/justi/.pico-sdk/sdk/2.1.1/src/rp2_common/pico_stdio_usb/reset_interface.c.obj
 *fill*         0x10004d72        0x2 
 .text.resetd_reset
                0x10004d74        0xc CMakeFiles/DCSBiosRP2350.dir/C_/Users/justi/.pico-sdk/sdk/2.1.1/src/rp2_common/pico_stdio_usb/reset_interface.c.obj
 .text.resetd_open
                0x10004d80       0x34 CMakeFiles/DCSBiosRP2350.dir/C_/Users/justi/.pico-sdk/sdk/2.1.1/src/rp2_common/pico_stdio_usb/reset_interface.c.obj
 .text.resetd_xfer_cb
                0x10004db4        0x4 CMakeFiles/DCSBiosRP2350.dir/C_/Users/justi/.pico-sdk/sdk/2.1.1/src/rp2_common/pico_stdio_usb/reset_interface.c.obj
 .text.resetd_control_xfer_cb
                0x10004db8       0x54 CMakeFiles/DCSBiosRP2350.dir/C_/Users/justi/.pico-sdk/sdk/2.1.1/src/rp2_common/pico_stdio_usb/reset_interface.c.obj
 .text.tud_descriptor_bos_cb
                0x10004e0c        0x8 CMakeFiles/DCSBiosRP2350.dir/C_/Users/justi/.pico-sdk/sdk/2.1.1/src/rp2_common/pico_stdio_usb/reset_interface.c.obj
                0x10004e0c                tud_descriptor_bos_cb
 .text.tud_vendor_control_xfer_cb
                0x10004e14       0x30 CMakeFiles/DCSBiosRP2350.dir/C_/Users/justi/.pico-sdk/sdk/2.1.1/src/rp2_common/pico_stdio_usb/reset_interface.c.obj
                0x10004e14                tud_vendor_control_xfer_cb
 .text.usbd_app_driver_get_cb
                0x10004e44        0xc CMakeFiles/DCSBiosRP2350.dir/C_/Users/justi/.pico-sdk/sdk/2.1.1/src/rp2_common/pico_stdio_usb/reset_interface.c.obj
                0x10004e44                usbd_app_driver_get_cb
 .text.tud_cdc_line_coding_cb
                0x10004e50       0x18 CMakeFiles/DCSBiosRP2350.dir/C_/Users/justi/.pico-sdk/sdk/2.1.1/src/rp2_common/pico_stdio_usb/reset_interface.c.obj
                0x10004e50                tud_cdc_line_coding_cb
 .text.critical_section_enter_blocking
                0x10004e68       0x26 CMakeFiles/DCSBiosRP2350.dir/C_/Users/justi/.pico-sdk/sdk/2.1.1/src/rp2_common/pico_stdio_usb/stdio_usb.c.obj
 *fill*         0x10004e8e        0x2 
 .text.stdio_usb_set_chars_available_callback
                0x10004e90       0x14 CMakeFiles/DCSBiosRP2350.dir/C_/Users/justi/.pico-sdk/sdk/2.1.1/src/rp2_common/pico_stdio_usb/stdio_usb.c.obj
                0x10004e90                stdio_usb_set_chars_available_callback
 .text.stdio_usb_out_flush
                0x10004ea4       0x48 CMakeFiles/DCSBiosRP2350.dir/C_/Users/justi/.pico-sdk/sdk/2.1.1/src/rp2_common/pico_stdio_usb/stdio_usb.c.obj
 .text.timer_task
                0x10004eec       0x58 CMakeFiles/DCSBiosRP2350.dir/C_/Users/justi/.pico-sdk/sdk/2.1.1/src/rp2_common/pico_stdio_usb/stdio_usb.c.obj
 .text.usb_irq  0x10004f44       0x10 CMakeFiles/DCSBiosRP2350.dir/C_/Users/justi/.pico-sdk/sdk/2.1.1/src/rp2_common/pico_stdio_usb/stdio_usb.c.obj
 .text.alarm_pool_add_alarm_in_us
                0x10004f54       0x3a CMakeFiles/DCSBiosRP2350.dir/C_/Users/justi/.pico-sdk/sdk/2.1.1/src/rp2_common/pico_stdio_usb/stdio_usb.c.obj
 .text.add_alarm_in_us
                0x10004f8e       0x26 CMakeFiles/DCSBiosRP2350.dir/C_/Users/justi/.pico-sdk/sdk/2.1.1/src/rp2_common/pico_stdio_usb/stdio_usb.c.obj
 .text.low_priority_worker_irq
                0x10004fb4       0x94 CMakeFiles/DCSBiosRP2350.dir/C_/Users/justi/.pico-sdk/sdk/2.1.1/src/rp2_common/pico_stdio_usb/stdio_usb.c.obj
 .text.stdio_usb_init
                0x10005048       0xd4 CMakeFiles/DCSBiosRP2350.dir/C_/Users/justi/.pico-sdk/sdk/2.1.1/src/rp2_common/pico_stdio_usb/stdio_usb.c.obj
                0x10005048                stdio_usb_init
 .text.stdio_usb_connected
                0x1000511c        0xa CMakeFiles/DCSBiosRP2350.dir/C_/Users/justi/.pico-sdk/sdk/2.1.1/src/rp2_common/pico_stdio_usb/stdio_usb.c.obj
                0x1000511c                stdio_usb_connected
 *fill*         0x10005126        0x2 
 .text.stdio_usb_in_chars
                0x10005128       0x8c CMakeFiles/DCSBiosRP2350.dir/C_/Users/justi/.pico-sdk/sdk/2.1.1/src/rp2_common/pico_stdio_usb/stdio_usb.c.obj
                0x10005128                stdio_usb_in_chars
 .text.stdio_usb_out_chars
                0x100051b4       0xd4 CMakeFiles/DCSBiosRP2350.dir/C_/Users/justi/.pico-sdk/sdk/2.1.1/src/rp2_common/pico_stdio_usb/stdio_usb.c.obj
 .text.tud_descriptor_device_cb
                0x10005288        0x8 CMakeFiles/DCSBiosRP2350.dir/C_/Users/justi/.pico-sdk/sdk/2.1.1/src/rp2_common/pico_stdio_usb/stdio_usb_descriptors.c.obj
                0x10005288                tud_descriptor_device_cb
 .text.tud_descriptor_configuration_cb
                0x10005290        0x8 CMakeFiles/DCSBiosRP2350.dir/C_/Users/justi/.pico-sdk/sdk/2.1.1/src/rp2_common/pico_stdio_usb/stdio_usb_descriptors.c.obj
                0x10005290                tud_descriptor_configuration_cb
 .text.tud_descriptor_string_cb
                0x10005298       0x64 CMakeFiles/DCSBiosRP2350.dir/C_/Users/justi/.pico-sdk/sdk/2.1.1/src/rp2_common/pico_stdio_usb/stdio_usb_descriptors.c.obj
                0x10005298                tud_descriptor_string_cb
 .text._retrieve_unique_id_on_boot
                0x100052fc       0x58 CMakeFiles/DCSBiosRP2350.dir/C_/Users/justi/.pico-sdk/sdk/2.1.1/src/rp2_common/pico_unique_id/unique_id.c.obj
 .text.pico_get_unique_board_id_string
                0x10005354       0x5c CMakeFiles/DCSBiosRP2350.dir/C_/Users/justi/.pico-sdk/sdk/2.1.1/src/rp2_common/pico_unique_id/unique_id.c.obj
                0x10005354                pico_get_unique_board_id_string
 .text.hw_endpoint_init
                0x100053b0       0xbc CMakeFiles/DCSBiosRP2350.dir/C_/Users/justi/.pico-sdk/sdk/2.1.1/lib/tinyusb/src/portable/raspberrypi/rp2040/dcd_rp2040.c.obj
 .text.hw_endpoint_alloc
                0x1000546c       0x48 CMakeFiles/DCSBiosRP2350.dir/C_/Users/justi/.pico-sdk/sdk/2.1.1/lib/tinyusb/src/portable/raspberrypi/rp2040/dcd_rp2040.c.obj
 .text.hw_endpoint_open
                0x100054b4       0x44 CMakeFiles/DCSBiosRP2350.dir/C_/Users/justi/.pico-sdk/sdk/2.1.1/lib/tinyusb/src/portable/raspberrypi/rp2040/dcd_rp2040.c.obj
 .text.hw_endpoint_xfer
                0x100054f8       0x1c CMakeFiles/DCSBiosRP2350.dir/C_/Users/justi/.pico-sdk/sdk/2.1.1/lib/tinyusb/src/portable/raspberrypi/rp2040/dcd_rp2040.c.obj
 .text.dcd_int_enable
                0x10005514       0x28 CMakeFiles/DCSBiosRP2350.dir/C_/Users/justi/.pico-sdk/sdk/2.1.1/lib/tinyusb/src/portable/raspberrypi/rp2040/dcd_rp2040.c.obj
                0x10005514                dcd_int_enable
 .text.dcd_set_address
                0x1000553c       0x2c CMakeFiles/DCSBiosRP2350.dir/C_/Users/justi/.pico-sdk/sdk/2.1.1/lib/tinyusb/src/portable/raspberrypi/rp2040/dcd_rp2040.c.obj
                0x1000553c                dcd_set_address
 .text.dcd_connect
                0x10005568       0x10 CMakeFiles/DCSBiosRP2350.dir/C_/Users/justi/.pico-sdk/sdk/2.1.1/lib/tinyusb/src/portable/raspberrypi/rp2040/dcd_rp2040.c.obj
                0x10005568                dcd_connect
 .text.dcd_init
                0x10005578       0x84 CMakeFiles/DCSBiosRP2350.dir/C_/Users/justi/.pico-sdk/sdk/2.1.1/lib/tinyusb/src/portable/raspberrypi/rp2040/dcd_rp2040.c.obj
                0x10005578                dcd_init
 .text.dcd_sof_enable
                0x100055fc       0x1c CMakeFiles/DCSBiosRP2350.dir/C_/Users/justi/.pico-sdk/sdk/2.1.1/lib/tinyusb/src/portable/raspberrypi/rp2040/dcd_rp2040.c.obj
                0x100055fc                dcd_sof_enable
 .text.dcd_edpt0_status_complete
                0x10005618       0x20 CMakeFiles/DCSBiosRP2350.dir/C_/Users/justi/.pico-sdk/sdk/2.1.1/lib/tinyusb/src/portable/raspberrypi/rp2040/dcd_rp2040.c.obj
                0x10005618                dcd_edpt0_status_complete
 .text.dcd_edpt_open
                0x10005638       0x22 CMakeFiles/DCSBiosRP2350.dir/C_/Users/justi/.pico-sdk/sdk/2.1.1/lib/tinyusb/src/portable/raspberrypi/rp2040/dcd_rp2040.c.obj
                0x10005638                dcd_edpt_open
 .text.dcd_edpt_close_all
                0x1000565a        0x8 CMakeFiles/DCSBiosRP2350.dir/C_/Users/justi/.pico-sdk/sdk/2.1.1/lib/tinyusb/src/portable/raspberrypi/rp2040/dcd_rp2040.c.obj
                0x1000565a                dcd_edpt_close_all
 *fill*         0x10005662        0x2 
 .text.dcd_edpt_xfer
                0x10005664       0x2c CMakeFiles/DCSBiosRP2350.dir/C_/Users/justi/.pico-sdk/sdk/2.1.1/lib/tinyusb/src/portable/raspberrypi/rp2040/dcd_rp2040.c.obj
                0x10005664                dcd_edpt_xfer
 .text.dcd_edpt_stall
                0x10005690       0x38 CMakeFiles/DCSBiosRP2350.dir/C_/Users/justi/.pico-sdk/sdk/2.1.1/lib/tinyusb/src/portable/raspberrypi/rp2040/dcd_rp2040.c.obj
                0x10005690                dcd_edpt_stall
 .text.dcd_edpt_clear_stall
                0x100056c8       0x28 CMakeFiles/DCSBiosRP2350.dir/C_/Users/justi/.pico-sdk/sdk/2.1.1/lib/tinyusb/src/portable/raspberrypi/rp2040/dcd_rp2040.c.obj
                0x100056c8                dcd_edpt_clear_stall
 .text.unaligned_memcpy
                0x100056f0       0x14 CMakeFiles/DCSBiosRP2350.dir/C_/Users/justi/.pico-sdk/sdk/2.1.1/lib/tinyusb/src/portable/raspberrypi/rp2040/rp2040_usb.c.obj
 .text.rp2040_usb_init
                0x10005704       0x40 CMakeFiles/DCSBiosRP2350.dir/C_/Users/justi/.pico-sdk/sdk/2.1.1/lib/tinyusb/src/portable/raspberrypi/rp2040/rp2040_usb.c.obj
                0x10005704                rp2040_usb_init
 .text.hw_endpoint_xfer_start
                0x10005744       0x58 CMakeFiles/DCSBiosRP2350.dir/C_/Users/justi/.pico-sdk/sdk/2.1.1/lib/tinyusb/src/portable/raspberrypi/rp2040/rp2040_usb.c.obj
                0x10005744                hw_endpoint_xfer_start
 .text.critical_section_enter_blocking
                0x1000579c       0x26 CMakeFiles/DCSBiosRP2350.dir/C_/Users/justi/.pico-sdk/sdk/2.1.1/lib/tinyusb/src/device/usbd.c.obj
 *fill*         0x100057c2        0x2 
 .text.configuration_reset
                0x100057c4       0x90 CMakeFiles/DCSBiosRP2350.dir/C_/Users/justi/.pico-sdk/sdk/2.1.1/lib/tinyusb/src/device/usbd.c.obj
 .text.usbd_reset
                0x10005854        0xc CMakeFiles/DCSBiosRP2350.dir/C_/Users/justi/.pico-sdk/sdk/2.1.1/lib/tinyusb/src/device/usbd.c.obj
 .text.invoke_class_control
                0x10005860       0x1a CMakeFiles/DCSBiosRP2350.dir/C_/Users/justi/.pico-sdk/sdk/2.1.1/lib/tinyusb/src/device/usbd.c.obj
 *fill*         0x1000587a        0x2 
 .text.process_set_config
                0x1000587c      0x1cc CMakeFiles/DCSBiosRP2350.dir/C_/Users/justi/.pico-sdk/sdk/2.1.1/lib/tinyusb/src/device/usbd.c.obj
 .text.tud_event_hook_cb
                0x10005a48        0x2 CMakeFiles/DCSBiosRP2350.dir/C_/Users/justi/.pico-sdk/sdk/2.1.1/lib/tinyusb/src/device/usbd.c.obj
                0x10005a48                tud_event_hook_cb
 .text.tud_sof_cb
                0x10005a4a        0x2 CMakeFiles/DCSBiosRP2350.dir/C_/Users/justi/.pico-sdk/sdk/2.1.1/lib/tinyusb/src/device/usbd.c.obj
                0x10005a4a                tud_sof_cb
 .text.tud_descriptor_device_qualifier_cb
                0x10005a4c        0x4 CMakeFiles/DCSBiosRP2350.dir/C_/Users/justi/.pico-sdk/sdk/2.1.1/lib/tinyusb/src/device/usbd.c.obj
                0x10005a4c                tud_descriptor_device_qualifier_cb
 .text.tud_descriptor_other_speed_configuration_cb
                0x10005a50        0x4 CMakeFiles/DCSBiosRP2350.dir/C_/Users/justi/.pico-sdk/sdk/2.1.1/lib/tinyusb/src/device/usbd.c.obj
                0x10005a50                tud_descriptor_other_speed_configuration_cb
 .text.process_get_descriptor
                0x10005a54       0xf8 CMakeFiles/DCSBiosRP2350.dir/C_/Users/justi/.pico-sdk/sdk/2.1.1/lib/tinyusb/src/device/usbd.c.obj
 .text.tud_mount_cb
                0x10005b4c        0x2 CMakeFiles/DCSBiosRP2350.dir/C_/Users/justi/.pico-sdk/sdk/2.1.1/lib/tinyusb/src/device/usbd.c.obj
                0x10005b4c                tud_mount_cb
 .text.tud_umount_cb
                0x10005b4e        0x2 CMakeFiles/DCSBiosRP2350.dir/C_/Users/justi/.pico-sdk/sdk/2.1.1/lib/tinyusb/src/device/usbd.c.obj
                0x10005b4e                tud_umount_cb
 .text.tud_suspend_cb
                0x10005b50        0x2 CMakeFiles/DCSBiosRP2350.dir/C_/Users/justi/.pico-sdk/sdk/2.1.1/lib/tinyusb/src/device/usbd.c.obj
                0x10005b50                tud_suspend_cb
 .text.tud_resume_cb
                0x10005b52        0x2 CMakeFiles/DCSBiosRP2350.dir/C_/Users/justi/.pico-sdk/sdk/2.1.1/lib/tinyusb/src/device/usbd.c.obj
                0x10005b52                tud_resume_cb
 .text.tud_mounted
                0x10005b54       0x14 CMakeFiles/DCSBiosRP2350.dir/C_/Users/justi/.pico-sdk/sdk/2.1.1/lib/tinyusb/src/device/usbd.c.obj
                0x10005b54                tud_mounted
 .text.tud_suspended
                0x10005b68       0x10 CMakeFiles/DCSBiosRP2350.dir/C_/Users/justi/.pico-sdk/sdk/2.1.1/lib/tinyusb/src/device/usbd.c.obj
                0x10005b68                tud_suspended
 .text.tud_inited
                0x10005b78       0x10 CMakeFiles/DCSBiosRP2350.dir/C_/Users/justi/.pico-sdk/sdk/2.1.1/lib/tinyusb/src/device/usbd.c.obj
                0x10005b78                tud_inited
 .text.tud_rhport_init
                0x10005b88      0x128 CMakeFiles/DCSBiosRP2350.dir/C_/Users/justi/.pico-sdk/sdk/2.1.1/lib/tinyusb/src/device/usbd.c.obj
                0x10005b88                tud_rhport_init
 .text.usbd_edpt_open
                0x10005cb0       0x7c CMakeFiles/DCSBiosRP2350.dir/C_/Users/justi/.pico-sdk/sdk/2.1.1/lib/tinyusb/src/device/usbd.c.obj
                0x10005cb0                usbd_edpt_open
 .text.usbd_open_edpt_pair
                0x10005d2c       0xa4 CMakeFiles/DCSBiosRP2350.dir/C_/Users/justi/.pico-sdk/sdk/2.1.1/lib/tinyusb/src/device/usbd.c.obj
                0x10005d2c                usbd_open_edpt_pair
 .text.usbd_edpt_claim
                0x10005dd0       0x28 CMakeFiles/DCSBiosRP2350.dir/C_/Users/justi/.pico-sdk/sdk/2.1.1/lib/tinyusb/src/device/usbd.c.obj
                0x10005dd0                usbd_edpt_claim
 .text.usbd_edpt_release
                0x10005df8       0x28 CMakeFiles/DCSBiosRP2350.dir/C_/Users/justi/.pico-sdk/sdk/2.1.1/lib/tinyusb/src/device/usbd.c.obj
                0x10005df8                usbd_edpt_release
 .text.usbd_edpt_xfer
                0x10005e20       0x90 CMakeFiles/DCSBiosRP2350.dir/C_/Users/justi/.pico-sdk/sdk/2.1.1/lib/tinyusb/src/device/usbd.c.obj
                0x10005e20                usbd_edpt_xfer
 .text.usbd_edpt_stall
                0x10005eb0       0x3c CMakeFiles/DCSBiosRP2350.dir/C_/Users/justi/.pico-sdk/sdk/2.1.1/lib/tinyusb/src/device/usbd.c.obj
                0x10005eb0                usbd_edpt_stall
 .text.usbd_edpt_clear_stall
                0x10005eec       0x3c CMakeFiles/DCSBiosRP2350.dir/C_/Users/justi/.pico-sdk/sdk/2.1.1/lib/tinyusb/src/device/usbd.c.obj
                0x10005eec                usbd_edpt_clear_stall
 .text.usbd_edpt_stalled
                0x10005f28       0x1c CMakeFiles/DCSBiosRP2350.dir/C_/Users/justi/.pico-sdk/sdk/2.1.1/lib/tinyusb/src/device/usbd.c.obj
                0x10005f28                usbd_edpt_stalled
 .text.process_control_request
                0x10005f44      0x404 CMakeFiles/DCSBiosRP2350.dir/C_/Users/justi/.pico-sdk/sdk/2.1.1/lib/tinyusb/src/device/usbd.c.obj
 .text.tud_task_ext
                0x10006348      0x238 CMakeFiles/DCSBiosRP2350.dir/C_/Users/justi/.pico-sdk/sdk/2.1.1/lib/tinyusb/src/device/usbd.c.obj
                0x10006348                tud_task_ext
 .text.status_stage_xact
                0x10006580       0x1a CMakeFiles/DCSBiosRP2350.dir/C_/Users/justi/.pico-sdk/sdk/2.1.1/lib/tinyusb/src/device/usbd_control.c.obj
 *fill*         0x1000659a        0x2 
 .text.data_stage_xact
                0x1000659c       0x5c CMakeFiles/DCSBiosRP2350.dir/C_/Users/justi/.pico-sdk/sdk/2.1.1/lib/tinyusb/src/device/usbd_control.c.obj
 .text.tud_control_status
                0x100065f8       0x28 CMakeFiles/DCSBiosRP2350.dir/C_/Users/justi/.pico-sdk/sdk/2.1.1/lib/tinyusb/src/device/usbd_control.c.obj
                0x100065f8                tud_control_status
 .text.tud_control_xfer
                0x10006620       0xac CMakeFiles/DCSBiosRP2350.dir/C_/Users/justi/.pico-sdk/sdk/2.1.1/lib/tinyusb/src/device/usbd_control.c.obj
                0x10006620                tud_control_xfer
 .text.usbd_control_reset
                0x100066cc       0x14 CMakeFiles/DCSBiosRP2350.dir/C_/Users/justi/.pico-sdk/sdk/2.1.1/lib/tinyusb/src/device/usbd_control.c.obj
                0x100066cc                usbd_control_reset
 .text.usbd_control_set_complete_callback
                0x100066e0        0xc CMakeFiles/DCSBiosRP2350.dir/C_/Users/justi/.pico-sdk/sdk/2.1.1/lib/tinyusb/src/device/usbd_control.c.obj
                0x100066e0                usbd_control_set_complete_callback
 .text.usbd_control_set_request
                0x100066ec       0x1c CMakeFiles/DCSBiosRP2350.dir/C_/Users/justi/.pico-sdk/sdk/2.1.1/lib/tinyusb/src/device/usbd_control.c.obj
                0x100066ec                usbd_control_set_request
 .text.usbd_control_xfer_cb
                0x10006708      0x10c CMakeFiles/DCSBiosRP2350.dir/C_/Users/justi/.pico-sdk/sdk/2.1.1/lib/tinyusb/src/device/usbd_control.c.obj
                0x10006708                usbd_control_xfer_cb
 .text._prep_out_transaction
                0x10006814       0x94 CMakeFiles/DCSBiosRP2350.dir/C_/Users/justi/.pico-sdk/sdk/2.1.1/lib/tinyusb/src/class/cdc/cdc_device.c.obj
 .text.tud_cdc_n_connected
                0x100068a8       0x34 CMakeFiles/DCSBiosRP2350.dir/C_/Users/justi/.pico-sdk/sdk/2.1.1/lib/tinyusb/src/class/cdc/cdc_device.c.obj
                0x100068a8                tud_cdc_n_connected
 .text.tud_cdc_n_available
                0x100068dc       0x18 CMakeFiles/DCSBiosRP2350.dir/C_/Users/justi/.pico-sdk/sdk/2.1.1/lib/tinyusb/src/class/cdc/cdc_device.c.obj
                0x100068dc                tud_cdc_n_available
 .text.tud_cdc_n_read
                0x100068f4       0x34 CMakeFiles/DCSBiosRP2350.dir/C_/Users/justi/.pico-sdk/sdk/2.1.1/lib/tinyusb/src/class/cdc/cdc_device.c.obj
                0x100068f4                tud_cdc_n_read
 .text.tud_cdc_n_write_flush
                0x10006928       0xb8 CMakeFiles/DCSBiosRP2350.dir/C_/Users/justi/.pico-sdk/sdk/2.1.1/lib/tinyusb/src/class/cdc/cdc_device.c.obj
                0x10006928                tud_cdc_n_write_flush
 .text.tud_cdc_n_write
                0x100069e0       0x44 CMakeFiles/DCSBiosRP2350.dir/C_/Users/justi/.pico-sdk/sdk/2.1.1/lib/tinyusb/src/class/cdc/cdc_device.c.obj
                0x100069e0                tud_cdc_n_write
 .text.tud_cdc_n_write_available
                0x10006a24       0x1c CMakeFiles/DCSBiosRP2350.dir/C_/Users/justi/.pico-sdk/sdk/2.1.1/lib/tinyusb/src/class/cdc/cdc_device.c.obj
                0x10006a24                tud_cdc_n_write_available
 .text.cdcd_init
                0x10006a40       0xa4 CMakeFiles/DCSBiosRP2350.dir/C_/Users/justi/.pico-sdk/sdk/2.1.1/lib/tinyusb/src/class/cdc/cdc_device.c.obj
                0x10006a40                cdcd_init
 .text.cdcd_deinit
                0x10006ae4       0x40 CMakeFiles/DCSBiosRP2350.dir/C_/Users/justi/.pico-sdk/sdk/2.1.1/lib/tinyusb/src/class/cdc/cdc_device.c.obj
                0x10006ae4                cdcd_deinit
 .text.cdcd_reset
                0x10006b24       0x78 CMakeFiles/DCSBiosRP2350.dir/C_/Users/justi/.pico-sdk/sdk/2.1.1/lib/tinyusb/src/class/cdc/cdc_device.c.obj
                0x10006b24                cdcd_reset
 .text.cdcd_open
                0x10006b9c      0x124 CMakeFiles/DCSBiosRP2350.dir/C_/Users/justi/.pico-sdk/sdk/2.1.1/lib/tinyusb/src/class/cdc/cdc_device.c.obj
                0x10006b9c                cdcd_open
 .text.cdcd_control_xfer_cb
                0x10006cc0      0x120 CMakeFiles/DCSBiosRP2350.dir/C_/Users/justi/.pico-sdk/sdk/2.1.1/lib/tinyusb/src/class/cdc/cdc_device.c.obj
                0x10006cc0                cdcd_control_xfer_cb
 .text.cdcd_xfer_cb
                0x10006de0      0x138 CMakeFiles/DCSBiosRP2350.dir/C_/Users/justi/.pico-sdk/sdk/2.1.1/lib/tinyusb/src/class/cdc/cdc_device.c.obj
                0x10006de0                cdcd_xfer_cb
 .text.tud_vendor_n_mounted
                0x10006f18       0x30 CMakeFiles/DCSBiosRP2350.dir/C_/Users/justi/.pico-sdk/sdk/2.1.1/lib/tinyusb/src/class/vendor/vendor_device.c.obj
                0x10006f18                tud_vendor_n_mounted
 .text.tud_vendor_n_write_flush
                0x10006f48       0x20 CMakeFiles/DCSBiosRP2350.dir/C_/Users/justi/.pico-sdk/sdk/2.1.1/lib/tinyusb/src/class/vendor/vendor_device.c.obj
                0x10006f48                tud_vendor_n_write_flush
 .text.vendord_init
                0x10006f68       0x90 CMakeFiles/DCSBiosRP2350.dir/C_/Users/justi/.pico-sdk/sdk/2.1.1/lib/tinyusb/src/class/vendor/vendor_device.c.obj
                0x10006f68                vendord_init
 .text.vendord_deinit
                0x10006ff8       0x30 CMakeFiles/DCSBiosRP2350.dir/C_/Users/justi/.pico-sdk/sdk/2.1.1/lib/tinyusb/src/class/vendor/vendor_device.c.obj
                0x10006ff8                vendord_deinit
 .text.vendord_reset
                0x10007028       0x48 CMakeFiles/DCSBiosRP2350.dir/C_/Users/justi/.pico-sdk/sdk/2.1.1/lib/tinyusb/src/class/vendor/vendor_device.c.obj
                0x10007028                vendord_reset
 .text.vendord_open
                0x10007070      0x144 CMakeFiles/DCSBiosRP2350.dir/C_/Users/justi/.pico-sdk/sdk/2.1.1/lib/tinyusb/src/class/vendor/vendor_device.c.obj
                0x10007070                vendord_open
 .text.vendord_xfer_cb
                0x100071b4       0xb8 CMakeFiles/DCSBiosRP2350.dir/C_/Users/justi/.pico-sdk/sdk/2.1.1/lib/tinyusb/src/class/vendor/vendor_device.c.obj
                0x100071b4                vendord_xfer_cb
 .text.tusb_rhport_init
                0x1000726c       0xac CMakeFiles/DCSBiosRP2350.dir/C_/Users/justi/.pico-sdk/sdk/2.1.1/lib/tinyusb/src/tusb.c.obj
                0x1000726c                tusb_rhport_init
 .text.tu_edpt_claim
                0x10007318       0x50 CMakeFiles/DCSBiosRP2350.dir/C_/Users/justi/.pico-sdk/sdk/2.1.1/lib/tinyusb/src/tusb.c.obj
                0x10007318                tu_edpt_claim
 .text.tu_edpt_release
                0x10007368       0x3c CMakeFiles/DCSBiosRP2350.dir/C_/Users/justi/.pico-sdk/sdk/2.1.1/lib/tinyusb/src/tusb.c.obj
                0x10007368                tu_edpt_release
 .text.tu_edpt_validate
                0x100073a4       0xe0 CMakeFiles/DCSBiosRP2350.dir/C_/Users/justi/.pico-sdk/sdk/2.1.1/lib/tinyusb/src/tusb.c.obj
                0x100073a4                tu_edpt_validate
 .text.tu_edpt_bind_driver
                0x10007484       0x4a CMakeFiles/DCSBiosRP2350.dir/C_/Users/justi/.pico-sdk/sdk/2.1.1/lib/tinyusb/src/tusb.c.obj
                0x10007484                tu_edpt_bind_driver
 .text.tu_edpt_stream_init
                0x100074ce       0x54 CMakeFiles/DCSBiosRP2350.dir/C_/Users/justi/.pico-sdk/sdk/2.1.1/lib/tinyusb/src/tusb.c.obj
                0x100074ce                tu_edpt_stream_init
 .text.tu_edpt_stream_deinit
                0x10007522        0x4 CMakeFiles/DCSBiosRP2350.dir/C_/Users/justi/.pico-sdk/sdk/2.1.1/lib/tinyusb/src/tusb.c.obj
                0x10007522                tu_edpt_stream_deinit
 *fill*         0x10007526        0x2 
 .text.tu_edpt_stream_write_zlp_if_needed
                0x10007528       0x90 CMakeFiles/DCSBiosRP2350.dir/C_/Users/justi/.pico-sdk/sdk/2.1.1/lib/tinyusb/src/tusb.c.obj
                0x10007528                tu_edpt_stream_write_zlp_if_needed
 .text.tu_edpt_stream_write_xfer
                0x100075b8       0x98 CMakeFiles/DCSBiosRP2350.dir/C_/Users/justi/.pico-sdk/sdk/2.1.1/lib/tinyusb/src/tusb.c.obj
                0x100075b8                tu_edpt_stream_write_xfer
 .text.tu_edpt_stream_read_xfer
                0x10007650      0x118 CMakeFiles/DCSBiosRP2350.dir/C_/Users/justi/.pico-sdk/sdk/2.1.1/lib/tinyusb/src/tusb.c.obj
                0x10007650                tu_edpt_stream_read_xfer
 .text.advance_index
                0x10007768       0x1a CMakeFiles/DCSBiosRP2350.dir/C_/Users/justi/.pico-sdk/sdk/2.1.1/lib/tinyusb/src/common/tusb_fifo.c.obj
 .text._tu_fifo_peek
                0x10007782       0x62 CMakeFiles/DCSBiosRP2350.dir/C_/Users/justi/.pico-sdk/sdk/2.1.1/lib/tinyusb/src/common/tusb_fifo.c.obj
 .text._ff_pull_n
                0x100077e4       0x68 CMakeFiles/DCSBiosRP2350.dir/C_/Users/justi/.pico-sdk/sdk/2.1.1/lib/tinyusb/src/common/tusb_fifo.c.obj
 .text._tu_fifo_peek_n
                0x1000784c       0x6a CMakeFiles/DCSBiosRP2350.dir/C_/Users/justi/.pico-sdk/sdk/2.1.1/lib/tinyusb/src/common/tusb_fifo.c.obj
 .text._tu_fifo_read_n
                0x100078b6       0x4c CMakeFiles/DCSBiosRP2350.dir/C_/Users/justi/.pico-sdk/sdk/2.1.1/lib/tinyusb/src/common/tusb_fifo.c.obj
 .text._ff_push_n
                0x10007902       0x66 CMakeFiles/DCSBiosRP2350.dir/C_/Users/justi/.pico-sdk/sdk/2.1.1/lib/tinyusb/src/common/tusb_fifo.c.obj
 .text._tu_fifo_write_n
                0x10007968       0xf0 CMakeFiles/DCSBiosRP2350.dir/C_/Users/justi/.pico-sdk/sdk/2.1.1/lib/tinyusb/src/common/tusb_fifo.c.obj
 .text.tu_fifo_config
                0x10007a58       0x62 CMakeFiles/DCSBiosRP2350.dir/C_/Users/justi/.pico-sdk/sdk/2.1.1/lib/tinyusb/src/common/tusb_fifo.c.obj
                0x10007a58                tu_fifo_config
 .text.tu_fifo_count
                0x10007aba       0x28 CMakeFiles/DCSBiosRP2350.dir/C_/Users/justi/.pico-sdk/sdk/2.1.1/lib/tinyusb/src/common/tusb_fifo.c.obj
                0x10007aba                tu_fifo_count
 .text.tu_fifo_empty
                0x10007ae2       0x12 CMakeFiles/DCSBiosRP2350.dir/C_/Users/justi/.pico-sdk/sdk/2.1.1/lib/tinyusb/src/common/tusb_fifo.c.obj
                0x10007ae2                tu_fifo_empty
 .text.tu_fifo_full
                0x10007af4       0x28 CMakeFiles/DCSBiosRP2350.dir/C_/Users/justi/.pico-sdk/sdk/2.1.1/lib/tinyusb/src/common/tusb_fifo.c.obj
                0x10007af4                tu_fifo_full
 .text.tu_fifo_remaining
                0x10007b1c       0x2c CMakeFiles/DCSBiosRP2350.dir/C_/Users/justi/.pico-sdk/sdk/2.1.1/lib/tinyusb/src/common/tusb_fifo.c.obj
                0x10007b1c                tu_fifo_remaining
 .text.tu_fifo_read
                0x10007b48       0x3e CMakeFiles/DCSBiosRP2350.dir/C_/Users/justi/.pico-sdk/sdk/2.1.1/lib/tinyusb/src/common/tusb_fifo.c.obj
                0x10007b48                tu_fifo_read
 .text.tu_fifo_read_n
                0x10007b86        0xa CMakeFiles/DCSBiosRP2350.dir/C_/Users/justi/.pico-sdk/sdk/2.1.1/lib/tinyusb/src/common/tusb_fifo.c.obj
                0x10007b86                tu_fifo_read_n
 .text.tu_fifo_write
                0x10007b90       0x5e CMakeFiles/DCSBiosRP2350.dir/C_/Users/justi/.pico-sdk/sdk/2.1.1/lib/tinyusb/src/common/tusb_fifo.c.obj
                0x10007b90                tu_fifo_write
 .text.tu_fifo_write_n
                0x10007bee        0xa CMakeFiles/DCSBiosRP2350.dir/C_/Users/justi/.pico-sdk/sdk/2.1.1/lib/tinyusb/src/common/tusb_fifo.c.obj
                0x10007bee                tu_fifo_write_n
 .text.tu_fifo_clear
                0x10007bf8       0x36 CMakeFiles/DCSBiosRP2350.dir/C_/Users/justi/.pico-sdk/sdk/2.1.1/lib/tinyusb/src/common/tusb_fifo.c.obj
                0x10007bf8                tu_fifo_clear
 .text.tu_fifo_set_overwritable
                0x10007c2e       0x3a CMakeFiles/DCSBiosRP2350.dir/C_/Users/justi/.pico-sdk/sdk/2.1.1/lib/tinyusb/src/common/tusb_fifo.c.obj
                0x10007c2e                tu_fifo_set_overwritable
 .text.core1_trampoline
                0x10007c68        0x2 CMakeFiles/DCSBiosRP2350.dir/C_/Users/justi/.pico-sdk/sdk/2.1.1/src/rp2_common/pico_multicore/multicore.c.obj
 .text.core1_wrapper
                0x10007c6a        0xc CMakeFiles/DCSBiosRP2350.dir/C_/Users/justi/.pico-sdk/sdk/2.1.1/src/rp2_common/pico_multicore/multicore.c.obj
                0x10007c6a                core1_wrapper
 .text.multicore_fifo_push_blocking
                0x10007c76       0x16 CMakeFiles/DCSBiosRP2350.dir/C_/Users/justi/.pico-sdk/sdk/2.1.1/src/rp2_common/pico_multicore/multicore.c.obj
                0x10007c76                multicore_fifo_push_blocking
 .text.multicore_fifo_push_timeout_us
                0x10007c8c       0x64 CMakeFiles/DCSBiosRP2350.dir/C_/Users/justi/.pico-sdk/sdk/2.1.1/src/rp2_common/pico_multicore/multicore.c.obj
                0x10007c8c                multicore_fifo_push_timeout_us
 .text.multicore_fifo_pop_blocking
                0x10007cf0       0x18 CMakeFiles/DCSBiosRP2350.dir/C_/Users/justi/.pico-sdk/sdk/2.1.1/src/rp2_common/pico_multicore/multicore.c.obj
                0x10007cf0                multicore_fifo_pop_blocking
 .text.multicore_launch_core1_raw
                0x10007d08       0x7a CMakeFiles/DCSBiosRP2350.dir/C_/Users/justi/.pico-sdk/sdk/2.1.1/src/rp2_common/pico_multicore/multicore.c.obj
                0x10007d08                multicore_launch_core1_raw
 *fill*         0x10007d82        0x2 
 .text.multicore_launch_core1_with_stack
                0x10007d84       0x50 CMakeFiles/DCSBiosRP2350.dir/C_/Users/justi/.pico-sdk/sdk/2.1.1/src/rp2_common/pico_multicore/multicore.c.obj
                0x10007d84                multicore_launch_core1_with_stack
 .text.multicore_launch_core1
                0x10007dd4       0x24 CMakeFiles/DCSBiosRP2350.dir/C_/Users/justi/.pico-sdk/sdk/2.1.1/src/rp2_common/pico_multicore/multicore.c.obj
                0x10007dd4                multicore_launch_core1
 .text.i2c_write_blocking_internal
                0x10007df8      0x124 CMakeFiles/DCSBiosRP2350.dir/C_/Users/justi/.pico-sdk/sdk/2.1.1/src/rp2_common/hardware_i2c/i2c.c.obj
 .text.i2c_read_blocking_internal
                0x10007f1c       0xca CMakeFiles/DCSBiosRP2350.dir/C_/Users/justi/.pico-sdk/sdk/2.1.1/src/rp2_common/hardware_i2c/i2c.c.obj
 .text.i2c_write_blocking
                0x10007fe6       0x18 CMakeFiles/DCSBiosRP2350.dir/C_/Users/justi/.pico-sdk/sdk/2.1.1/src/rp2_common/hardware_i2c/i2c.c.obj
                0x10007fe6                i2c_write_blocking
 .text.i2c_read_blocking
                0x10007ffe       0x18 CMakeFiles/DCSBiosRP2350.dir/C_/Users/justi/.pico-sdk/sdk/2.1.1/src/rp2_common/hardware_i2c/i2c.c.obj
                0x10007ffe                i2c_read_blocking
 .text.pio_get_default_sm_config
                0x10008016       0x2c CMakeFiles/DCSBiosRP2350.dir/C_/Users/justi/.pico-sdk/sdk/2.1.1/src/rp2_common/hardware_pio/pio.c.obj
 *fill*         0x10008042        0x2 
 .text.pio_sm_set_config
                0x10008044       0x84 CMakeFiles/DCSBiosRP2350.dir/C_/Users/justi/.pico-sdk/sdk/2.1.1/src/rp2_common/hardware_pio/pio.c.obj
 .text.pio_set_gpio_base_unsafe
                0x100080c8       0x34 CMakeFiles/DCSBiosRP2350.dir/C_/Users/justi/.pico-sdk/sdk/2.1.1/src/rp2_common/hardware_pio/pio.c.obj
 .text.is_gpio_compatible
                0x100080fc       0x22 CMakeFiles/DCSBiosRP2350.dir/C_/Users/justi/.pico-sdk/sdk/2.1.1/src/rp2_common/hardware_pio/pio.c.obj
 .text.is_program_gpio_compatible
                0x1000811e        0xa CMakeFiles/DCSBiosRP2350.dir/C_/Users/justi/.pico-sdk/sdk/2.1.1/src/rp2_common/hardware_pio/pio.c.obj
 .text.add_program_at_offset_check
                0x10008128       0x54 CMakeFiles/DCSBiosRP2350.dir/C_/Users/justi/.pico-sdk/sdk/2.1.1/src/rp2_common/hardware_pio/pio.c.obj
 .text.add_program_at_offset
                0x1000817c       0x7c CMakeFiles/DCSBiosRP2350.dir/C_/Users/justi/.pico-sdk/sdk/2.1.1/src/rp2_common/hardware_pio/pio.c.obj
 .text.find_offset_for_program
                0x100081f8       0x78 CMakeFiles/DCSBiosRP2350.dir/C_/Users/justi/.pico-sdk/sdk/2.1.1/src/rp2_common/hardware_pio/pio.c.obj
 .text.pio_sm_unclaim
                0x10008270       0x1c CMakeFiles/DCSBiosRP2350.dir/C_/Users/justi/.pico-sdk/sdk/2.1.1/src/rp2_common/hardware_pio/pio.c.obj
                0x10008270                pio_sm_unclaim
 .text.pio_claim_unused_sm
                0x1000828c       0x38 CMakeFiles/DCSBiosRP2350.dir/C_/Users/justi/.pico-sdk/sdk/2.1.1/src/rp2_common/hardware_pio/pio.c.obj
                0x1000828c                pio_claim_unused_sm
 .text.pio_can_add_program
                0x100082c4       0x34 CMakeFiles/DCSBiosRP2350.dir/C_/Users/justi/.pico-sdk/sdk/2.1.1/src/rp2_common/hardware_pio/pio.c.obj
                0x100082c4                pio_can_add_program
 .text.pio_add_program
                0x100082f8       0x30 CMakeFiles/DCSBiosRP2350.dir/C_/Users/justi/.pico-sdk/sdk/2.1.1/src/rp2_common/hardware_pio/pio.c.obj
                0x100082f8                pio_add_program
 .text.pio_sm_set_pins_with_mask_internal
                0x10008328       0x6e CMakeFiles/DCSBiosRP2350.dir/C_/Users/justi/.pico-sdk/sdk/2.1.1/src/rp2_common/hardware_pio/pio.c.obj
                0x10008328                pio_sm_set_pins_with_mask_internal
 .text.pio_sm_set_pins_with_mask
                0x10008396       0x14 CMakeFiles/DCSBiosRP2350.dir/C_/Users/justi/.pico-sdk/sdk/2.1.1/src/rp2_common/hardware_pio/pio.c.obj
                0x10008396                pio_sm_set_pins_with_mask
 .text.pio_sm_set_pindirs_with_mask_internal
                0x100083aa       0x72 CMakeFiles/DCSBiosRP2350.dir/C_/Users/justi/.pico-sdk/sdk/2.1.1/src/rp2_common/hardware_pio/pio.c.obj
                0x100083aa                pio_sm_set_pindirs_with_mask_internal
 .text.pio_sm_set_pindirs_with_mask
                0x1000841c       0x14 CMakeFiles/DCSBiosRP2350.dir/C_/Users/justi/.pico-sdk/sdk/2.1.1/src/rp2_common/hardware_pio/pio.c.obj
                0x1000841c                pio_sm_set_pindirs_with_mask
 .text.pio_sm_set_consecutive_pindirs
                0x10008430       0x9e CMakeFiles/DCSBiosRP2350.dir/C_/Users/justi/.pico-sdk/sdk/2.1.1/src/rp2_common/hardware_pio/pio.c.obj
                0x10008430                pio_sm_set_consecutive_pindirs
 .text.pio_sm_init
                0x100084ce       0x7e CMakeFiles/DCSBiosRP2350.dir/C_/Users/justi/.pico-sdk/sdk/2.1.1/src/rp2_common/hardware_pio/pio.c.obj
                0x100084ce                pio_sm_init
 .text.pio_sm_drain_tx_fifo
                0x1000854c       0x42 CMakeFiles/DCSBiosRP2350.dir/C_/Users/justi/.pico-sdk/sdk/2.1.1/src/rp2_common/hardware_pio/pio.c.obj
                0x1000854c                pio_sm_drain_tx_fifo
 .text.pio_claim_free_sm_and_add_program_for_gpio_range
                0x1000858e      0x122 CMakeFiles/DCSBiosRP2350.dir/C_/Users/justi/.pico-sdk/sdk/2.1.1/src/rp2_common/hardware_pio/pio.c.obj
                0x1000858e                pio_claim_free_sm_and_add_program_for_gpio_range
 .text.malloc   0x100086b0       0x10 C:/Users/justi/.pico-sdk/toolchain/14_2_Rel1/bin/../lib/gcc/arm-none-eabi/14.2.1/thumb/v8-m.main+fp/softfp\libg.a(libc_a-malloc.o)
                0x100086b0                malloc
 .text.free     0x100086c0       0x10 C:/Users/justi/.pico-sdk/toolchain/14_2_Rel1/bin/../lib/gcc/arm-none-eabi/14.2.1/thumb/v8-m.main+fp/softfp\libg.a(libc_a-malloc.o)
                0x100086c0                free
 .text._malloc_r
                0x100086d0      0x578 C:/Users/justi/.pico-sdk/toolchain/14_2_Rel1/bin/../lib/gcc/arm-none-eabi/14.2.1/thumb/v8-m.main+fp/softfp\libg.a(libc_a-mallocr.o)
                0x100086d0                _malloc_r
 .text.__malloc_lock
                0x10008c48        0xc C:/Users/justi/.pico-sdk/toolchain/14_2_Rel1/bin/../lib/gcc/arm-none-eabi/14.2.1/thumb/v8-m.main+fp/softfp\libg.a(libc_a-mlock.o)
                0x10008c48                __malloc_lock
 .text.__malloc_unlock
                0x10008c54        0xc C:/Users/justi/.pico-sdk/toolchain/14_2_Rel1/bin/../lib/gcc/arm-none-eabi/14.2.1/thumb/v8-m.main+fp/softfp\libg.a(libc_a-mlock.o)
                0x10008c54                __malloc_unlock
 .text.srand    0x10008c60       0x10 C:/Users/justi/.pico-sdk/toolchain/14_2_Rel1/bin/../lib/gcc/arm-none-eabi/14.2.1/thumb/v8-m.main+fp/softfp\libg.a(libc_a-rand.o)
                0x10008c60                srand
 .text.rand     0x10008c70       0x40 C:/Users/justi/.pico-sdk/toolchain/14_2_Rel1/bin/../lib/gcc/arm-none-eabi/14.2.1/thumb/v8-m.main+fp/softfp\libg.a(libc_a-rand.o)
                0x10008c70                rand
 .text.memset   0x10008cb0       0x9c C:/Users/justi/.pico-sdk/toolchain/14_2_Rel1/bin/../lib/gcc/arm-none-eabi/14.2.1/thumb/v8-m.main+fp/softfp\libg.a(libc_a-memset.o)
                0x10008cb0                memset
 .text._sbrk_r  0x10008d4c       0x24 C:/Users/justi/.pico-sdk/toolchain/14_2_Rel1/bin/../lib/gcc/arm-none-eabi/14.2.1/thumb/v8-m.main+fp/softfp\libg.a(libc_a-sbrkr.o)
                0x10008d4c                _sbrk_r
 .text.__errno  0x10008d70        0xc C:/Users/justi/.pico-sdk/toolchain/14_2_Rel1/bin/../lib/gcc/arm-none-eabi/14.2.1/thumb/v8-m.main+fp/softfp\libg.a(libc_a-errno.o)
                0x10008d70                __errno
 .text.__retarget_lock_acquire_recursive
                0x10008d7c        0x4 C:/Users/justi/.pico-sdk/toolchain/14_2_Rel1/bin/../lib/gcc/arm-none-eabi/14.2.1/thumb/v8-m.main+fp/softfp\libg.a(libc_a-lock.o)
                0x10008d7c                __retarget_lock_acquire_recursive
 .text.__retarget_lock_release_recursive
                0x10008d80        0x4 C:/Users/justi/.pico-sdk/toolchain/14_2_Rel1/bin/../lib/gcc/arm-none-eabi/14.2.1/thumb/v8-m.main+fp/softfp\libg.a(libc_a-lock.o)
                0x10008d80                __retarget_lock_release_recursive
 .text.sysconf  0x10008d84       0x1c C:/Users/justi/.pico-sdk/toolchain/14_2_Rel1/bin/../lib/gcc/arm-none-eabi/14.2.1/thumb/v8-m.main+fp/softfp\libg.a(libc_a-sysconf.o)
                0x10008d84                sysconf
 .text          0x10008da0      0x1bc C:/Users/justi/.pico-sdk/toolchain/14_2_Rel1/bin/../lib/gcc/arm-none-eabi/14.2.1/thumb/v8-m.main+fp/softfp\libg.a(libc_a-strcmp.o)
                0x10008da0                strcmp
 .text          0x10008f5c       0xec C:/Users/justi/.pico-sdk/toolchain/14_2_Rel1/bin/../lib/gcc/arm-none-eabi/14.2.1/thumb/v8-m.main+fp/softfp\libg.a(libc_a-memcpy.o)
                0x10008f5c                memcpy
 .text.strlen   0x10009048       0x5c C:/Users/justi/.pico-sdk/toolchain/14_2_Rel1/bin/../lib/gcc/arm-none-eabi/14.2.1/thumb/v8-m.main+fp/softfp\libg.a(libc_a-strlen-stub.o)
                0x10009048                strlen
 .text._malloc_trim_r
                0x100090a4       0xb8 C:/Users/justi/.pico-sdk/toolchain/14_2_Rel1/bin/../lib/gcc/arm-none-eabi/14.2.1/thumb/v8-m.main+fp/softfp\libg.a(libc_a-freer.o)
                0x100090a4                _malloc_trim_r
 .text._free_r  0x1000915c      0x1e8 C:/Users/justi/.pico-sdk/toolchain/14_2_Rel1/bin/../lib/gcc/arm-none-eabi/14.2.1/thumb/v8-m.main+fp/softfp\libg.a(libc_a-freer.o)
                0x1000915c                _free_r
 *(.fini)
 .fini          0x10009344        0x4 C:/Users/justi/.pico-sdk/toolchain/14_2_Rel1/bin/../lib/gcc/arm-none-eabi/14.2.1/thumb/v8-m.main+fp/softfp/crti.o
                0x10009344                _fini
 .fini.__stub   0x10009348       0x60 linker stubs
 *crtbegin.o(.ctors)
 *crtbegin?.o(.ctors)
 *(EXCLUDE_FILE(*crtend.o *crtend?.o) .ctors)
 *(SORT_BY_NAME(.ctors.*))
 *(.ctors)
 *crtbegin.o(.dtors)
 *crtbegin?.o(.dtors)
 *(EXCLUDE_FILE(*crtend.o *crtend?.o) .dtors)
 *(SORT_BY_NAME(.dtors.*))
 *(.dtors)
                0x100093a8                        . = ALIGN (0x4)
                0x100093a8                        PROVIDE (__preinit_array_start = .)
 *(SORT_BY_NAME(.preinit_array.*))
 .preinit_array.00050
                0x100093a8        0x4 CMakeFiles/DCSBiosRP2350.dir/C_/Users/justi/.pico-sdk/sdk/2.1.1/src/rp2_common/pico_runtime_init/runtime_init.c.obj
                0x100093a8                __pre_init_runtime_init_bootrom_reset
 .preinit_array.00100
                0x100093ac        0x4 CMakeFiles/DCSBiosRP2350.dir/C_/Users/justi/.pico-sdk/sdk/2.1.1/src/rp2_common/pico_runtime_init/runtime_init.c.obj
                0x100093ac                __pre_init_runtime_init_early_resets
 .preinit_array.00101
                0x100093b0        0x4 CMakeFiles/DCSBiosRP2350.dir/C_/Users/justi/.pico-sdk/sdk/2.1.1/src/rp2_common/pico_runtime_init/runtime_init.c.obj
                0x100093b0                __pre_init_runtime_init_usb_power_down
 .preinit_array.00500
                0x100093b4        0x4 CMakeFiles/DCSBiosRP2350.dir/C_/Users/justi/.pico-sdk/sdk/2.1.1/src/rp2_common/pico_runtime_init/runtime_init.c.obj
                0x100093b4                __pre_init_runtime_init_clocks
 .preinit_array.00600
                0x100093b8        0x4 CMakeFiles/DCSBiosRP2350.dir/C_/Users/justi/.pico-sdk/sdk/2.1.1/src/rp2_common/pico_runtime_init/runtime_init.c.obj
                0x100093b8                __pre_init_runtime_init_post_clock_resets
 .preinit_array.01000
                0x100093bc        0x4 CMakeFiles/DCSBiosRP2350.dir/C_/Users/justi/.pico-sdk/sdk/2.1.1/src/rp2_common/hardware_boot_lock/boot_lock.c.obj
                0x100093bc                __pre_init_runtime_init_boot_locks_reset
 .preinit_array.01000
                0x100093c0        0x4 CMakeFiles/DCSBiosRP2350.dir/C_/Users/justi/.pico-sdk/sdk/2.1.1/src/rp2_common/pico_runtime_init/runtime_init.c.obj
                0x100093c0                __pre_init_runtime_init_spin_locks_reset
 .preinit_array.01010
                0x100093c4        0x4 CMakeFiles/DCSBiosRP2350.dir/C_/Users/justi/.pico-sdk/sdk/2.1.1/src/rp2_common/pico_bootrom/bootrom_lock.c.obj
                0x100093c4                __pre_init_runtime_init_bootrom_locking_enable
 .preinit_array.01100
                0x100093c8        0x4 CMakeFiles/DCSBiosRP2350.dir/C_/Users/justi/.pico-sdk/sdk/2.1.1/src/common/pico_sync/mutex.c.obj
                0x100093c8                __pre_init_runtime_init_mutex
 .preinit_array.10080
                0x100093cc        0x4 CMakeFiles/DCSBiosRP2350.dir/C_/Users/justi/.pico-sdk/sdk/2.1.1/src/rp2_common/pico_runtime_init/runtime_init.c.obj
                0x100093cc                __pre_init_runtime_init_install_ram_vector_table
 .preinit_array.11000